Archive member included to satisfy reference by file (symbol)

e:/compiler/bin/../lib/gcc/arm-none-eabi/10.2.1/thumb/v7e-m+fp/hard\libgcc.a(_arm_muldf3.o)
                              CMakeFiles/TwisterDriver.elf.dir/UserApp/FOC/FOC.c.obj (__aeabi_dmul)
e:/compiler/bin/../lib/gcc/arm-none-eabi/10.2.1/thumb/v7e-m+fp/hard\libgcc.a(_arm_addsubdf3.o)
                              CMakeFiles/TwisterDriver.elf.dir/UserApp/FOC/Filter.c.obj (__aeabi_dsub)
e:/compiler/bin/../lib/gcc/arm-none-eabi/10.2.1/thumb/v7e-m+fp/hard\libgcc.a(_arm_muldivdf3.o)
                              CMakeFiles/TwisterDriver.elf.dir/UserApp/FOC/FOC.c.obj (__aeabi_ddiv)
e:/compiler/bin/../lib/gcc/arm-none-eabi/10.2.1/thumb/v7e-m+fp/hard\libgcc.a(_arm_cmpdf2.o)
                              CMakeFiles/TwisterDriver.elf.dir/UserApp/cJSON/cJSON.c.obj (__aeabi_dcmpeq)
e:/compiler/bin/../lib/gcc/arm-none-eabi/10.2.1/thumb/v7e-m+fp/hard\libgcc.a(_arm_unorddf2.o)
                              CMakeFiles/TwisterDriver.elf.dir/UserApp/cJSON/cJSON.c.obj (__aeabi_dcmpun)
e:/compiler/bin/../lib/gcc/arm-none-eabi/10.2.1/thumb/v7e-m+fp/hard\libgcc.a(_arm_fixdfsi.o)
                              CMakeFiles/TwisterDriver.elf.dir/UserApp/FOC/FOC.c.obj (__aeabi_d2iz)
e:/compiler/bin/../lib/gcc/arm-none-eabi/10.2.1/thumb/v7e-m+fp/hard\libgcc.a(_arm_truncdfsf2.o)
                              CMakeFiles/TwisterDriver.elf.dir/UserApp/FOC/FOC.c.obj (__aeabi_d2f)
e:/compiler/bin/../lib/gcc/arm-none-eabi/10.2.1/thumb/v7e-m+fp/hard\libgcc.a(_aeabi_uldivmod.o)
                              CMakeFiles/TwisterDriver.elf.dir/Drivers/STM32G4xx_HAL_Driver/Src/stm32g4xx_hal_uart.c.obj (__aeabi_uldivmod)
e:/compiler/bin/../lib/gcc/arm-none-eabi/10.2.1/thumb/v7e-m+fp/hard\libgcc.a(_udivmoddi4.o)
                              e:/compiler/bin/../lib/gcc/arm-none-eabi/10.2.1/thumb/v7e-m+fp/hard\libgcc.a(_aeabi_uldivmod.o) (__udivmoddi4)
e:/compiler/bin/../lib/gcc/arm-none-eabi/10.2.1/thumb/v7e-m+fp/hard\libgcc.a(_dvmd_tls.o)
                              e:/compiler/bin/../lib/gcc/arm-none-eabi/10.2.1/thumb/v7e-m+fp/hard\libgcc.a(_aeabi_uldivmod.o) (__aeabi_ldiv0)
e:/compiler/bin/../lib/gcc/arm-none-eabi/10.2.1/../../../../arm-none-eabi/lib/thumb/v7e-m+fp/hard\libg.a(lib_a-atof.o)
                              CMakeFiles/TwisterDriver.elf.dir/UserApp/retarget/retarget.c.obj (atof)
e:/compiler/bin/../lib/gcc/arm-none-eabi/10.2.1/../../../../arm-none-eabi/lib/thumb/v7e-m+fp/hard\libg.a(lib_a-ctype_.o)
                              CMakeFiles/TwisterDriver.elf.dir/UserApp/cJSON/cJSON.c.obj (_ctype_)
e:/compiler/bin/../lib/gcc/arm-none-eabi/10.2.1/../../../../arm-none-eabi/lib/thumb/v7e-m+fp/hard\libg.a(lib_a-errno.o)
                              CMakeFiles/TwisterDriver.elf.dir/Core/Src/syscalls.c.obj (__errno)
e:/compiler/bin/../lib/gcc/arm-none-eabi/10.2.1/../../../../arm-none-eabi/lib/thumb/v7e-m+fp/hard\libg.a(lib_a-exit.o)
                              e:/compiler/bin/../lib/gcc/arm-none-eabi/10.2.1/../../../../arm-none-eabi/lib/thumb/v7e-m+fp/hard/crt0.o (exit)
e:/compiler/bin/../lib/gcc/arm-none-eabi/10.2.1/../../../../arm-none-eabi/lib/thumb/v7e-m+fp/hard\libg.a(lib_a-impure.o)
                              e:/compiler/bin/../lib/gcc/arm-none-eabi/10.2.1/../../../../arm-none-eabi/lib/thumb/v7e-m+fp/hard\libg.a(lib_a-exit.o) (_global_impure_ptr)
e:/compiler/bin/../lib/gcc/arm-none-eabi/10.2.1/../../../../arm-none-eabi/lib/thumb/v7e-m+fp/hard\libg.a(lib_a-init.o)
                              e:/compiler/bin/../lib/gcc/arm-none-eabi/10.2.1/../../../../arm-none-eabi/lib/thumb/v7e-m+fp/hard/crt0.o (__libc_init_array)
e:/compiler/bin/../lib/gcc/arm-none-eabi/10.2.1/../../../../arm-none-eabi/lib/thumb/v7e-m+fp/hard\libg.a(lib_a-itoa.o)
                              CMakeFiles/TwisterDriver.elf.dir/UserApp/LCD/gui.c.obj (itoa)
e:/compiler/bin/../lib/gcc/arm-none-eabi/10.2.1/../../../../arm-none-eabi/lib/thumb/v7e-m+fp/hard\libg.a(lib_a-malloc.o)
                              CMakeFiles/TwisterDriver.elf.dir/UserApp/LCD/st7735.c.obj (malloc)
e:/compiler/bin/../lib/gcc/arm-none-eabi/10.2.1/../../../../arm-none-eabi/lib/thumb/v7e-m+fp/hard\libg.a(lib_a-mallocr.o)
                              e:/compiler/bin/../lib/gcc/arm-none-eabi/10.2.1/../../../../arm-none-eabi/lib/thumb/v7e-m+fp/hard\libg.a(lib_a-malloc.o) (_malloc_r)
e:/compiler/bin/../lib/gcc/arm-none-eabi/10.2.1/../../../../arm-none-eabi/lib/thumb/v7e-m+fp/hard\libg.a(lib_a-memcpy.o)
                              CMakeFiles/TwisterDriver.elf.dir/Core/Src/main.c.obj (memcpy)
e:/compiler/bin/../lib/gcc/arm-none-eabi/10.2.1/../../../../arm-none-eabi/lib/thumb/v7e-m+fp/hard\libg.a(lib_a-memset.o)
                              e:/compiler/bin/../lib/gcc/arm-none-eabi/10.2.1/../../../../arm-none-eabi/lib/thumb/v7e-m+fp/hard/crt0.o (memset)
e:/compiler/bin/../lib/gcc/arm-none-eabi/10.2.1/../../../../arm-none-eabi/lib/thumb/v7e-m+fp/hard\libg.a(lib_a-mlock.o)
[...]
Memory Configuration

Name             Origin             Length             Attributes
RAM              0x20000000         0x00008000         xrw
FLASH            0x08000000         0x00020000         xr
*default*        0x00000000         0xffffffff

Linker script and memory map

LOAD e:/compiler/bin/../lib/gcc/arm-none-eabi/10.2.1/thumb/v7e-m+fp/hard/crti.o
LOAD e:/compiler/bin/../lib/gcc/arm-none-eabi/10.2.1/thumb/v7e-m+fp/hard/crtbegin.o
LOAD e:/compiler/bin/../lib/gcc/arm-none-eabi/10.2.1/../../../../arm-none-eabi/lib/thumb/v7e-m+fp/hard/crt0.o
LOAD CMakeFiles/TwisterDriver.elf.dir/Core/Src/app_freertos.c.obj
LOAD CMakeFiles/TwisterDriver.elf.dir/Core/Src/main.c.obj
LOAD CMakeFiles/TwisterDriver.elf.dir/Core/Src/stm32g4xx_hal_msp.c.obj
LOAD CMakeFiles/TwisterDriver.elf.dir/Core/Src/stm32g4xx_it.c.obj
LOAD CMakeFiles/TwisterDriver.elf.dir/Core/Src/syscalls.c.obj
LOAD CMakeFiles/TwisterDriver.elf.dir/Core/Src/sysmem.c.obj
LOAD CMakeFiles/TwisterDriver.elf.dir/Core/Src/system_stm32g4xx.c.obj
LOAD CMakeFiles/TwisterDriver.elf.dir/Core/Startup/startup_stm32g431rbtx.s.obj
LOAD CMakeFiles/TwisterDriver.elf.dir/Drivers/STM32G4xx_HAL_Driver/Src/stm32g4xx_hal.c.obj
LOAD CMakeFiles/TwisterDriver.elf.dir/Drivers/STM32G4xx_HAL_Driver/Src/stm32g4xx_hal_adc.c.obj
LOAD CMakeFiles/TwisterDriver.elf.dir/Drivers/STM32G4xx_HAL_Driver/Src/stm32g4xx_hal_adc_ex.c.obj
LOAD CMakeFiles/TwisterDriver.elf.dir/Drivers/STM32G4xx_HAL_Driver/Src/stm32g4xx_hal_cortex.c.obj
LOAD CMakeFiles/TwisterDriver.elf.dir/Drivers/STM32G4xx_HAL_Driver/Src/stm32g4xx_hal_dma.c.obj
LOAD CMakeFiles/TwisterDriver.elf.dir/Drivers/STM32G4xx_HAL_Driver/Src/stm32g4xx_hal_dma_ex.c.obj
LOAD CMakeFiles/TwisterDriver.elf.dir/Drivers/STM32G4xx_HAL_Driver/Src/stm32g4xx_hal_exti.c.obj
LOAD CMakeFiles/TwisterDriver.elf.dir/Drivers/STM32G4xx_HAL_Driver/Src/stm32g4xx_hal_fdcan.c.obj
LOAD CMakeFiles/TwisterDriver.elf.dir/Drivers/STM32G4xx_HAL_Driver/Src/stm32g4xx_hal_flash.c.obj
LOAD CMakeFiles/TwisterDriver.elf.dir/Drivers/STM32G4xx_HAL_Driver/Src/stm32g4xx_hal_flash_ex.c.obj
LOAD CMakeFiles/TwisterDriver.elf.dir/Drivers/STM32G4xx_HAL_Driver/Src/stm32g4xx_hal_flash_ramfunc.c.obj
LOAD CMakeFiles/TwisterDriver.elf.dir/Drivers/STM32G4xx_HAL_Driver/Src/stm32g4xx_hal_gpio.c.obj
LOAD CMakeFiles/TwisterDriver.elf.dir/Drivers/STM32G4xx_HAL_Driver/Src/stm32g4xx_hal_i2c.c.obj
LOAD CMakeFiles/TwisterDriver.elf.dir/Drivers/STM32G4xx_HAL_Driver/Src/stm32g4xx_hal_i2c_ex.c.obj
LOAD CMakeFiles/TwisterDriver.elf.dir/Drivers/STM32G4xx_HAL_Driver/Src/stm32g4xx_hal_pwr.c.obj
LOAD CMakeFiles/TwisterDriver.elf.dir/Drivers/STM32G4xx_HAL_Driver/Src/stm32g4xx_hal_pwr_ex.c.obj
LOAD CMakeFiles/TwisterDriver.elf.dir/Drivers/STM32G4xx_HAL_Driver/Src/stm32g4xx_hal_rcc.c.obj
LOAD CMakeFiles/TwisterDriver.elf.dir/Drivers/STM32G4xx_HAL_Driver/Src/stm32g4xx_hal_rcc_ex.c.obj
LOAD CMakeFiles/TwisterDriver.elf.dir/Drivers/STM32G4xx_HAL_Driver/Src/stm32g4xx_hal_spi.c.obj
LOAD CMakeFiles/TwisterDriver.elf.dir/Drivers/STM32G4xx_HAL_Driver/Src/stm32g4xx_hal_spi_ex.c.obj
LOAD CMakeFiles/TwisterDriver.elf.dir/Drivers/STM32G4xx_HAL_Driver/Src/stm32g4xx_hal_tim.c.obj
LOAD CMakeFiles/TwisterDriver.elf.dir/Drivers/STM32G4xx_HAL_Driver/Src/stm32g4xx_hal_tim_ex.c.obj
LOAD CMakeFiles/TwisterDriver.elf.dir/Drivers/STM32G4xx_HAL_Driver/Src/stm32g4xx_hal_uart.c.obj
LOAD CMakeFiles/TwisterDriver.elf.dir/Drivers/STM32G4xx_HAL_Driver/Src/stm32g4xx_hal_uart_ex.c.obj
LOAD CMakeFiles/TwisterDriver.elf.dir/Drivers/STM32G4xx_HAL_Driver/Src/stm32g4xx_ll_adc.c.obj
LOAD CMakeFiles/TwisterDriver.elf.dir/Middlewares/Third_Party/FreeRTOS/Source/CMSIS_RTOS/cmsis_os.c.obj
LOAD CMakeFiles/TwisterDriver.elf.dir/Middlewares/Third_Party/FreeRTOS/Source/croutine.c.obj
LOAD CMakeFiles/TwisterDriver.elf.dir/Middlewares/Third_Party/FreeRTOS/Source/event_groups.c.obj
LOAD CMakeFiles/TwisterDriver.elf.dir/Middlewares/Third_Party/FreeRTOS/Source/list.c.obj
LOAD CMakeFiles/TwisterDriver.elf.dir/Middlewares/Third_Party/FreeRTOS/Source/portable/GCC/ARM_CM4F/port.c.obj
LOAD CMakeFiles/TwisterDriver.elf.dir/Middlewares/Third_Party/FreeRTOS/Source/portable/MemMang/heap_4.c.obj
LOAD CMakeFiles/TwisterDriver.elf.dir/Middlewares/Third_Party/FreeRTOS/Source/queue.c.obj
LOAD CMakeFiles/TwisterDriver.elf.dir/Middlewares/Third_Party/FreeRTOS/Source/stream_buffer.c.obj
LOAD CMakeFiles/TwisterDriver.elf.dir/Middlewares/Third_Party/FreeRTOS/Source/tasks.c.obj
LOAD CMakeFiles/TwisterDriver.elf.dir/Middlewares/Third_Party/FreeRTOS/Source/timers.c.obj
LOAD CMakeFiles/TwisterDriver.elf.dir/UserApp/FOC/FOC.c.obj
LOAD CMakeFiles/TwisterDriver.elf.dir/UserApp/FOC/FOC_math.c.obj
LOAD CMakeFiles/TwisterDriver.elf.dir/UserApp/FOC/Filter.c.obj
LOAD CMakeFiles/TwisterDriver.elf.dir/UserApp/FOC/hardware_api.c.obj
LOAD CMakeFiles/TwisterDriver.elf.dir/UserApp/FOC/my_PID.c.obj
LOAD CMakeFiles/TwisterDriver.elf.dir/UserApp/LCD/fonts.c.obj
LOAD CMakeFiles/TwisterDriver.elf.dir/UserApp/LCD/gui.c.obj
LOAD CMakeFiles/TwisterDriver.elf.dir/UserApp/LCD/image.c.obj
LOAD CMakeFiles/TwisterDriver.elf.dir/UserApp/LCD/st7735.c.obj
LOAD CMakeFiles/TwisterDriver.elf.dir/UserApp/MT6701/MT6701.c.obj
LOAD CMakeFiles/TwisterDriver.elf.dir/UserApp/Servo/Servo.c.obj
LOAD CMakeFiles/TwisterDriver.elf.dir/UserApp/cJSON/cJSON.c.obj
LOAD CMakeFiles/TwisterDriver.elf.dir/UserApp/cJSON/cJSON_Utils.c.obj
LOAD CMakeFiles/TwisterDriver.elf.dir/UserApp/cJsonParse/cmd_Parse.c.obj
LOAD CMakeFiles/TwisterDriver.elf.dir/UserApp/multiBotton/multi_button.c.obj
LOAD CMakeFiles/TwisterDriver.elf.dir/UserApp/retarget/retarget.c.obj
START GROUP
LOAD e:/compiler/bin/../lib/gcc/arm-none-eabi/10.2.1/thumb/v7e-m+fp/hard\libgcc.a
LOAD e:/compiler/bin/../lib/gcc/arm-none-eabi/10.2.1/../../../../arm-none-eabi/lib/thumb/v7e-m+fp/hard\libg.a
LOAD e:/compiler/bin/../lib/gcc/arm-none-eabi/10.2.1/../../../../arm-none-eabi/lib/thumb/v7e-m+fp/hard\libc.a
END GROUP
LOAD e:/compiler/bin/../lib/gcc/arm-none-eabi/10.2.1/thumb/v7e-m+fp/hard/crtend.o
LOAD e:/compiler/bin/../lib/gcc/arm-none-eabi/10.2.1/thumb/v7e-m+fp/hard/crtn.o
                0x20008000                _estack = (ORIGIN (RAM) + LENGTH (RAM))
                0x00000200                _Min_Heap_Size = 0x200
                0x00000400                _Min_Stack_Size = 0x400

.isr_vector     0x08000000      0x1d8
                0x08000000                . = ALIGN (0x4)
 *(.isr_vector)
 .isr_vector    0x08000000      0x1d8 CMakeFiles/TwisterDriver.elf.dir/Core/Startup/startup_stm32g431rbtx.s.obj
                0x08000000                g_pfnVectors
                0x080001d8                . = ALIGN (0x4)

.text           0x08000200    0x178a4
                0x08000200                . = ALIGN (0x4)
 *(.text)
 .text          0x08000200       0x40 e:/compiler/bin/../lib/gcc/arm-none-eabi/10.2.1/thumb/v7e-m+fp/hard/crtbegin.o
 .text          0x08000240      0x378 e:/compiler/bin/../lib/gcc/arm-none-eabi/10.2.1/thumb/v7e-m+fp/hard\libgcc.a(_arm_addsubdf3.o)
                0x08000240                __aeabi_drsub
                0x08000248                __aeabi_dsub
                0x08000248                __subdf3
                0x0800024c                __aeabi_dadd
                0x0800024c                __adddf3
                0x080004c4                __floatunsidf
                0x080004c4                __aeabi_ui2d
                0x080004e4                __floatsidf
                0x080004e4                __aeabi_i2d
                0x08000508                __aeabi_f2d
                0x08000508                __extendsfdf2
                0x0800054c                __floatundidf
                0x0800054c                __aeabi_ul2d
                0x0800055c                __floatdidf
                0x0800055c                __aeabi_l2d
 .text          0x080005b8      0x424 e:/compiler/bin/../lib/gcc/arm-none-eabi/10.2.1/thumb/v7e-m+fp/hard\libgcc.a(_arm_muldivdf3.o)
                0x080005b8                __aeabi_dmul
                0x080005b8                __muldf3
                0x0800080c                __divdf3
                0x0800080c                __aeabi_ddiv
 .text          0x080009dc      0x110 e:/compiler/bin/../lib/gcc/arm-none-eabi/10.2.1/thumb/v7e-m+fp/hard\libgcc.a(_arm_cmpdf2.o)
                0x080009dc                __gtdf2
                0x080009dc                __gedf2
                0x080009e4                __ltdf2
                0x080009e4                __ledf2
                0x080009ec                __nedf2
                0x080009ec                __eqdf2
                0x080009ec                __cmpdf2
                0x08000a68                __aeabi_cdrcmple
                0x08000a78                __aeabi_cdcmpeq
                0x08000a78                __aeabi_cdcmple
                0x08000a88                __aeabi_dcmpeq
                0x08000a9c                __aeabi_dcmplt
                0x08000ab0                __aeabi_dcmple
                0x08000ac4                __aeabi_dcmpge
                0x08000ad8                __aeabi_dcmpgt
 .text          0x08000aec       0x2c e:/compiler/bin/../lib/gcc/arm-none-eabi/10.2.1/thumb/v7e-m+fp/hard\libgcc.a(_arm_unorddf2.o)
                0x08000aec                __unorddf2
                0x08000aec                __aeabi_dcmpun
 .text          0x08000b18       0x50 e:/compiler/bin/../lib/gcc/arm-none-eabi/10.2.1/thumb/v7e-m+fp/hard\libgcc.a(_arm_fixdfsi.o)
                0x08000b18                __aeabi_d2iz
                0x08000b18                __fixdfsi
 .text          0x08000b68       0xa0 e:/compiler/bin/../lib/gcc/arm-none-eabi/10.2.1/thumb/v7e-m+fp/hard\libgcc.a(_arm_truncdfsf2.o)
                0x08000b68                __truncdfsf2
                0x08000b68                __aeabi_d2f
 .text          0x08000c08       0x30 e:/compiler/bin/../lib/gcc/arm-none-eabi/10.2.1/thumb/v7e-m+fp/hard\libgcc.a(_aeabi_uldivmod.o)
                0x08000c08                __aeabi_uldivmod
 .text          0x08000c38      0x2d0 e:/compiler/bin/../lib/gcc/arm-none-eabi/10.2.1/thumb/v7e-m+fp/hard\libgcc.a(_udivmoddi4.o)
                0x08000c38                __udivmoddi4
 .text          0x08000f08        0x4 e:/compiler/bin/../lib/gcc/arm-none-eabi/10.2.1/thumb/v7e-m+fp/hard\libgcc.a(_dvmd_tls.o)
                0x08000f08                __aeabi_idiv0
                0x08000f08                __aeabi_ldiv0
 .text          0x08000f0c      0x134 e:/compiler/bin/../lib/gcc/arm-none-eabi/10.2.1/../../../../arm-none-eabi/lib/thumb/v7e-m+fp/hard\libg.a(lib_a-memcpy.o)
                0x08000f0c                memcpy
 .text          0x08001040      0x2dc e:/compiler/bin/../lib/gcc/arm-none-eabi/10.2.1/../../../../arm-none-eabi/lib/thumb/v7e-m+fp/hard\libg.a(lib_a-strcmp.o)
                0x08001048                strcmp
 *fill*         0x0800131c       0x24 
 .text          0x08001340       0xdc e:/compiler/bin/../lib/gcc/arm-none-eabi/10.2.1/../../../../arm-none-eabi/lib/thumb/v7e-m+fp/hard\libg.a(lib_a-strlen.o)
                0x08001340                strlen
 *fill*         0x0800141c        0x4 
 .text          0x08001420       0xa0 e:/compiler/bin/../lib/gcc/arm-none-eabi/10.2.1/../../../../arm-none-eabi/lib/thumb/v7e-m+fp/hard\libg.a(lib_a-memchr.o)
                0x08001420                memchr
 .text          0x080014c0       0x40 e:/compiler/bin/../lib/gcc/arm-none-eabi/10.2.1/thumb/v7e-m+fp/hard\libgcc.a(_arm_fixunsdfsi.o)
                0x080014c0                __aeabi_d2uiz
                0x080014c0                __fixunsdfsi
 .text          0x08001500       0x30 e:/compiler/bin/../lib/gcc/arm-none-eabi/10.2.1/thumb/v7e-m+fp/hard\libgcc.a(_fixdfdi.o)
                0x08001500                __fixdfdi
                0x08001500                __aeabi_d2lz
 .text          0x08001530       0x3c e:/compiler/bin/../lib/gcc/arm-none-eabi/10.2.1/thumb/v7e-m+fp/hard\libgcc.a(_fixunsdfdi.o)
                0x08001530                __fixunsdfdi
                0x08001530                __aeabi_d2ulz
 *(.text*)
 .text.FOCTask  0x0800156c       0xb0 CMakeFiles/TwisterDriver.elf.dir/Core/Src/app_freertos.c.obj
                0x0800156c                FOCTask
 .text.ServoTask
                0x0800161c       0x68 CMakeFiles/TwisterDriver.elf.dir/Core/Src/app_freertos.c.obj
                0x0800161c                ServoTask
 .text.UARTTask
                0x08001684       0x74 CMakeFiles/TwisterDriver.elf.dir/Core/Src/app_freertos.c.obj
                0x08001684                UARTTask
 .text.ButtonTask
                0x080016f8      0x104 CMakeFiles/TwisterDriver.elf.dir/Core/Src/app_freertos.c.obj
                0x080016f8                ButtonTask
 .text.MX_GPIO_Init
                0x080017fc       0xcc CMakeFiles/TwisterDriver.elf.dir/Core/Src/main.c.obj
 .text.MX_DMA_Init
                0x080018c8       0x64 CMakeFiles/TwisterDriver.elf.dir/Core/Src/main.c.obj
 .text.StartDefaultTask
                0x0800192c       0xc8 CMakeFiles/TwisterDriver.elf.dir/Core/Src/main.c.obj
                0x0800192c                StartDefaultTask
 .text.HAL_UART_RxCpltCallback
                0x080019f4       0xb4 CMakeFiles/TwisterDriver.elf.dir/Core/Src/main.c.obj
                0x080019f4                HAL_UART_RxCpltCallback
 .text.Error_Handler
                0x08001aa8        0x4 CMakeFiles/TwisterDriver.elf.dir/Core/Src/main.c.obj
                0x08001aa8                Error_Handler
 .text.MX_ADC1_Init
                0x08001aac       0xd4 CMakeFiles/TwisterDriver.elf.dir/Core/Src/main.c.obj
 .text.MX_ADC2_Init
                0x08001b80       0xbc CMakeFiles/TwisterDriver.elf.dir/Core/Src/main.c.obj
 .text.MX_FDCAN1_Init
                0x08001c3c       0x48 CMakeFiles/TwisterDriver.elf.dir/Core/Src/main.c.obj
 .text.MX_I2C2_Init
                0x08001c84       0x54 CMakeFiles/TwisterDriver.elf.dir/Core/Src/main.c.obj
 .text.MX_SPI1_Init
                0x08001cd8       0x4c CMakeFiles/TwisterDriver.elf.dir/Core/Src/main.c.obj
 .text.MX_TIM1_Init
                0x08001d24       0xe8 CMakeFiles/TwisterDriver.elf.dir/Core/Src/main.c.obj
 .text.MX_TIM2_Init
                0x08001e0c       0x9c CMakeFiles/TwisterDriver.elf.dir/Core/Src/main.c.obj
 .text.MX_USART1_UART_Init
                0x08001ea8       0x60 CMakeFiles/TwisterDriver.elf.dir/Core/Src/main.c.obj
 .text.MX_TIM3_Init
                0x08001f08       0x60 CMakeFiles/TwisterDriver.elf.dir/Core/Src/main.c.obj
 .text.MX_I2C3_Init
                0x08001f68       0x54 CMakeFiles/TwisterDriver.elf.dir/Core/Src/main.c.obj
 .text.MX_TIM8_Init
                0x08001fbc       0xd4 CMakeFiles/TwisterDriver.elf.dir/Core/Src/main.c.obj
 .text.MX_USART3_UART_Init
                0x08002090       0x60 CMakeFiles/TwisterDriver.elf.dir/Core/Src/main.c.obj
 .text.MX_TIM7_Init
                0x080020f0       0x50 CMakeFiles/TwisterDriver.elf.dir/Core/Src/main.c.obj
 .text.SystemClock_Config
                0x08002140       0x6e CMakeFiles/TwisterDriver.elf.dir/Core/Src/main.c.obj
                0x08002140                SystemClock_Config
 *fill*         0x080021ae        0x2 
 .text.main     0x080021b0       0xac CMakeFiles/TwisterDriver.elf.dir/Core/Src/main.c.obj
                0x080021b0                main
 .text.HAL_MspInit
                0x0800225c       0x44 CMakeFiles/TwisterDriver.elf.dir/Core/Src/stm32g4xx_hal_msp.c.obj
                0x0800225c                HAL_MspInit
 .text.HAL_ADC_MspInit
                0x080022a0      0x16c CMakeFiles/TwisterDriver.elf.dir/Core/Src/stm32g4xx_hal_msp.c.obj
                0x080022a0                HAL_ADC_MspInit
 .text.HAL_FDCAN_MspInit
                0x0800240c       0x90 CMakeFiles/TwisterDriver.elf.dir/Core/Src/stm32g4xx_hal_msp.c.obj
                0x0800240c                HAL_FDCAN_MspInit
 .text.HAL_I2C_MspInit
                0x0800249c      0x114 CMakeFiles/TwisterDriver.elf.dir/Core/Src/stm32g4xx_hal_msp.c.obj
                0x0800249c                HAL_I2C_MspInit
 .text.HAL_SPI_MspInit
                0x080025b0       0xa0 CMakeFiles/TwisterDriver.elf.dir/Core/Src/stm32g4xx_hal_msp.c.obj
                0x080025b0                HAL_SPI_MspInit
 .text.HAL_TIM_PWM_MspInit
                0x08002650       0x6c CMakeFiles/TwisterDriver.elf.dir/Core/Src/stm32g4xx_hal_msp.c.obj
                0x08002650                HAL_TIM_PWM_MspInit
 .text.HAL_TIM_Encoder_MspInit
                0x080026bc       0x68 CMakeFiles/TwisterDriver.elf.dir/Core/Src/stm32g4xx_hal_msp.c.obj
                0x080026bc                HAL_TIM_Encoder_MspInit
 .text.HAL_TIM_Base_MspInit
                0x08002724       0x40 CMakeFiles/TwisterDriver.elf.dir/Core/Src/stm32g4xx_hal_msp.c.obj
                0x08002724                HAL_TIM_Base_MspInit
 .text.HAL_TIM_MspPostInit
                0x08002764      0x118 CMakeFiles/TwisterDriver.elf.dir/Core/Src/stm32g4xx_hal_msp.c.obj
                0x08002764                HAL_TIM_MspPostInit
 .text.HAL_UART_MspInit
                0x0800287c      0x140 CMakeFiles/TwisterDriver.elf.dir/Core/Src/stm32g4xx_hal_msp.c.obj
                0x0800287c                HAL_UART_MspInit
 .text.NMI_Handler
                0x080029bc        0x2 CMakeFiles/TwisterDriver.elf.dir/Core/Src/stm32g4xx_it.c.obj
                0x080029bc                NMI_Handler
 .text.HardFault_Handler
                0x080029be        0x2 CMakeFiles/TwisterDriver.elf.dir/Core/Src/stm32g4xx_it.c.obj
                0x080029be                HardFault_Handler
 .text.MemManage_Handler
                0x080029c0        0x2 CMakeFiles/TwisterDriver.elf.dir/Core/Src/stm32g4xx_it.c.obj
                0x080029c0                MemManage_Handler
 .text.BusFault_Handler
                0x080029c2        0x2 CMakeFiles/TwisterDriver.elf.dir/Core/Src/stm32g4xx_it.c.obj
                0x080029c2                BusFault_Handler
 .text.UsageFault_Handler
                0x080029c4        0x2 CMakeFiles/TwisterDriver.elf.dir/Core/Src/stm32g4xx_it.c.obj
                0x080029c4                UsageFault_Handler
 .text.DebugMon_Handler
                0x080029c6        0x2 CMakeFiles/TwisterDriver.elf.dir/Core/Src/stm32g4xx_it.c.obj
                0x080029c6                DebugMon_Handler
 .text.SysTick_Handler
                0x080029c8       0x16 CMakeFiles/TwisterDriver.elf.dir/Core/Src/stm32g4xx_it.c.obj
                0x080029c8                SysTick_Handler
 *fill*         0x080029de        0x2 
 .text.DMA1_Channel1_IRQHandler
                0x080029e0       0x10 CMakeFiles/TwisterDriver.elf.dir/Core/Src/stm32g4xx_it.c.obj
                0x080029e0                DMA1_Channel1_IRQHandler
 .text.DMA1_Channel2_IRQHandler
                0x080029f0       0x10 CMakeFiles/TwisterDriver.elf.dir/Core/Src/stm32g4xx_it.c.obj
                0x080029f0                DMA1_Channel2_IRQHandler
 .text.DMA1_Channel4_IRQHandler
                0x08002a00       0x10 CMakeFiles/TwisterDriver.elf.dir/Core/Src/stm32g4xx_it.c.obj
                0x08002a00                DMA1_Channel4_IRQHandler
 .text.USART1_IRQHandler
                0x08002a10       0x10 CMakeFiles/TwisterDriver.elf.dir/Core/Src/stm32g4xx_it.c.obj
                0x08002a10                USART1_IRQHandler
 .text.USART3_IRQHandler
                0x08002a20       0x10 CMakeFiles/TwisterDriver.elf.dir/Core/Src/stm32g4xx_it.c.obj
                0x08002a20                USART3_IRQHandler
 .text.TIM7_IRQHandler
                0x08002a30       0x38 CMakeFiles/TwisterDriver.elf.dir/Core/Src/stm32g4xx_it.c.obj
                0x08002a30                TIM7_IRQHandler
 .text._getpid  0x08002a68        0x4 CMakeFiles/TwisterDriver.elf.dir/Core/Src/syscalls.c.obj
                0x08002a68                _getpid
 .text._kill    0x08002a6c       0x10 CMakeFiles/TwisterDriver.elf.dir/Core/Src/syscalls.c.obj
                0x08002a6c                _kill
 .text._exit    0x08002a7c        0xc CMakeFiles/TwisterDriver.elf.dir/Core/Src/syscalls.c.obj
                0x08002a7c                _exit
 .text._read    0x08002a88       0x20 CMakeFiles/TwisterDriver.elf.dir/Core/Src/syscalls.c.obj
                0x08002a88                _read
 .text._write   0x08002aa8       0x1c CMakeFiles/TwisterDriver.elf.dir/Core/Src/syscalls.c.obj
                0x08002aa8                _write
 .text._close   0x08002ac4        0x6 CMakeFiles/TwisterDriver.elf.dir/Core/Src/syscalls.c.obj
                0x08002ac4                _close
 .text._fstat   0x08002aca        0xa CMakeFiles/TwisterDriver.elf.dir/Core/Src/syscalls.c.obj
                0x08002aca                _fstat
 .text._isatty  0x08002ad4        0x4 CMakeFiles/TwisterDriver.elf.dir/Core/Src/syscalls.c.obj
                0x08002ad4                _isatty
 .text._lseek   0x08002ad8        0x4 CMakeFiles/TwisterDriver.elf.dir/Core/Src/syscalls.c.obj
                0x08002ad8                _lseek
 .text._sbrk    0x08002adc       0x48 CMakeFiles/TwisterDriver.elf.dir/Core/Src/sysmem.c.obj
                0x08002adc                _sbrk
 .text.SystemInit
                0x08002b24       0x14 CMakeFiles/TwisterDriver.elf.dir/Core/Src/system_stm32g4xx.c.obj
                0x08002b24                SystemInit
 .text.Reset_Handler
                0x08002b38       0x50 CMakeFiles/TwisterDriver.elf.dir/Core/Startup/startup_stm32g431rbtx.s.obj
                0x08002b38                Reset_Handler
 .text.Default_Handler
                0x08002b88        0x2 CMakeFiles/TwisterDriver.elf.dir/Core/Startup/startup_stm32g431rbtx.s.obj
                0x08002b88                RTC_Alarm_IRQHandler
                0x08002b88                EXTI2_IRQHandler
                0x08002b88                TIM8_TRG_COM_IRQHandler
                0x08002b88                TIM8_CC_IRQHandler
                0x08002b88                TIM1_CC_IRQHandler
                0x08002b88                USB_HP_IRQHandler
                0x08002b88                CORDIC_IRQHandler
                0x08002b88                EXTI3_IRQHandler
                0x08002b88                I2C3_ER_IRQHandler
                0x08002b88                EXTI0_IRQHandler
                0x08002b88                I2C2_EV_IRQHandler
                0x08002b88                FPU_IRQHandler
                0x08002b88                FDCAN1_IT1_IRQHandler
                0x08002b88                TIM1_UP_TIM16_IRQHandler
                0x08002b88                ADC1_2_IRQHandler
                0x08002b88                SPI1_IRQHandler
                0x08002b88                TIM6_DAC_IRQHandler
                0x08002b88                TIM8_UP_IRQHandler
                0x08002b88                DMA2_Channel2_IRQHandler
                0x08002b88                TIM4_IRQHandler
                0x08002b88                DMA2_Channel1_IRQHandler
                0x08002b88                I2C1_EV_IRQHandler
                0x08002b88                DMA1_Channel6_IRQHandler
                0x08002b88                UART4_IRQHandler
                0x08002b88                DMA2_Channel4_IRQHandler
                0x08002b88                TIM3_IRQHandler
                0x08002b88                RCC_IRQHandler
                0x08002b88                Default_Handler
                0x08002b88                RTC_TAMP_LSECSS_IRQHandler
                0x08002b88                FMAC_IRQHandler
                0x08002b88                EXTI15_10_IRQHandler
                0x08002b88                UCPD1_IRQHandler
                0x08002b88                I2C3_EV_IRQHandler
                0x08002b88                EXTI9_5_IRQHandler
                0x08002b88                RTC_WKUP_IRQHandler
                0x08002b88                PVD_PVM_IRQHandler
                0x08002b88                SPI2_IRQHandler
                0x08002b88                DMA2_Channel5_IRQHandler
                0x08002b88                CRS_IRQHandler
                0x08002b88                DMA1_Channel5_IRQHandler
                0x08002b88                USB_LP_IRQHandler
                0x08002b88                EXTI4_IRQHandler
                0x08002b88                RNG_IRQHandler
                0x08002b88                TIM1_TRG_COM_TIM17_IRQHandler
                0x08002b88                DMA1_Channel3_IRQHandler
                0x08002b88                WWDG_IRQHandler
                0x08002b88                LPUART1_IRQHandler
                0x08002b88                DMA2_Channel6_IRQHandler
                0x08002b88                FDCAN1_IT0_IRQHandler
                0x08002b88                TIM2_IRQHandler
                0x08002b88                COMP1_2_3_IRQHandler
                0x08002b88                EXTI1_IRQHandler
                0x08002b88                USART2_IRQHandler
                0x08002b88                I2C2_ER_IRQHandler
                0x08002b88                TIM8_BRK_IRQHandler
                0x08002b88                FLASH_IRQHandler
                0x08002b88                SPI3_IRQHandler
                0x08002b88                I2C1_ER_IRQHandler
                0x08002b88                LPTIM1_IRQHandler
                0x08002b88                DMAMUX_OVR_IRQHandler
                0x08002b88                USBWakeUp_IRQHandler
                0x08002b88                SAI1_IRQHandler
                0x08002b88                DMA2_Channel3_IRQHandler
                0x08002b88                COMP4_IRQHandler
                0x08002b88                TIM1_BRK_TIM15_IRQHandler
 *fill*         0x08002b8a        0x2 
 .text.HAL_InitTick
                0x08002b8c       0x50 CMakeFiles/TwisterDriver.elf.dir/Drivers/STM32G4xx_HAL_Driver/Src/stm32g4xx_hal.c.obj
                0x08002b8c                HAL_InitTick
 .text.HAL_Init
                0x08002bdc       0x1e CMakeFiles/TwisterDriver.elf.dir/Drivers/STM32G4xx_HAL_Driver/Src/stm32g4xx_hal.c.obj
                0x08002bdc                HAL_Init
 *fill*         0x08002bfa        0x2 
 .text.HAL_IncTick
                0x08002bfc       0x18 CMakeFiles/TwisterDriver.elf.dir/Drivers/STM32G4xx_HAL_Driver/Src/stm32g4xx_hal.c.obj
                0x08002bfc                HAL_IncTick
 .text.HAL_GetTick
                0x08002c14        0xc CMakeFiles/TwisterDriver.elf.dir/Drivers/STM32G4xx_HAL_Driver/Src/stm32g4xx_hal.c.obj
                0x08002c14                HAL_GetTick
 .text.HAL_Delay
                0x08002c20       0x28 CMakeFiles/TwisterDriver.elf.dir/Drivers/STM32G4xx_HAL_Driver/Src/stm32g4xx_hal.c.obj
                0x08002c20                HAL_Delay
 .text.HAL_ADC_Init
                0x08002c48      0x240 CMakeFiles/TwisterDriver.elf.dir/Drivers/STM32G4xx_HAL_Driver/Src/stm32g4xx_hal_adc.c.obj
                0x08002c48                HAL_ADC_Init
 .text.HAL_ADC_PollForConversion
                0x08002e88      0x110 CMakeFiles/TwisterDriver.elf.dir/Drivers/STM32G4xx_HAL_Driver/Src/stm32g4xx_hal_adc.c.obj
                0x08002e88                HAL_ADC_PollForConversion
 .text.HAL_ADC_GetValue
                0x08002f98        0x6 CMakeFiles/TwisterDriver.elf.dir/Drivers/STM32G4xx_HAL_Driver/Src/stm32g4xx_hal_adc.c.obj
                0x08002f98                HAL_ADC_GetValue
 *fill*         0x08002f9e        0x2 
 .text.HAL_ADC_ConfigChannel
                0x08002fa0      0x4e4 CMakeFiles/TwisterDriver.elf.dir/Drivers/STM32G4xx_HAL_Driver/Src/stm32g4xx_hal_adc.c.obj
                0x08002fa0                HAL_ADC_ConfigChannel
 .text.HAL_ADC_GetState
                0x08003484        0x4 CMakeFiles/TwisterDriver.elf.dir/Drivers/STM32G4xx_HAL_Driver/Src/stm32g4xx_hal_adc.c.obj
                0x08003484                HAL_ADC_GetState
 .text.ADC_ConversionStop
                0x08003488      0x100 CMakeFiles/TwisterDriver.elf.dir/Drivers/STM32G4xx_HAL_Driver/Src/stm32g4xx_hal_adc.c.obj
                0x08003488                ADC_ConversionStop
 .text.ADC_Enable
                0x08003588       0x98 CMakeFiles/TwisterDriver.elf.dir/Drivers/STM32G4xx_HAL_Driver/Src/stm32g4xx_hal_adc.c.obj
                0x08003588                ADC_Enable
 .text.HAL_ADC_Start
                0x08003620       0xf4 CMakeFiles/TwisterDriver.elf.dir/Drivers/STM32G4xx_HAL_Driver/Src/stm32g4xx_hal_adc.c.obj
                0x08003620                HAL_ADC_Start
 .text.ADC_Disable
                0x08003714       0x94 CMakeFiles/TwisterDriver.elf.dir/Drivers/STM32G4xx_HAL_Driver/Src/stm32g4xx_hal_adc.c.obj
                0x08003714                ADC_Disable
 .text.HAL_ADC_Stop
                0x080037a8       0x42 CMakeFiles/TwisterDriver.elf.dir/Drivers/STM32G4xx_HAL_Driver/Src/stm32g4xx_hal_adc.c.obj
                0x080037a8                HAL_ADC_Stop
 *fill*         0x080037ea        0x2 
 .text.HAL_ADCEx_Calibration_Start
                0x080037ec       0x9c CMakeFiles/TwisterDriver.elf.dir/Drivers/STM32G4xx_HAL_Driver/Src/stm32g4xx_hal_adc_ex.c.obj
                0x080037ec                HAL_ADCEx_Calibration_Start
 .text.HAL_ADCEx_MultiModeConfigChannel
                0x08003888      0x114 CMakeFiles/TwisterDriver.elf.dir/Drivers/STM32G4xx_HAL_Driver/Src/stm32g4xx_hal_adc_ex.c.obj
                0x08003888                HAL_ADCEx_MultiModeConfigChannel
 .text.HAL_NVIC_SetPriorityGrouping
                0x0800399c       0x24 CMakeFiles/TwisterDriver.elf.dir/Drivers/STM32G4xx_HAL_Driver/Src/stm32g4xx_hal_cortex.c.obj
                0x0800399c                HAL_NVIC_SetPriorityGrouping
 .text.HAL_NVIC_SetPriority
                0x080039c0       0x70 CMakeFiles/TwisterDriver.elf.dir/Drivers/STM32G4xx_HAL_Driver/Src/stm32g4xx_hal_cortex.c.obj
                0x080039c0                HAL_NVIC_SetPriority
 .text.HAL_NVIC_EnableIRQ
                0x08003a30       0x1c CMakeFiles/TwisterDriver.elf.dir/Drivers/STM32G4xx_HAL_Driver/Src/stm32g4xx_hal_cortex.c.obj
                0x08003a30                HAL_NVIC_EnableIRQ
 .text.HAL_SYSTICK_Config
                0x08003a4c       0x28 CMakeFiles/TwisterDriver.elf.dir/Drivers/STM32G4xx_HAL_Driver/Src/stm32g4xx_hal_cortex.c.obj
                0x08003a4c                HAL_SYSTICK_Config
 .text.DMA_CalcDMAMUXChannelBaseAndMask
                0x08003a74       0x48 CMakeFiles/TwisterDriver.elf.dir/Drivers/STM32G4xx_HAL_Driver/Src/stm32g4xx_hal_dma.c.obj
 .text.DMA_CalcDMAMUXRequestGenBaseAndMask
                0x08003abc       0x28 CMakeFiles/TwisterDriver.elf.dir/Drivers/STM32G4xx_HAL_Driver/Src/stm32g4xx_hal_dma.c.obj
 .text.HAL_DMA_Init
                0x08003ae4       0xd8 CMakeFiles/TwisterDriver.elf.dir/Drivers/STM32G4xx_HAL_Driver/Src/stm32g4xx_hal_dma.c.obj
                0x08003ae4                HAL_DMA_Init
 .text.HAL_DMA_Abort
                0x08003bbc       0x6c CMakeFiles/TwisterDriver.elf.dir/Drivers/STM32G4xx_HAL_Driver/Src/stm32g4xx_hal_dma.c.obj
                0x08003bbc                HAL_DMA_Abort
 .text.HAL_DMA_Abort_IT
                0x08003c28       0x7e CMakeFiles/TwisterDriver.elf.dir/Drivers/STM32G4xx_HAL_Driver/Src/stm32g4xx_hal_dma.c.obj
                0x08003c28                HAL_DMA_Abort_IT
 .text.HAL_DMA_IRQHandler
                0x08003ca6       0xc4 CMakeFiles/TwisterDriver.elf.dir/Drivers/STM32G4xx_HAL_Driver/Src/stm32g4xx_hal_dma.c.obj
                0x08003ca6                HAL_DMA_IRQHandler
 *fill*         0x08003d6a        0x2 
 .text.FDCAN_CalcultateRamBlockAddresses
                0x08003d6c       0x68 CMakeFiles/TwisterDriver.elf.dir/Drivers/STM32G4xx_HAL_Driver/Src/stm32g4xx_hal_fdcan.c.obj
 .text.HAL_FDCAN_Init
                0x08003dd4      0x1d4 CMakeFiles/TwisterDriver.elf.dir/Drivers/STM32G4xx_HAL_Driver/Src/stm32g4xx_hal_fdcan.c.obj
                0x08003dd4                HAL_FDCAN_Init
 .text.HAL_GPIO_Init
                0x08003fa8      0x1d4 CMakeFiles/TwisterDriver.elf.dir/Drivers/STM32G4xx_HAL_Driver/Src/stm32g4xx_hal_gpio.c.obj
                0x08003fa8                HAL_GPIO_Init
 .text.HAL_GPIO_ReadPin
                0x0800417c        0xe CMakeFiles/TwisterDriver.elf.dir/Drivers/STM32G4xx_HAL_Driver/Src/stm32g4xx_hal_gpio.c.obj
                0x0800417c                HAL_GPIO_ReadPin
 .text.HAL_GPIO_WritePin
                0x0800418a        0xa CMakeFiles/TwisterDriver.elf.dir/Drivers/STM32G4xx_HAL_Driver/Src/stm32g4xx_hal_gpio.c.obj
                0x0800418a                HAL_GPIO_WritePin
 .text.HAL_GPIO_TogglePin
                0x08004194       0x12 CMakeFiles/TwisterDriver.elf.dir/Drivers/STM32G4xx_HAL_Driver/Src/stm32g4xx_hal_gpio.c.obj
                0x08004194                HAL_GPIO_TogglePin
 .text.I2C_Flush_TXDR
                0x080041a6       0x22 CMakeFiles/TwisterDriver.elf.dir/Drivers/STM32G4xx_HAL_Driver/Src/stm32g4xx_hal_i2c.c.obj
 .text.I2C_TransferConfig
                0x080041c8       0x3c CMakeFiles/TwisterDriver.elf.dir/Drivers/STM32G4xx_HAL_Driver/Src/stm32g4xx_hal_i2c.c.obj
 .text.I2C_IsErrorOccurred
                0x08004204      0x12c CMakeFiles/TwisterDriver.elf.dir/Drivers/STM32G4xx_HAL_Driver/Src/stm32g4xx_hal_i2c.c.obj
 .text.I2C_WaitOnTXISFlagUntilTimeout
                0x08004330       0x56 CMakeFiles/TwisterDriver.elf.dir/Drivers/STM32G4xx_HAL_Driver/Src/stm32g4xx_hal_i2c.c.obj
 .text.I2C_WaitOnFlagUntilTimeout
                0x08004386       0x5a CMakeFiles/TwisterDriver.elf.dir/Drivers/STM32G4xx_HAL_Driver/Src/stm32g4xx_hal_i2c.c.obj
 .text.I2C_RequestMemoryRead
                0x080043e0       0x78 CMakeFiles/TwisterDriver.elf.dir/Drivers/STM32G4xx_HAL_Driver/Src/stm32g4xx_hal_i2c.c.obj
 .text.I2C_WaitOnSTOPFlagUntilTimeout
                0x08004458       0x50 CMakeFiles/TwisterDriver.elf.dir/Drivers/STM32G4xx_HAL_Driver/Src/stm32g4xx_hal_i2c.c.obj
 .text.HAL_I2C_Init
                0x080044a8       0xbc CMakeFiles/TwisterDriver.elf.dir/Drivers/STM32G4xx_HAL_Driver/Src/stm32g4xx_hal_i2c.c.obj
                0x080044a8                HAL_I2C_Init
 .text.HAL_I2C_Mem_Read
                0x08004564      0x1b0 CMakeFiles/TwisterDriver.elf.dir/Drivers/STM32G4xx_HAL_Driver/Src/stm32g4xx_hal_i2c.c.obj
                0x08004564                HAL_I2C_Mem_Read
 .text.HAL_I2CEx_ConfigAnalogFilter
                0x08004714       0x5c CMakeFiles/TwisterDriver.elf.dir/Drivers/STM32G4xx_HAL_Driver/Src/stm32g4xx_hal_i2c_ex.c.obj
                0x08004714                HAL_I2CEx_ConfigAnalogFilter
 .text.HAL_I2CEx_ConfigDigitalFilter
                0x08004770       0x58 CMakeFiles/TwisterDriver.elf.dir/Drivers/STM32G4xx_HAL_Driver/Src/stm32g4xx_hal_i2c_ex.c.obj
                0x08004770                HAL_I2CEx_ConfigDigitalFilter
 .text.HAL_PWREx_ControlVoltageScaling
                0x080047c8      0x10c CMakeFiles/TwisterDriver.elf.dir/Drivers/STM32G4xx_HAL_Driver/Src/stm32g4xx_hal_pwr_ex.c.obj
                0x080047c8                HAL_PWREx_ControlVoltageScaling
 .text.HAL_PWREx_DisableUCPDDeadBattery
                0x080048d4       0x10 CMakeFiles/TwisterDriver.elf.dir/Drivers/STM32G4xx_HAL_Driver/Src/stm32g4xx_hal_pwr_ex.c.obj
                0x080048d4                HAL_PWREx_DisableUCPDDeadBattery
 .text.RCC_GetSysClockFreqFromPLLSource
                0x080048e4       0x58 CMakeFiles/TwisterDriver.elf.dir/Drivers/STM32G4xx_HAL_Driver/Src/stm32g4xx_hal_rcc.c.obj
 .text.HAL_RCC_OscConfig
                0x0800493c      0x4e8 CMakeFiles/TwisterDriver.elf.dir/Drivers/STM32G4xx_HAL_Driver/Src/stm32g4xx_hal_rcc.c.obj
                0x0800493c                HAL_RCC_OscConfig
 .text.HAL_RCC_GetSysClockFreq
                0x08004e24       0x88 CMakeFiles/TwisterDriver.elf.dir/Drivers/STM32G4xx_HAL_Driver/Src/stm32g4xx_hal_rcc.c.obj
                0x08004e24                HAL_RCC_GetSysClockFreq
 .text.HAL_RCC_ClockConfig
                0x08004eac      0x1f8 CMakeFiles/TwisterDriver.elf.dir/Drivers/STM32G4xx_HAL_Driver/Src/stm32g4xx_hal_rcc.c.obj
                0x08004eac                HAL_RCC_ClockConfig
 .text.HAL_RCC_GetHCLKFreq
                0x080050a4        0xc CMakeFiles/TwisterDriver.elf.dir/Drivers/STM32G4xx_HAL_Driver/Src/stm32g4xx_hal_rcc.c.obj
                0x080050a4                HAL_RCC_GetHCLKFreq
 .text.HAL_RCC_GetPCLK1Freq
                0x080050b0       0x24 CMakeFiles/TwisterDriver.elf.dir/Drivers/STM32G4xx_HAL_Driver/Src/stm32g4xx_hal_rcc.c.obj
                0x080050b0                HAL_RCC_GetPCLK1Freq
 .text.HAL_RCC_GetPCLK2Freq
                0x080050d4       0x24 CMakeFiles/TwisterDriver.elf.dir/Drivers/STM32G4xx_HAL_Driver/Src/stm32g4xx_hal_rcc.c.obj
                0x080050d4                HAL_RCC_GetPCLK2Freq
 .text.HAL_RCCEx_PeriphCLKConfig
                0x080050f8      0x2e4 CMakeFiles/TwisterDriver.elf.dir/Drivers/STM32G4xx_HAL_Driver/Src/stm32g4xx_hal_rcc_ex.c.obj
                0x080050f8                HAL_RCCEx_PeriphCLKConfig
 .text.HAL_SPI_Init
                0x080053dc       0xe8 CMakeFiles/TwisterDriver.elf.dir/Drivers/STM32G4xx_HAL_Driver/Src/stm32g4xx_hal_spi.c.obj
                0x080053dc                HAL_SPI_Init
 .text.TIM_OC1_SetConfig
                0x080054c4       0xa0 CMakeFiles/TwisterDriver.elf.dir/Drivers/STM32G4xx_HAL_Driver/Src/stm32g4xx_hal_tim.c.obj
 .text.TIM_OC3_SetConfig
                0x08005564       0x8c CMakeFiles/TwisterDriver.elf.dir/Drivers/STM32G4xx_HAL_Driver/Src/stm32g4xx_hal_tim.c.obj
 .text.TIM_OC4_SetConfig
                0x080055f0       0x8c CMakeFiles/TwisterDriver.elf.dir/Drivers/STM32G4xx_HAL_Driver/Src/stm32g4xx_hal_tim.c.obj
 .text.TIM_OC5_SetConfig
                0x0800567c       0x68 CMakeFiles/TwisterDriver.elf.dir/Drivers/STM32G4xx_HAL_Driver/Src/stm32g4xx_hal_tim.c.obj
 .text.TIM_OC6_SetConfig
                0x080056e4       0x6c CMakeFiles/TwisterDriver.elf.dir/Drivers/STM32G4xx_HAL_Driver/Src/stm32g4xx_hal_tim.c.obj
 .text.HAL_TIM_Base_Start_IT
                0x08005750       0x84 CMakeFiles/TwisterDriver.elf.dir/Drivers/STM32G4xx_HAL_Driver/Src/stm32g4xx_hal_tim.c.obj
                0x08005750                HAL_TIM_Base_Start_IT
 .text.HAL_TIM_PeriodElapsedCallback
                0x080057d4        0x2 CMakeFiles/TwisterDriver.elf.dir/Drivers/STM32G4xx_HAL_Driver/Src/stm32g4xx_hal_tim.c.obj
                0x080057d4                HAL_TIM_PeriodElapsedCallback
 .text.HAL_TIM_OC_DelayElapsedCallback
                0x080057d6        0x2 CMakeFiles/TwisterDriver.elf.dir/Drivers/STM32G4xx_HAL_Driver/Src/stm32g4xx_hal_tim.c.obj
                0x080057d6                HAL_TIM_OC_DelayElapsedCallback
 .text.HAL_TIM_IC_CaptureCallback
                0x080057d8        0x2 CMakeFiles/TwisterDriver.elf.dir/Drivers/STM32G4xx_HAL_Driver/Src/stm32g4xx_hal_tim.c.obj
                0x080057d8                HAL_TIM_IC_CaptureCallback
 .text.HAL_TIM_PWM_PulseFinishedCallback
                0x080057da        0x2 CMakeFiles/TwisterDriver.elf.dir/Drivers/STM32G4xx_HAL_Driver/Src/stm32g4xx_hal_tim.c.obj
                0x080057da                HAL_TIM_PWM_PulseFinishedCallback
 .text.HAL_TIM_TriggerCallback
                0x080057dc        0x2 CMakeFiles/TwisterDriver.elf.dir/Drivers/STM32G4xx_HAL_Driver/Src/stm32g4xx_hal_tim.c.obj
                0x080057dc                HAL_TIM_TriggerCallback
 .text.HAL_TIM_IRQHandler
                0x080057de      0x21e CMakeFiles/TwisterDriver.elf.dir/Drivers/STM32G4xx_HAL_Driver/Src/stm32g4xx_hal_tim.c.obj
                0x080057de                HAL_TIM_IRQHandler
 .text.TIM_Base_SetConfig
                0x080059fc       0xb8 CMakeFiles/TwisterDriver.elf.dir/Drivers/STM32G4xx_HAL_Driver/Src/stm32g4xx_hal_tim.c.obj
                0x080059fc                TIM_Base_SetConfig
 .text.HAL_TIM_Base_Init
                0x08005ab4       0x60 CMakeFiles/TwisterDriver.elf.dir/Drivers/STM32G4xx_HAL_Driver/Src/stm32g4xx_hal_tim.c.obj
                0x08005ab4                HAL_TIM_Base_Init
 .text.HAL_TIM_PWM_Init
                0x08005b14       0x60 CMakeFiles/TwisterDriver.elf.dir/Drivers/STM32G4xx_HAL_Driver/Src/stm32g4xx_hal_tim.c.obj
                0x08005b14                HAL_TIM_PWM_Init
 .text.HAL_TIM_Encoder_Init
                0x08005b74       0xb6 CMakeFiles/TwisterDriver.elf.dir/Drivers/STM32G4xx_HAL_Driver/Src/stm32g4xx_hal_tim.c.obj
                0x08005b74                HAL_TIM_Encoder_Init
 *fill*         0x08005c2a        0x2 
 .text.TIM_OC2_SetConfig
                0x08005c2c       0x8c CMakeFiles/TwisterDriver.elf.dir/Drivers/STM32G4xx_HAL_Driver/Src/stm32g4xx_hal_tim.c.obj
                0x08005c2c                TIM_OC2_SetConfig
 .text.HAL_TIM_PWM_ConfigChannel
                0x08005cb8      0x13a CMakeFiles/TwisterDriver.elf.dir/Drivers/STM32G4xx_HAL_Driver/Src/stm32g4xx_hal_tim.c.obj
                0x08005cb8                HAL_TIM_PWM_ConfigChannel
 .text.TIM_CCxChannelCmd
                0x08005df2       0x1e CMakeFiles/TwisterDriver.elf.dir/Drivers/STM32G4xx_HAL_Driver/Src/stm32g4xx_hal_tim.c.obj
                0x08005df2                TIM_CCxChannelCmd
 .text.HAL_TIM_PWM_Start
                0x08005e10      0x158 CMakeFiles/TwisterDriver.elf.dir/Drivers/STM32G4xx_HAL_Driver/Src/stm32g4xx_hal_tim.c.obj
                0x08005e10                HAL_TIM_PWM_Start
 .text.HAL_TIMEx_MasterConfigSynchronization
                0x08005f68       0x94 CMakeFiles/TwisterDriver.elf.dir/Drivers/STM32G4xx_HAL_Driver/Src/stm32g4xx_hal_tim_ex.c.obj
                0x08005f68                HAL_TIMEx_MasterConfigSynchronization
 .text.HAL_TIMEx_ConfigBreakDeadTime
                0x08005ffc       0xbc CMakeFiles/TwisterDriver.elf.dir/Drivers/STM32G4xx_HAL_Driver/Src/stm32g4xx_hal_tim_ex.c.obj
                0x08005ffc                HAL_TIMEx_ConfigBreakDeadTime
 .text.HAL_TIMEx_CommutCallback
                0x080060b8        0x2 CMakeFiles/TwisterDriver.elf.dir/Drivers/STM32G4xx_HAL_Driver/Src/stm32g4xx_hal_tim_ex.c.obj
                0x080060b8                HAL_TIMEx_CommutCallback
 .text.HAL_TIMEx_BreakCallback
                0x080060ba        0x2 CMakeFiles/TwisterDriver.elf.dir/Drivers/STM32G4xx_HAL_Driver/Src/stm32g4xx_hal_tim_ex.c.obj
                0x080060ba                HAL_TIMEx_BreakCallback
 .text.HAL_TIMEx_Break2Callback
                0x080060bc        0x2 CMakeFiles/TwisterDriver.elf.dir/Drivers/STM32G4xx_HAL_Driver/Src/stm32g4xx_hal_tim_ex.c.obj
                0x080060bc                HAL_TIMEx_Break2Callback
 .text.HAL_TIMEx_EncoderIndexCallback
                0x080060be        0x2 CMakeFiles/TwisterDriver.elf.dir/Drivers/STM32G4xx_HAL_Driver/Src/stm32g4xx_hal_tim_ex.c.obj
                0x080060be                HAL_TIMEx_EncoderIndexCallback
 .text.HAL_TIMEx_DirectionChangeCallback
                0x080060c0        0x2 CMakeFiles/TwisterDriver.elf.dir/Drivers/STM32G4xx_HAL_Driver/Src/stm32g4xx_hal_tim_ex.c.obj
                0x080060c0                HAL_TIMEx_DirectionChangeCallback
 .text.HAL_TIMEx_IndexErrorCallback
                0x080060c2        0x2 CMakeFiles/TwisterDriver.elf.dir/Drivers/STM32G4xx_HAL_Driver/Src/stm32g4xx_hal_tim_ex.c.obj
                0x080060c2                HAL_TIMEx_IndexErrorCallback
 .text.HAL_TIMEx_TransitionErrorCallback
                0x080060c4        0x2 CMakeFiles/TwisterDriver.elf.dir/Drivers/STM32G4xx_HAL_Driver/Src/stm32g4xx_hal_tim_ex.c.obj
                0x080060c4                HAL_TIMEx_TransitionErrorCallback
 .text.UART_EndRxTransfer
                0x080060c6       0x56 CMakeFiles/TwisterDriver.elf.dir/Drivers/STM32G4xx_HAL_Driver/Src/stm32g4xx_hal_uart.c.obj
 .text.HAL_UART_TxCpltCallback
                0x0800611c        0x2 CMakeFiles/TwisterDriver.elf.dir/Drivers/STM32G4xx_HAL_Driver/Src/stm32g4xx_hal_uart.c.obj
                0x0800611c                HAL_UART_TxCpltCallback
 .text.UART_EndTransmit_IT
                0x0800611e       0x24 CMakeFiles/TwisterDriver.elf.dir/Drivers/STM32G4xx_HAL_Driver/Src/stm32g4xx_hal_uart.c.obj
 .text.HAL_UART_ErrorCallback
                0x08006142        0x2 CMakeFiles/TwisterDriver.elf.dir/Drivers/STM32G4xx_HAL_Driver/Src/stm32g4xx_hal_uart.c.obj
                0x08006142                HAL_UART_ErrorCallback
 .text.UART_DMAAbortOnError
                0x08006144       0x14 CMakeFiles/TwisterDriver.elf.dir/Drivers/STM32G4xx_HAL_Driver/Src/stm32g4xx_hal_uart.c.obj
 .text.HAL_UARTEx_RxEventCallback
                0x08006158        0x2 CMakeFiles/TwisterDriver.elf.dir/Drivers/STM32G4xx_HAL_Driver/Src/stm32g4xx_hal_uart.c.obj
                0x08006158                HAL_UARTEx_RxEventCallback
 *fill*         0x0800615a        0x2 
 .text.HAL_UART_IRQHandler
                0x0800615c      0x334 CMakeFiles/TwisterDriver.elf.dir/Drivers/STM32G4xx_HAL_Driver/Src/stm32g4xx_hal_uart.c.obj
                0x0800615c                HAL_UART_IRQHandler
 .text.UART_RxISR_8BIT
                0x08006490       0xb2 CMakeFiles/TwisterDriver.elf.dir/Drivers/STM32G4xx_HAL_Driver/Src/stm32g4xx_hal_uart.c.obj
 .text.UART_RxISR_16BIT
                0x08006542       0xb0 CMakeFiles/TwisterDriver.elf.dir/Drivers/STM32G4xx_HAL_Driver/Src/stm32g4xx_hal_uart.c.obj
 *fill*         0x080065f2        0x2 
 .text.UART_RxISR_8BIT_FIFOEN
                0x080065f4      0x1a0 CMakeFiles/TwisterDriver.elf.dir/Drivers/STM32G4xx_HAL_Driver/Src/stm32g4xx_hal_uart.c.obj
 .text.UART_RxISR_16BIT_FIFOEN
                0x08006794      0x1a0 CMakeFiles/TwisterDriver.elf.dir/Drivers/STM32G4xx_HAL_Driver/Src/stm32g4xx_hal_uart.c.obj
 .text.UART_SetConfig
                0x08006934      0x344 CMakeFiles/TwisterDriver.elf.dir/Drivers/STM32G4xx_HAL_Driver/Src/stm32g4xx_hal_uart.c.obj
                0x08006934                UART_SetConfig
 .text.UART_AdvFeatureConfig
                0x08006c78       0xca CMakeFiles/TwisterDriver.elf.dir/Drivers/STM32G4xx_HAL_Driver/Src/stm32g4xx_hal_uart.c.obj
                0x08006c78                UART_AdvFeatureConfig
 .text.UART_WaitOnFlagUntilTimeout
                0x08006d42       0xdc CMakeFiles/TwisterDriver.elf.dir/Drivers/STM32G4xx_HAL_Driver/Src/stm32g4xx_hal_uart.c.obj
                0x08006d42                UART_WaitOnFlagUntilTimeout
 .text.HAL_UART_Transmit
                0x08006e1e       0xde CMakeFiles/TwisterDriver.elf.dir/Drivers/STM32G4xx_HAL_Driver/Src/stm32g4xx_hal_uart.c.obj
                0x08006e1e                HAL_UART_Transmit
 .text.UART_CheckIdleState
                0x08006efc       0x74 CMakeFiles/TwisterDriver.elf.dir/Drivers/STM32G4xx_HAL_Driver/Src/stm32g4xx_hal_uart.c.obj
                0x08006efc                UART_CheckIdleState
 .text.HAL_UART_Init
                0x08006f70       0x66 CMakeFiles/TwisterDriver.elf.dir/Drivers/STM32G4xx_HAL_Driver/Src/stm32g4xx_hal_uart.c.obj
                0x08006f70                HAL_UART_Init
 *fill*         0x08006fd6        0x2 
 .text.UART_Start_Receive_IT
                0x08006fd8      0x148 CMakeFiles/TwisterDriver.elf.dir/Drivers/STM32G4xx_HAL_Driver/Src/stm32g4xx_hal_uart.c.obj
                0x08006fd8                UART_Start_Receive_IT
 .text.HAL_UART_Receive_IT
                0x08007120       0x5c CMakeFiles/TwisterDriver.elf.dir/Drivers/STM32G4xx_HAL_Driver/Src/stm32g4xx_hal_uart.c.obj
                0x08007120                HAL_UART_Receive_IT
 .text.UARTEx_SetNbDataToProcess
                0x0800717c       0x4c CMakeFiles/TwisterDriver.elf.dir/Drivers/STM32G4xx_HAL_Driver/Src/stm32g4xx_hal_uart_ex.c.obj
 .text.HAL_UARTEx_WakeupCallback
                0x080071c8        0x2 CMakeFiles/TwisterDriver.elf.dir/Drivers/STM32G4xx_HAL_Driver/Src/stm32g4xx_hal_uart_ex.c.obj
                0x080071c8                HAL_UARTEx_WakeupCallback
 .text.HAL_UARTEx_RxFifoFullCallback
                0x080071ca        0x2 CMakeFiles/TwisterDriver.elf.dir/Drivers/STM32G4xx_HAL_Driver/Src/stm32g4xx_hal_uart_ex.c.obj
                0x080071ca                HAL_UARTEx_RxFifoFullCallback
 .text.HAL_UARTEx_TxFifoEmptyCallback
                0x080071cc        0x2 CMakeFiles/TwisterDriver.elf.dir/Drivers/STM32G4xx_HAL_Driver/Src/stm32g4xx_hal_uart_ex.c.obj
                0x080071cc                HAL_UARTEx_TxFifoEmptyCallback
 .text.HAL_UARTEx_DisableFifoMode
                0x080071ce       0x3e CMakeFiles/TwisterDriver.elf.dir/Drivers/STM32G4xx_HAL_Driver/Src/stm32g4xx_hal_uart_ex.c.obj
                0x080071ce                HAL_UARTEx_DisableFifoMode
 .text.HAL_UARTEx_SetTxFifoThreshold
                0x0800720c       0x4a CMakeFiles/TwisterDriver.elf.dir/Drivers/STM32G4xx_HAL_Driver/Src/stm32g4xx_hal_uart_ex.c.obj
                0x0800720c                HAL_UARTEx_SetTxFifoThreshold
 .text.HAL_UARTEx_SetRxFifoThreshold
                0x08007256       0x4a CMakeFiles/TwisterDriver.elf.dir/Drivers/STM32G4xx_HAL_Driver/Src/stm32g4xx_hal_uart_ex.c.obj
                0x08007256                HAL_UARTEx_SetRxFifoThreshold
 .text.makeFreeRtosPriority
                0x080072a0        0xc CMakeFiles/TwisterDriver.elf.dir/Middlewares/Third_Party/FreeRTOS/Source/CMSIS_RTOS/cmsis_os.c.obj
 .text.inHandlerMode
                0x080072ac        0xc CMakeFiles/TwisterDriver.elf.dir/Middlewares/Third_Party/FreeRTOS/Source/CMSIS_RTOS/cmsis_os.c.obj
 .text.osKernelStart
                0x080072b8        0xa CMakeFiles/TwisterDriver.elf.dir/Middlewares/Third_Party/FreeRTOS/Source/CMSIS_RTOS/cmsis_os.c.obj
                0x080072b8                osKernelStart
 .text.osThreadCreate
                0x080072c2       0x34 CMakeFiles/TwisterDriver.elf.dir/Middlewares/Third_Party/FreeRTOS/Source/CMSIS_RTOS/cmsis_os.c.obj
                0x080072c2                osThreadCreate
 .text.osDelay  0x080072f6        0xe CMakeFiles/TwisterDriver.elf.dir/Middlewares/Third_Party/FreeRTOS/Source/CMSIS_RTOS/cmsis_os.c.obj
                0x080072f6                osDelay
 .text.osMutexCreate
                0x08007304        0xa CMakeFiles/TwisterDriver.elf.dir/Middlewares/Third_Party/FreeRTOS/Source/CMSIS_RTOS/cmsis_os.c.obj
                0x08007304                osMutexCreate
 .text.osMutexWait
                0x0800730e       0x60 CMakeFiles/TwisterDriver.elf.dir/Middlewares/Third_Party/FreeRTOS/Source/CMSIS_RTOS/cmsis_os.c.obj
                0x0800730e                osMutexWait
 .text.osMutexRelease
                0x0800736e       0x5a CMakeFiles/TwisterDriver.elf.dir/Middlewares/Third_Party/FreeRTOS/Source/CMSIS_RTOS/cmsis_os.c.obj
                0x0800736e                osMutexRelease
 .text.osPoolCreate
                0x080073c8       0x6c CMakeFiles/TwisterDriver.elf.dir/Middlewares/Third_Party/FreeRTOS/Source/CMSIS_RTOS/cmsis_os.c.obj
                0x080073c8                osPoolCreate
 .text.osPoolAlloc
                0x08007434       0x6e CMakeFiles/TwisterDriver.elf.dir/Middlewares/Third_Party/FreeRTOS/Source/CMSIS_RTOS/cmsis_os.c.obj
                0x08007434                osPoolAlloc
 .text.osPoolFree
                0x080074a2       0x40 CMakeFiles/TwisterDriver.elf.dir/Middlewares/Third_Party/FreeRTOS/Source/CMSIS_RTOS/cmsis_os.c.obj
                0x080074a2                osPoolFree
 .text.osMessageCreate
                0x080074e2        0xe CMakeFiles/TwisterDriver.elf.dir/Middlewares/Third_Party/FreeRTOS/Source/CMSIS_RTOS/cmsis_os.c.obj
                0x080074e2                osMessageCreate
 .text.osMessagePut
                0x080074f0       0x66 CMakeFiles/TwisterDriver.elf.dir/Middlewares/Third_Party/FreeRTOS/Source/CMSIS_RTOS/cmsis_os.c.obj
                0x080074f0                osMessagePut
 .text.osMessageGet
                0x08007556       0x88 CMakeFiles/TwisterDriver.elf.dir/Middlewares/Third_Party/FreeRTOS/Source/CMSIS_RTOS/cmsis_os.c.obj
                0x08007556                osMessageGet
 .text.vListInitialise
                0x080075de       0x16 CMakeFiles/TwisterDriver.elf.dir/Middlewares/Third_Party/FreeRTOS/Source/list.c.obj
                0x080075de                vListInitialise
 .text.vListInitialiseItem
                0x080075f4        0x6 CMakeFiles/TwisterDriver.elf.dir/Middlewares/Third_Party/FreeRTOS/Source/list.c.obj
                0x080075f4                vListInitialiseItem
 .text.vListInsertEnd
                0x080075fa       0x16 CMakeFiles/TwisterDriver.elf.dir/Middlewares/Third_Party/FreeRTOS/Source/list.c.obj
                0x080075fa                vListInsertEnd
 .text.vListInsert
                0x08007610       0x32 CMakeFiles/TwisterDriver.elf.dir/Middlewares/Third_Party/FreeRTOS/Source/list.c.obj
                0x08007610                vListInsert
 .text.uxListRemove
                0x08007642       0x26 CMakeFiles/TwisterDriver.elf.dir/Middlewares/Third_Party/FreeRTOS/Source/list.c.obj
                0x08007642                uxListRemove
 .text.prvTaskExitError
                0x08007668       0x40 CMakeFiles/TwisterDriver.elf.dir/Middlewares/Third_Party/FreeRTOS/Source/portable/GCC/ARM_CM4F/port.c.obj
 .text.prvPortStartFirstTask
                0x080076a8       0x28 CMakeFiles/TwisterDriver.elf.dir/Middlewares/Third_Party/FreeRTOS/Source/portable/GCC/ARM_CM4F/port.c.obj
 .text.vPortEnableVFP
                0x080076d0       0x14 CMakeFiles/TwisterDriver.elf.dir/Middlewares/Third_Party/FreeRTOS/Source/portable/GCC/ARM_CM4F/port.c.obj
 .text.pxPortInitialiseStack
                0x080076e4       0x2c CMakeFiles/TwisterDriver.elf.dir/Middlewares/Third_Party/FreeRTOS/Source/portable/GCC/ARM_CM4F/port.c.obj
                0x080076e4                pxPortInitialiseStack
 .text.SVC_Handler
                0x08007710       0x24 CMakeFiles/TwisterDriver.elf.dir/Middlewares/Third_Party/FreeRTOS/Source/portable/GCC/ARM_CM4F/port.c.obj
                0x08007710                SVC_Handler
 .text.vPortEnterCritical
                0x08007734       0x44 CMakeFiles/TwisterDriver.elf.dir/Middlewares/Third_Party/FreeRTOS/Source/portable/GCC/ARM_CM4F/port.c.obj
                0x08007734                vPortEnterCritical
 .text.vPortExitCritical
                0x08007778       0x2c CMakeFiles/TwisterDriver.elf.dir/Middlewares/Third_Party/FreeRTOS/Source/portable/GCC/ARM_CM4F/port.c.obj
                0x08007778                vPortExitCritical
 *fill*         0x080077a4        0xc 
 .text.PendSV_Handler
                0x080077b0       0x64 CMakeFiles/TwisterDriver.elf.dir/Middlewares/Third_Party/FreeRTOS/Source/portable/GCC/ARM_CM4F/port.c.obj
                0x080077b0                PendSV_Handler
 .text.xPortSysTickHandler
                0x08007814       0x2c CMakeFiles/TwisterDriver.elf.dir/Middlewares/Third_Party/FreeRTOS/Source/portable/GCC/ARM_CM4F/port.c.obj
                0x08007814                xPortSysTickHandler
 .text.vPortSetupTimerInterrupt
                0x08007840       0x28 CMakeFiles/TwisterDriver.elf.dir/Middlewares/Third_Party/FreeRTOS/Source/portable/GCC/ARM_CM4F/port.c.obj
                0x08007840                vPortSetupTimerInterrupt
 .text.xPortStartScheduler
                0x08007868      0x118 CMakeFiles/TwisterDriver.elf.dir/Middlewares/Third_Party/FreeRTOS/Source/portable/GCC/ARM_CM4F/port.c.obj
                0x08007868                xPortStartScheduler
 .text.vPortValidateInterruptPriority
                0x08007980       0x5c CMakeFiles/TwisterDriver.elf.dir/Middlewares/Third_Party/FreeRTOS/Source/portable/GCC/ARM_CM4F/port.c.obj
                0x08007980                vPortValidateInterruptPriority
 .text.prvHeapInit
                0x080079dc       0x64 CMakeFiles/TwisterDriver.elf.dir/Middlewares/Third_Party/FreeRTOS/Source/portable/MemMang/heap_4.c.obj
 .text.prvInsertBlockIntoFreeList
                0x08007a40       0x64 CMakeFiles/TwisterDriver.elf.dir/Middlewares/Third_Party/FreeRTOS/Source/portable/MemMang/heap_4.c.obj
 .text.pvPortMalloc
                0x08007aa4       0xfc CMakeFiles/TwisterDriver.elf.dir/Middlewares/Third_Party/FreeRTOS/Source/portable/MemMang/heap_4.c.obj
                0x08007aa4                pvPortMalloc
 .text.vPortFree
                0x08007ba0       0x7c CMakeFiles/TwisterDriver.elf.dir/Middlewares/Third_Party/FreeRTOS/Source/portable/MemMang/heap_4.c.obj
                0x08007ba0                vPortFree
 .text.prvGetDisinheritPriorityAfterTimeout
                0x08007c1c       0x10 CMakeFiles/TwisterDriver.elf.dir/Middlewares/Third_Party/FreeRTOS/Source/queue.c.obj
 .text.prvIsQueueFull
                0x08007c2c       0x1e CMakeFiles/TwisterDriver.elf.dir/Middlewares/Third_Party/FreeRTOS/Source/queue.c.obj
 .text.prvIsQueueEmpty
                0x08007c4a       0x1a CMakeFiles/TwisterDriver.elf.dir/Middlewares/Third_Party/FreeRTOS/Source/queue.c.obj
 .text.prvCopyDataToQueue
                0x08007c64       0x76 CMakeFiles/TwisterDriver.elf.dir/Middlewares/Third_Party/FreeRTOS/Source/queue.c.obj
 .text.prvCopyDataFromQueue
                0x08007cda       0x24 CMakeFiles/TwisterDriver.elf.dir/Middlewares/Third_Party/FreeRTOS/Source/queue.c.obj
 .text.prvUnlockQueue
                0x08007cfe       0x6e CMakeFiles/TwisterDriver.elf.dir/Middlewares/Third_Party/FreeRTOS/Source/queue.c.obj
 .text.xQueueGenericReset
                0x08007d6c       0x84 CMakeFiles/TwisterDriver.elf.dir/Middlewares/Third_Party/FreeRTOS/Source/queue.c.obj
                0x08007d6c                xQueueGenericReset
 .text.prvInitialiseNewQueue
                0x08007df0       0x1c CMakeFiles/TwisterDriver.elf.dir/Middlewares/Third_Party/FreeRTOS/Source/queue.c.obj
 .text.xQueueGenericCreate
                0x08007e0c       0x42 CMakeFiles/TwisterDriver.elf.dir/Middlewares/Third_Party/FreeRTOS/Source/queue.c.obj
                0x08007e0c                xQueueGenericCreate
 .text.xQueueGenericSend
                0x08007e4e      0x188 CMakeFiles/TwisterDriver.elf.dir/Middlewares/Third_Party/FreeRTOS/Source/queue.c.obj
                0x08007e4e                xQueueGenericSend
 .text.prvInitialiseMutex
                0x08007fd6       0x18 CMakeFiles/TwisterDriver.elf.dir/Middlewares/Third_Party/FreeRTOS/Source/queue.c.obj
 .text.xQueueCreateMutex
                0x08007fee       0x16 CMakeFiles/TwisterDriver.elf.dir/Middlewares/Third_Party/FreeRTOS/Source/queue.c.obj
                0x08007fee                xQueueCreateMutex
 .text.xQueueGenericSendFromISR
                0x08008004       0xce CMakeFiles/TwisterDriver.elf.dir/Middlewares/Third_Party/FreeRTOS/Source/queue.c.obj
                0x08008004                xQueueGenericSendFromISR
 .text.xQueueGiveFromISR
                0x080080d2       0xb2 CMakeFiles/TwisterDriver.elf.dir/Middlewares/Third_Party/FreeRTOS/Source/queue.c.obj
                0x080080d2                xQueueGiveFromISR
 .text.xQueueReceive
                0x08008184      0x15e CMakeFiles/TwisterDriver.elf.dir/Middlewares/Third_Party/FreeRTOS/Source/queue.c.obj
                0x08008184                xQueueReceive
 .text.xQueueSemaphoreTake
                0x080082e2      0x1a6 CMakeFiles/TwisterDriver.elf.dir/Middlewares/Third_Party/FreeRTOS/Source/queue.c.obj
                0x080082e2                xQueueSemaphoreTake
 .text.xQueueReceiveFromISR
                0x08008488       0xa8 CMakeFiles/TwisterDriver.elf.dir/Middlewares/Third_Party/FreeRTOS/Source/queue.c.obj
                0x08008488                xQueueReceiveFromISR
 .text.prvResetNextTaskUnblockTime
                0x08008530       0x2c CMakeFiles/TwisterDriver.elf.dir/Middlewares/Third_Party/FreeRTOS/Source/tasks.c.obj
 .text.prvDeleteTCB
                0x0800855c       0x12 CMakeFiles/TwisterDriver.elf.dir/Middlewares/Third_Party/FreeRTOS/Source/tasks.c.obj
 .text.prvInitialiseNewTask
                0x0800856e       0xa2 CMakeFiles/TwisterDriver.elf.dir/Middlewares/Third_Party/FreeRTOS/Source/tasks.c.obj
 .text.prvInitialiseTaskLists
                0x08008610       0x68 CMakeFiles/TwisterDriver.elf.dir/Middlewares/Third_Party/FreeRTOS/Source/tasks.c.obj
 .text.prvAddNewTaskToReadyList
                0x08008678       0xa8 CMakeFiles/TwisterDriver.elf.dir/Middlewares/Third_Party/FreeRTOS/Source/tasks.c.obj
 .text.prvCheckTasksWaitingTermination
                0x08008720       0x4c CMakeFiles/TwisterDriver.elf.dir/Middlewares/Third_Party/FreeRTOS/Source/tasks.c.obj
 .text.prvIdleTask
                0x0800876c       0x28 CMakeFiles/TwisterDriver.elf.dir/Middlewares/Third_Party/FreeRTOS/Source/tasks.c.obj
 .text.prvAddCurrentTaskToDelayedList
                0x08008794       0x98 CMakeFiles/TwisterDriver.elf.dir/Middlewares/Third_Party/FreeRTOS/Source/tasks.c.obj
 .text.xTaskCreate
                0x0800882c       0x64 CMakeFiles/TwisterDriver.elf.dir/Middlewares/Third_Party/FreeRTOS/Source/tasks.c.obj
                0x0800882c                xTaskCreate
 .text.vTaskStartScheduler
                0x08008890       0x7c CMakeFiles/TwisterDriver.elf.dir/Middlewares/Third_Party/FreeRTOS/Source/tasks.c.obj
                0x08008890                vTaskStartScheduler
 .text.vTaskSuspendAll
                0x0800890c       0x10 CMakeFiles/TwisterDriver.elf.dir/Middlewares/Third_Party/FreeRTOS/Source/tasks.c.obj
                0x0800890c                vTaskSuspendAll
 .text.xTaskIncrementTick
                0x0800891c      0x118 CMakeFiles/TwisterDriver.elf.dir/Middlewares/Third_Party/FreeRTOS/Source/tasks.c.obj
                0x0800891c                xTaskIncrementTick
 .text.xTaskResumeAll
                0x08008a34       0xf8 CMakeFiles/TwisterDriver.elf.dir/Middlewares/Third_Party/FreeRTOS/Source/tasks.c.obj
                0x08008a34                xTaskResumeAll
 .text.vTaskDelay
                0x08008b2c       0x4c CMakeFiles/TwisterDriver.elf.dir/Middlewares/Third_Party/FreeRTOS/Source/tasks.c.obj
                0x08008b2c                vTaskDelay
 .text.vTaskSwitchContext
                0x08008b78       0x98 CMakeFiles/TwisterDriver.elf.dir/Middlewares/Third_Party/FreeRTOS/Source/tasks.c.obj
                0x08008b78                vTaskSwitchContext
 .text.vTaskPlaceOnEventList
                0x08008c10       0x30 CMakeFiles/TwisterDriver.elf.dir/Middlewares/Third_Party/FreeRTOS/Source/tasks.c.obj
                0x08008c10                vTaskPlaceOnEventList
 .text.xTaskRemoveFromEventList
                0x08008c40       0x8c CMakeFiles/TwisterDriver.elf.dir/Middlewares/Third_Party/FreeRTOS/Source/tasks.c.obj
                0x08008c40                xTaskRemoveFromEventList
 .text.vTaskInternalSetTimeOutState
                0x08008ccc       0x18 CMakeFiles/TwisterDriver.elf.dir/Middlewares/Third_Party/FreeRTOS/Source/tasks.c.obj
                0x08008ccc                vTaskInternalSetTimeOutState
 .text.xTaskCheckForTimeOut
                0x08008ce4       0x84 CMakeFiles/TwisterDriver.elf.dir/Middlewares/Third_Party/FreeRTOS/Source/tasks.c.obj
                0x08008ce4                xTaskCheckForTimeOut
 .text.vTaskMissedYield
                0x08008d68        0xc CMakeFiles/TwisterDriver.elf.dir/Middlewares/Third_Party/FreeRTOS/Source/tasks.c.obj
                0x08008d68                vTaskMissedYield
 .text.xTaskGetSchedulerState
                0x08008d74       0x20 CMakeFiles/TwisterDriver.elf.dir/Middlewares/Third_Party/FreeRTOS/Source/tasks.c.obj
                0x08008d74                xTaskGetSchedulerState
 .text.xTaskPriorityInherit
                0x08008d94       0xac CMakeFiles/TwisterDriver.elf.dir/Middlewares/Third_Party/FreeRTOS/Source/tasks.c.obj
                0x08008d94                xTaskPriorityInherit
 .text.xTaskPriorityDisinherit
                0x08008e40       0xb4 CMakeFiles/TwisterDriver.elf.dir/Middlewares/Third_Party/FreeRTOS/Source/tasks.c.obj
                0x08008e40                xTaskPriorityDisinherit
 .text.vTaskPriorityDisinheritAfterTimeout
                0x08008ef4       0xb4 CMakeFiles/TwisterDriver.elf.dir/Middlewares/Third_Party/FreeRTOS/Source/tasks.c.obj
                0x08008ef4                vTaskPriorityDisinheritAfterTimeout
 .text.pvTaskIncrementMutexHeldCount
                0x08008fa8       0x1c CMakeFiles/TwisterDriver.elf.dir/Middlewares/Third_Party/FreeRTOS/Source/tasks.c.obj
                0x08008fa8                pvTaskIncrementMutexHeldCount
 .text.FOC_Vbus
                0x08008fc4       0x28 CMakeFiles/TwisterDriver.elf.dir/UserApp/FOC/FOC.c.obj
                0x08008fc4                FOC_Vbus
 .text.setPWM   0x08008fec       0xf4 CMakeFiles/TwisterDriver.elf.dir/UserApp/FOC/FOC.c.obj
                0x08008fec                setPWM
 .text.FOC_VEL_PID
                0x080090e0       0x10 CMakeFiles/TwisterDriver.elf.dir/UserApp/FOC/FOC.c.obj
                0x080090e0                FOC_VEL_PID
 .text.FOC_getVelocity
                0x080090f0       0xa8 CMakeFiles/TwisterDriver.elf.dir/UserApp/FOC/FOC.c.obj
                0x080090f0                FOC_getVelocity
 .text._normalizeAngle
                0x08009198       0x44 CMakeFiles/TwisterDriver.elf.dir/UserApp/FOC/FOC.c.obj
                0x08009198                _normalizeAngle
 .text.setTorque
                0x080091dc       0xd0 CMakeFiles/TwisterDriver.elf.dir/UserApp/FOC/FOC.c.obj
                0x080091dc                setTorque
 .text._electricalAngle
                0x080092ac       0x22 CMakeFiles/TwisterDriver.elf.dir/UserApp/FOC/FOC.c.obj
                0x080092ac                _electricalAngle
 *fill*         0x080092ce        0x2 
 .text.FOC_alignSensor
                0x080092d0       0x78 CMakeFiles/TwisterDriver.elf.dir/UserApp/FOC/FOC.c.obj
                0x080092d0                FOC_alignSensor
 .text.FOC_Clarke_Park
                0x08009348       0xa0 CMakeFiles/TwisterDriver.elf.dir/UserApp/FOC/FOC.c.obj
                0x08009348                FOC_Clarke_Park
 .text.FOC_SVPWM
                0x080093e8      0x218 CMakeFiles/TwisterDriver.elf.dir/UserApp/FOC/FOC.c.obj
                0x080093e8                FOC_SVPWM
 .text.FOC_current_control_loop
                0x08009600       0xdc CMakeFiles/TwisterDriver.elf.dir/UserApp/FOC/FOC.c.obj
                0x08009600                FOC_current_control_loop
 .text.FOC_setVelocity_currentControl
                0x080096dc       0xa0 CMakeFiles/TwisterDriver.elf.dir/UserApp/FOC/FOC.c.obj
                0x080096dc                FOC_setVelocity_currentControl
 .text.movingAverageFilter
                0x0800977c       0x3e CMakeFiles/TwisterDriver.elf.dir/UserApp/FOC/Filter.c.obj
                0x0800977c                movingAverageFilter
 *fill*         0x080097ba        0x2 
 .text.Low_Pass_Filter
                0x080097bc       0x74 CMakeFiles/TwisterDriver.elf.dir/UserApp/FOC/Filter.c.obj
                0x080097bc                Low_Pass_Filter
 .text._init3PWM
                0x08009830       0x40 CMakeFiles/TwisterDriver.elf.dir/UserApp/FOC/hardware_api.c.obj
                0x08009830                _init3PWM
 .text._writeDutyCycle3PWM_1
                0x08009870       0x38 CMakeFiles/TwisterDriver.elf.dir/UserApp/FOC/hardware_api.c.obj
                0x08009870                _writeDutyCycle3PWM_1
 .text._writeDutyCycle3PWM_2
                0x080098a8       0x38 CMakeFiles/TwisterDriver.elf.dir/UserApp/FOC/hardware_api.c.obj
                0x080098a8                _writeDutyCycle3PWM_2
 .text._initCurrentSample
                0x080098e0       0x30 CMakeFiles/TwisterDriver.elf.dir/UserApp/FOC/hardware_api.c.obj
                0x080098e0                _initCurrentSample
 .text._getCurrentZeroValue
                0x08009910       0xa0 CMakeFiles/TwisterDriver.elf.dir/UserApp/FOC/hardware_api.c.obj
                0x08009910                _getCurrentZeroValue
 .text._currentGetValue
                0x080099b0       0x84 CMakeFiles/TwisterDriver.elf.dir/UserApp/FOC/hardware_api.c.obj
                0x080099b0                _currentGetValue
 .text._currentGetValue2
                0x08009a34       0x84 CMakeFiles/TwisterDriver.elf.dir/UserApp/FOC/hardware_api.c.obj
                0x08009a34                _currentGetValue2
 .text.Pid_Init
                0x08009ab8        0xe CMakeFiles/TwisterDriver.elf.dir/UserApp/FOC/my_PID.c.obj
                0x08009ab8                Pid_Init
 *fill*         0x08009ac6        0x2 
 .text.Pid_Value_Init
                0x08009ac8      0x170 CMakeFiles/TwisterDriver.elf.dir/UserApp/FOC/my_PID.c.obj
                0x08009ac8                Pid_Value_Init
 .text.Position_Pid_Calculate
                0x08009c38       0xea CMakeFiles/TwisterDriver.elf.dir/UserApp/FOC/my_PID.c.obj
                0x08009c38                Position_Pid_Calculate
 *fill*         0x08009d22        0x2 
 .text.mt6701_read_reg
                0x08009d24       0x24 CMakeFiles/TwisterDriver.elf.dir/UserApp/MT6701/MT6701.c.obj
                0x08009d24                mt6701_read_reg
 .text.mt6701_read_reg_2
                0x08009d48       0x24 CMakeFiles/TwisterDriver.elf.dir/UserApp/MT6701/MT6701.c.obj
                0x08009d48                mt6701_read_reg_2
 .text.i2c_mt6701_get_angle
                0x08009d6c       0x60 CMakeFiles/TwisterDriver.elf.dir/UserApp/MT6701/MT6701.c.obj
                0x08009d6c                i2c_mt6701_get_angle
 .text.i2c2_mt6701_get_angle
                0x08009dcc       0x60 CMakeFiles/TwisterDriver.elf.dir/UserApp/MT6701/MT6701.c.obj
                0x08009dcc                i2c2_mt6701_get_angle
 .text.getAngle2Pulse
                0x08009e2c        0x6 CMakeFiles/TwisterDriver.elf.dir/UserApp/Servo/Servo.c.obj
                0x08009e2c                getAngle2Pulse
 .text.move2TargetAngle
                0x08009e32       0x80 CMakeFiles/TwisterDriver.elf.dir/UserApp/Servo/Servo.c.obj
                0x08009e32                move2TargetAngle
 *fill*         0x08009eb2        0x2 
 .text.setAngle_270
                0x08009eb4       0x98 CMakeFiles/TwisterDriver.elf.dir/UserApp/Servo/Servo.c.obj
                0x08009eb4                setAngle_270
 .text.Servo_Create
                0x08009f4c       0x40 CMakeFiles/TwisterDriver.elf.dir/UserApp/Servo/Servo.c.obj
                0x08009f4c                Servo_Create
 .text.Servo_init
                0x08009f8c       0x94 CMakeFiles/TwisterDriver.elf.dir/UserApp/Servo/Servo.c.obj
                0x08009f8c                Servo_init
 .text.case_insensitive_strcmp
                0x0800a020       0x60 CMakeFiles/TwisterDriver.elf.dir/UserApp/cJSON/cJSON.c.obj
 .text.get_decimal_point
                0x0800a080        0x4 CMakeFiles/TwisterDriver.elf.dir/UserApp/cJSON/cJSON.c.obj
 .text.compare_double
                0x0800a084       0x60 CMakeFiles/TwisterDriver.elf.dir/UserApp/cJSON/cJSON.c.obj
 .text.parse_hex4
                0x0800a0e4       0x4c CMakeFiles/TwisterDriver.elf.dir/UserApp/cJSON/cJSON.c.obj
 .text.utf16_literal_to_utf8
                0x0800a130       0xec CMakeFiles/TwisterDriver.elf.dir/UserApp/cJSON/cJSON.c.obj
 .text.parse_string
                0x0800a21c      0x15c CMakeFiles/TwisterDriver.elf.dir/UserApp/cJSON/cJSON.c.obj
 .text.buffer_skip_whitespace
                0x0800a378       0x3e CMakeFiles/TwisterDriver.elf.dir/UserApp/cJSON/cJSON.c.obj
 .text.suffix_object
                0x0800a3b6        0x6 CMakeFiles/TwisterDriver.elf.dir/UserApp/cJSON/cJSON.c.obj
 .text.add_item_to_array
                0x0800a3bc       0x3c CMakeFiles/TwisterDriver.elf.dir/UserApp/cJSON/cJSON.c.obj
 .text.cast_away_const
                0x0800a3f8        0x2 CMakeFiles/TwisterDriver.elf.dir/UserApp/cJSON/cJSON.c.obj
 .text.update_offset
                0x0800a3fa       0x1a CMakeFiles/TwisterDriver.elf.dir/UserApp/cJSON/cJSON.c.obj
 .text.cJSON_strdup
                0x0800a414       0x28 CMakeFiles/TwisterDriver.elf.dir/UserApp/cJSON/cJSON.c.obj
 .text.add_item_to_object
                0x0800a43c       0x72 CMakeFiles/TwisterDriver.elf.dir/UserApp/cJSON/cJSON.c.obj
 .text.ensure   0x0800a4ae       0xa6 CMakeFiles/TwisterDriver.elf.dir/UserApp/cJSON/cJSON.c.obj
 .text.cJSON_New_Item
                0x0800a554       0x18 CMakeFiles/TwisterDriver.elf.dir/UserApp/cJSON/cJSON.c.obj
 .text.skip_utf8_bom
                0x0800a56c       0x38 CMakeFiles/TwisterDriver.elf.dir/UserApp/cJSON/cJSON.c.obj
 *fill*         0x0800a5a4        0x4 
 .text.parse_number
                0x0800a5a8      0x164 CMakeFiles/TwisterDriver.elf.dir/UserApp/cJSON/cJSON.c.obj
 .text.print_string_ptr
                0x0800a70c      0x14c CMakeFiles/TwisterDriver.elf.dir/UserApp/cJSON/cJSON.c.obj
 .text.print_string
                0x0800a858        0xa CMakeFiles/TwisterDriver.elf.dir/UserApp/cJSON/cJSON.c.obj
 *fill*         0x0800a862        0x2 
 .text.print_number
                0x0800a864      0x13c CMakeFiles/TwisterDriver.elf.dir/UserApp/cJSON/cJSON.c.obj
 .text.print_value
                0x0800a9a0      0x114 CMakeFiles/TwisterDriver.elf.dir/UserApp/cJSON/cJSON.c.obj
 .text.print    0x0800aab4       0xa4 CMakeFiles/TwisterDriver.elf.dir/UserApp/cJSON/cJSON.c.obj
 .text.print_array
                0x0800ab58       0xa8 CMakeFiles/TwisterDriver.elf.dir/UserApp/cJSON/cJSON.c.obj
 .text.print_object
                0x0800ac00      0x16a CMakeFiles/TwisterDriver.elf.dir/UserApp/cJSON/cJSON.c.obj
 .text.get_object_item
                0x0800ad6a       0x4a CMakeFiles/TwisterDriver.elf.dir/UserApp/cJSON/cJSON.c.obj
 .text.cJSON_GetErrorPtr
                0x0800adb4       0x10 CMakeFiles/TwisterDriver.elf.dir/UserApp/cJSON/cJSON.c.obj
                0x0800adb4                cJSON_GetErrorPtr
 .text.cJSON_Delete
                0x0800adc4       0x54 CMakeFiles/TwisterDriver.elf.dir/UserApp/cJSON/cJSON.c.obj
                0x0800adc4                cJSON_Delete
 .text.parse_object
                0x0800ae18      0x130 CMakeFiles/TwisterDriver.elf.dir/UserApp/cJSON/cJSON.c.obj
 .text.parse_value
                0x0800af48      0x108 CMakeFiles/TwisterDriver.elf.dir/UserApp/cJSON/cJSON.c.obj
 .text.parse_array
                0x0800b050       0xec CMakeFiles/TwisterDriver.elf.dir/UserApp/cJSON/cJSON.c.obj
 .text.cJSON_ParseWithLengthOpts
                0x0800b13c       0xcc CMakeFiles/TwisterDriver.elf.dir/UserApp/cJSON/cJSON.c.obj
                0x0800b13c                cJSON_ParseWithLengthOpts
 .text.cJSON_ParseWithOpts
                0x0800b208       0x1c CMakeFiles/TwisterDriver.elf.dir/UserApp/cJSON/cJSON.c.obj
                0x0800b208                cJSON_ParseWithOpts
 .text.cJSON_Parse
                0x0800b224        0xc CMakeFiles/TwisterDriver.elf.dir/UserApp/cJSON/cJSON.c.obj
                0x0800b224                cJSON_Parse
 .text.cJSON_Print
                0x0800b230       0x10 CMakeFiles/TwisterDriver.elf.dir/UserApp/cJSON/cJSON.c.obj
                0x0800b230                cJSON_Print
 .text.cJSON_GetObjectItem
                0x0800b240        0xa CMakeFiles/TwisterDriver.elf.dir/UserApp/cJSON/cJSON.c.obj
                0x0800b240                cJSON_GetObjectItem
 *fill*         0x0800b24a        0x2 
 .text.cJSON_AddItemToObject
                0x0800b24c       0x18 CMakeFiles/TwisterDriver.elf.dir/UserApp/cJSON/cJSON.c.obj
                0x0800b24c                cJSON_AddItemToObject
 *fill*         0x0800b264        0x4 
 .text.cJSON_CreateNumber
                0x0800b268       0x68 CMakeFiles/TwisterDriver.elf.dir/UserApp/cJSON/cJSON.c.obj
                0x0800b268                cJSON_CreateNumber
 .text.cJSON_CreateString
                0x0800b2d0       0x34 CMakeFiles/TwisterDriver.elf.dir/UserApp/cJSON/cJSON.c.obj
                0x0800b2d0                cJSON_CreateString
 .text.cJSON_CreateObject
                0x0800b304       0x14 CMakeFiles/TwisterDriver.elf.dir/UserApp/cJSON/cJSON.c.obj
                0x0800b304                cJSON_CreateObject
 .text.res_sendHeartBeat
                0x0800b318       0x90 CMakeFiles/TwisterDriver.elf.dir/UserApp/cJsonParse/cmd_Parse.c.obj
                0x0800b318                res_sendHeartBeat
 .text.cmd_setAngularDeviation
                0x0800b3a8       0x98 CMakeFiles/TwisterDriver.elf.dir/UserApp/cJsonParse/cmd_Parse.c.obj
                0x0800b3a8                cmd_setAngularDeviation
 .text.cmd_setMotorAngle
                0x0800b440       0xe0 CMakeFiles/TwisterDriver.elf.dir/UserApp/cJsonParse/cmd_Parse.c.obj
                0x0800b440                cmd_setMotorAngle
 .text.cmd_setServoAngle
                0x0800b520      0x114 CMakeFiles/TwisterDriver.elf.dir/UserApp/cJsonParse/cmd_Parse.c.obj
                0x0800b520                cmd_setServoAngle
 *fill*         0x0800b634        0x4 
 .text.cmd_getMotorSpeed
                0x0800b638       0xac CMakeFiles/TwisterDriver.elf.dir/UserApp/cJsonParse/cmd_Parse.c.obj
                0x0800b638                cmd_getMotorSpeed
 *fill*         0x0800b6e4        0x4 
 .text.cmd_getMotorAngle
                0x0800b6e8       0xac CMakeFiles/TwisterDriver.elf.dir/UserApp/cJsonParse/cmd_Parse.c.obj
                0x0800b6e8                cmd_getMotorAngle
 *fill*         0x0800b794        0x4 
 .text.cmd_getMotorCurrent
                0x0800b798       0xac CMakeFiles/TwisterDriver.elf.dir/UserApp/cJsonParse/cmd_Parse.c.obj
                0x0800b798                cmd_getMotorCurrent
 *fill*         0x0800b844        0x4 
 .text.cmd_getSystemMode
                0x0800b848       0x6c CMakeFiles/TwisterDriver.elf.dir/UserApp/cJsonParse/cmd_Parse.c.obj
                0x0800b848                cmd_getSystemMode
 *fill*         0x0800b8b4        0x4 
 .text.cmd_setHeartBeat
                0x0800b8b8       0x98 CMakeFiles/TwisterDriver.elf.dir/UserApp/cJsonParse/cmd_Parse.c.obj
                0x0800b8b8                cmd_setHeartBeat
 .text.cmd_setFOCMode
                0x0800b950       0xec CMakeFiles/TwisterDriver.elf.dir/UserApp/cJsonParse/cmd_Parse.c.obj
                0x0800b950                cmd_setFOCMode
 *fill*         0x0800ba3c        0x4 
 .text.cmd_setIMUValue
                0x0800ba40       0xd8 CMakeFiles/TwisterDriver.elf.dir/UserApp/cJsonParse/cmd_Parse.c.obj
                0x0800ba40                cmd_setIMUValue
 .text.cmd_startParse
                0x0800bb18       0x94 CMakeFiles/TwisterDriver.elf.dir/UserApp/cJsonParse/cmd_Parse.c.obj
                0x0800bb18                cmd_startParse
 .text.angleReduce
                0x0800bbac       0x44 CMakeFiles/TwisterDriver.elf.dir/UserApp/multiBotton/multi_button.c.obj
 .text.angleIncrease
                0x0800bbf0       0x2c CMakeFiles/TwisterDriver.elf.dir/UserApp/multiBotton/multi_button.c.obj
 .text.speedReduce
                0x0800bc1c       0x2c CMakeFiles/TwisterDriver.elf.dir/UserApp/multiBotton/multi_button.c.obj
 .text.speedIncrease
                0x0800bc48       0x2c CMakeFiles/TwisterDriver.elf.dir/UserApp/multiBotton/multi_button.c.obj
 .text.speedClean
                0x0800bc74       0x14 CMakeFiles/TwisterDriver.elf.dir/UserApp/multiBotton/multi_button.c.obj
 .text.speedReverse
                0x0800bc88       0x28 CMakeFiles/TwisterDriver.elf.dir/UserApp/multiBotton/multi_button.c.obj
 .text.button_init
                0x0800bcb0       0x30 CMakeFiles/TwisterDriver.elf.dir/UserApp/multiBotton/multi_button.c.obj
                0x0800bcb0                button_init
 .text.button_attach
                0x0800bce0        0x8 CMakeFiles/TwisterDriver.elf.dir/UserApp/multiBotton/multi_button.c.obj
                0x0800bce0                button_attach
 .text.button_handler
                0x0800bce8      0x210 CMakeFiles/TwisterDriver.elf.dir/UserApp/multiBotton/multi_button.c.obj
                0x0800bce8                button_handler
 .text.button_start
                0x0800bef8       0x24 CMakeFiles/TwisterDriver.elf.dir/UserApp/multiBotton/multi_button.c.obj
                0x0800bef8                button_start
 .text.button_ticks
                0x0800bf1c       0x1c CMakeFiles/TwisterDriver.elf.dir/UserApp/multiBotton/multi_button.c.obj
                0x0800bf1c                button_ticks
 .text.read_KEY1_GPIO
                0x0800bf38       0x14 CMakeFiles/TwisterDriver.elf.dir/UserApp/multiBotton/multi_button.c.obj
                0x0800bf38                read_KEY1_GPIO
 .text.read_KEY2_GPIO
                0x0800bf4c       0x14 CMakeFiles/TwisterDriver.elf.dir/UserApp/multiBotton/multi_button.c.obj
                0x0800bf4c                read_KEY2_GPIO
 .text.read_KEY3_GPIO
                0x0800bf60       0x14 CMakeFiles/TwisterDriver.elf.dir/UserApp/multiBotton/multi_button.c.obj
                0x0800bf60                read_KEY3_GPIO
 .text.read_KEY4_GPIO
                0x0800bf74       0x14 CMakeFiles/TwisterDriver.elf.dir/UserApp/multiBotton/multi_button.c.obj
                0x0800bf74                read_KEY4_GPIO
 .text.read_KEY5_GPIO
                0x0800bf88       0x14 CMakeFiles/TwisterDriver.elf.dir/UserApp/multiBotton/multi_button.c.obj
                0x0800bf88                read_KEY5_GPIO
 .text.read_KEY6_GPIO
                0x0800bf9c       0x10 CMakeFiles/TwisterDriver.elf.dir/UserApp/multiBotton/multi_button.c.obj
                0x0800bf9c                read_KEY6_GPIO
 .text.KEY1_PRESS_DOWN_Handler
                0x0800bfac        0x8 CMakeFiles/TwisterDriver.elf.dir/UserApp/multiBotton/multi_button.c.obj
                0x0800bfac                KEY1_PRESS_DOWN_Handler
 .text.KEY2_PRESS_DOWN_Handler
                0x0800bfb4        0x8 CMakeFiles/TwisterDriver.elf.dir/UserApp/multiBotton/multi_button.c.obj
                0x0800bfb4                KEY2_PRESS_DOWN_Handler
 .text.KEY3_PRESS_DOWN_Handler
                0x0800bfbc        0x8 CMakeFiles/TwisterDriver.elf.dir/UserApp/multiBotton/multi_button.c.obj
                0x0800bfbc                KEY3_PRESS_DOWN_Handler
 .text.KEY4_PRESS_DOWN_Handler
                0x0800bfc4        0x8 CMakeFiles/TwisterDriver.elf.dir/UserApp/multiBotton/multi_button.c.obj
                0x0800bfc4                KEY4_PRESS_DOWN_Handler
 .text.KEY5_PRESS_DOWN_Handler
                0x0800bfcc        0x8 CMakeFiles/TwisterDriver.elf.dir/UserApp/multiBotton/multi_button.c.obj
                0x0800bfcc                KEY5_PRESS_DOWN_Handler
 .text.KEY6_PRESS_DOWN_Handler
                0x0800bfd4        0x8 CMakeFiles/TwisterDriver.elf.dir/UserApp/multiBotton/multi_button.c.obj
                0x0800bfd4                KEY6_PRESS_DOWN_Handler
 .text.uart_printf
                0x0800bfdc       0x48 CMakeFiles/TwisterDriver.elf.dir/UserApp/retarget/retarget.c.obj
                0x0800bfdc                uart_printf
 .text.uart3_printf
                0x0800c024       0x64 CMakeFiles/TwisterDriver.elf.dir/UserApp/retarget/retarget.c.obj
                0x0800c024                uart3_printf
 .text.__errno  0x0800c088        0xc e:/compiler/bin/../lib/gcc/arm-none-eabi/10.2.1/../../../../arm-none-eabi/lib/thumb/v7e-m+fp/hard\libg.a(lib_a-errno.o)
                0x0800c088                __errno
 .text.__libc_init_array
                0x0800c094       0x48 e:/compiler/bin/../lib/gcc/arm-none-eabi/10.2.1/../../../../arm-none-eabi/lib/thumb/v7e-m+fp/hard\libg.a(lib_a-init.o)
                0x0800c094                __libc_init_array
 .text.malloc   0x0800c0dc       0x10 e:/compiler/bin/../lib/gcc/arm-none-eabi/10.2.1/../../../../arm-none-eabi/lib/thumb/v7e-m+fp/hard\libg.a(lib_a-malloc.o)
                0x0800c0dc                malloc
 .text.free     0x0800c0ec       0x10 e:/compiler/bin/../lib/gcc/arm-none-eabi/10.2.1/../../../../arm-none-eabi/lib/thumb/v7e-m+fp/hard\libg.a(lib_a-malloc.o)
                0x0800c0ec                free
 .text._malloc_r
                0x0800c0fc      0x560 e:/compiler/bin/../lib/gcc/arm-none-eabi/10.2.1/../../../../arm-none-eabi/lib/thumb/v7e-m+fp/hard\libg.a(lib_a-mallocr.o)
                0x0800c0fc                _malloc_r
 .text.memset   0x0800c65c       0xa4 e:/compiler/bin/../lib/gcc/arm-none-eabi/10.2.1/../../../../arm-none-eabi/lib/thumb/v7e-m+fp/hard\libg.a(lib_a-memset.o)
                0x0800c65c                memset
 .text.__malloc_lock
                0x0800c700        0xc e:/compiler/bin/../lib/gcc/arm-none-eabi/10.2.1/../../../../arm-none-eabi/lib/thumb/v7e-m+fp/hard\libg.a(lib_a-mlock.o)
                0x0800c700                __malloc_lock
 .text.__malloc_unlock
                0x0800c70c        0xc e:/compiler/bin/../lib/gcc/arm-none-eabi/10.2.1/../../../../arm-none-eabi/lib/thumb/v7e-m+fp/hard\libg.a(lib_a-mlock.o)
                0x0800c70c                __malloc_unlock
 .text.realloc  0x0800c718       0x18 e:/compiler/bin/../lib/gcc/arm-none-eabi/10.2.1/../../../../arm-none-eabi/lib/thumb/v7e-m+fp/hard\libg.a(lib_a-realloc.o)
                0x0800c718                realloc
 .text._realloc_r
                0x0800c730      0x3d8 e:/compiler/bin/../lib/gcc/arm-none-eabi/10.2.1/../../../../arm-none-eabi/lib/thumb/v7e-m+fp/hard\libg.a(lib_a-reallocr.o)
                0x0800c730                _realloc_r
 .text._sbrk_r  0x0800cb08       0x24 e:/compiler/bin/../lib/gcc/arm-none-eabi/10.2.1/../../../../arm-none-eabi/lib/thumb/v7e-m+fp/hard\libg.a(lib_a-sbrkr.o)
                0x0800cb08                _sbrk_r
 .text.sprintf  0x0800cb2c       0x40 e:/compiler/bin/../lib/gcc/arm-none-eabi/10.2.1/../../../../arm-none-eabi/lib/thumb/v7e-m+fp/hard\libg.a(lib_a-sprintf.o)
                0x0800cb2c                sprintf
 .text.sscanf   0x0800cb6c       0x58 e:/compiler/bin/../lib/gcc/arm-none-eabi/10.2.1/../../../../arm-none-eabi/lib/thumb/v7e-m+fp/hard\libg.a(lib_a-sscanf.o)
                0x0800cb6c                sscanf
 .text.__sread  0x0800cbc4       0x24 e:/compiler/bin/../lib/gcc/arm-none-eabi/10.2.1/../../../../arm-none-eabi/lib/thumb/v7e-m+fp/hard\libg.a(lib_a-stdio.o)
                0x0800cbc4                __sread
 .text.__seofread
                0x0800cbe8        0x4 e:/compiler/bin/../lib/gcc/arm-none-eabi/10.2.1/../../../../arm-none-eabi/lib/thumb/v7e-m+fp/hard\libg.a(lib_a-stdio.o)
                0x0800cbe8                __seofread
 .text.__swrite
                0x0800cbec       0x40 e:/compiler/bin/../lib/gcc/arm-none-eabi/10.2.1/../../../../arm-none-eabi/lib/thumb/v7e-m+fp/hard\libg.a(lib_a-stdio.o)
                0x0800cbec                __swrite
 .text.__sseek  0x0800cc2c       0x20 e:/compiler/bin/../lib/gcc/arm-none-eabi/10.2.1/../../../../arm-none-eabi/lib/thumb/v7e-m+fp/hard\libg.a(lib_a-stdio.o)
                0x0800cc2c                __sseek
 .text.__sclose
                0x0800cc4c        0x8 e:/compiler/bin/../lib/gcc/arm-none-eabi/10.2.1/../../../../arm-none-eabi/lib/thumb/v7e-m+fp/hard\libg.a(lib_a-stdio.o)
                0x0800cc4c                __sclose
 .text.strncmp  0x0800cc54       0x80 e:/compiler/bin/../lib/gcc/arm-none-eabi/10.2.1/../../../../arm-none-eabi/lib/thumb/v7e-m+fp/hard\libg.a(lib_a-strncmp.o)
                0x0800cc54                strncmp
 .text.strncpy  0x0800ccd4       0x64 e:/compiler/bin/../lib/gcc/arm-none-eabi/10.2.1/../../../../arm-none-eabi/lib/thumb/v7e-m+fp/hard\libg.a(lib_a-strncpy.o)
                0x0800ccd4                strncpy
 .text._strtod_l
                0x0800cd38      0xf50 e:/compiler/bin/../lib/gcc/arm-none-eabi/10.2.1/../../../../arm-none-eabi/lib/thumb/v7e-m+fp/hard\libg.a(lib_a-strtod.o)
                0x0800cd38                _strtod_l
 .text._strtod_r
                0x0800dc88        0xc e:/compiler/bin/../lib/gcc/arm-none-eabi/10.2.1/../../../../arm-none-eabi/lib/thumb/v7e-m+fp/hard\libg.a(lib_a-strtod.o)
                0x0800dc88                _strtod_r
 .text.strtod   0x0800dc94       0x20 e:/compiler/bin/../lib/gcc/arm-none-eabi/10.2.1/../../../../arm-none-eabi/lib/thumb/v7e-m+fp/hard\libg.a(lib_a-strtod.o)
                0x0800dc94                strtod
 *fill*         0x0800dcb4        0x4 
 .text._svfprintf_r
                0x0800dcb8     0x1adc e:/compiler/bin/../lib/gcc/arm-none-eabi/10.2.1/../../../../arm-none-eabi/lib/thumb/v7e-m+fp/hard\libg.a(lib_a-svfprintf.o)
                0x0800dcb8                _svfprintf_r
 .text.__ssvfscanf_r
                0x0800f794     0x16dc e:/compiler/bin/../lib/gcc/arm-none-eabi/10.2.1/../../../../arm-none-eabi/lib/thumb/v7e-m+fp/hard\libg.a(lib_a-svfscanf.o)
                0x0800f794                __ssvfscanf_r
 .text.vsnprintf
                0x08010e70       0x70 e:/compiler/bin/../lib/gcc/arm-none-eabi/10.2.1/../../../../arm-none-eabi/lib/thumb/v7e-m+fp/hard\libg.a(lib_a-vsnprintf.o)
                0x08010e70                vsnprintf
 .text._write_r
                0x08010ee0       0x2c e:/compiler/bin/../lib/gcc/arm-none-eabi/10.2.1/../../../../arm-none-eabi/lib/thumb/v7e-m+fp/hard\libg.a(lib_a-writer.o)
                0x08010ee0                _write_r
 .text.startup.register_fini
                0x08010f0c       0x14 e:/compiler/bin/../lib/gcc/arm-none-eabi/10.2.1/../../../../arm-none-eabi/lib/thumb/v7e-m+fp/hard\libg.a(lib_a-__call_atexit.o)
 .text.atexit   0x08010f20        0xc e:/compiler/bin/../lib/gcc/arm-none-eabi/10.2.1/../../../../arm-none-eabi/lib/thumb/v7e-m+fp/hard\libg.a(lib_a-atexit.o)
                0x08010f20                atexit
 .text._close_r
                0x08010f2c       0x24 e:/compiler/bin/../lib/gcc/arm-none-eabi/10.2.1/../../../../arm-none-eabi/lib/thumb/v7e-m+fp/hard\libg.a(lib_a-closer.o)
                0x08010f2c                _close_r
 .text.quorem   0x08010f50      0x128 e:/compiler/bin/../lib/gcc/arm-none-eabi/10.2.1/../../../../arm-none-eabi/lib/thumb/v7e-m+fp/hard\libg.a(lib_a-dtoa.o)
 .text._dtoa_r  0x08011078      0xf40 e:/compiler/bin/../lib/gcc/arm-none-eabi/10.2.1/../../../../arm-none-eabi/lib/thumb/v7e-m+fp/hard\libg.a(lib_a-dtoa.o)
                0x08011078                _dtoa_r
 .text.__libc_fini_array
                0x08011fb8       0x2c e:/compiler/bin/../lib/gcc/arm-none-eabi/10.2.1/../../../../arm-none-eabi/lib/thumb/v7e-m+fp/hard\libg.a(lib_a-fini.o)
                0x08011fb8                __libc_fini_array
 .text._malloc_trim_r
                0x08011fe4       0xa0 e:/compiler/bin/../lib/gcc/arm-none-eabi/10.2.1/../../../../arm-none-eabi/lib/thumb/v7e-m+fp/hard\libg.a(lib_a-freer.o)
                0x08011fe4                _malloc_trim_r
 .text._free_r  0x08012084      0x20c e:/compiler/bin/../lib/gcc/arm-none-eabi/10.2.1/../../../../arm-none-eabi/lib/thumb/v7e-m+fp/hard\libg.a(lib_a-freer.o)
                0x08012084                _free_r
 .text.rshift   0x08012290       0xa4 e:/compiler/bin/../lib/gcc/arm-none-eabi/10.2.1/../../../../arm-none-eabi/lib/thumb/v7e-m+fp/hard\libg.a(lib_a-gdtoa-gethex.o)
 .text.__gethex
                0x08012334      0x5dc e:/compiler/bin/../lib/gcc/arm-none-eabi/10.2.1/../../../../arm-none-eabi/lib/thumb/v7e-m+fp/hard\libg.a(lib_a-gdtoa-gethex.o)
                0x08012334                __gethex
 .text.__match  0x08012910       0x38 e:/compiler/bin/../lib/gcc/arm-none-eabi/10.2.1/../../../../arm-none-eabi/lib/thumb/v7e-m+fp/hard\libg.a(lib_a-gdtoa-hexnan.o)
                0x08012910                __match
 .text.__hexnan
                0x08012948      0x1ac e:/compiler/bin/../lib/gcc/arm-none-eabi/10.2.1/../../../../arm-none-eabi/lib/thumb/v7e-m+fp/hard\libg.a(lib_a-gdtoa-hexnan.o)
                0x08012948                __hexnan
 .text.iswspace
                0x08012af4        0x8 e:/compiler/bin/../lib/gcc/arm-none-eabi/10.2.1/../../../../arm-none-eabi/lib/thumb/v7e-m+fp/hard\libg.a(lib_a-iswspace.o)
                0x08012af4                iswspace
 .text.iswspace_l
                0x08012afc       0x14 e:/compiler/bin/../lib/gcc/arm-none-eabi/10.2.1/../../../../arm-none-eabi/lib/thumb/v7e-m+fp/hard\libg.a(lib_a-iswspace_l.o)
                0x08012afc                iswspace_l
 .text.__locale_mb_cur_max
                0x08012b10        0xc e:/compiler/bin/../lib/gcc/arm-none-eabi/10.2.1/../../../../arm-none-eabi/lib/thumb/v7e-m+fp/hard\libg.a(lib_a-locale.o)
                0x08012b10                __locale_mb_cur_max
 .text._localeconv_r
                0x08012b1c        0x8 e:/compiler/bin/../lib/gcc/arm-none-eabi/10.2.1/../../../../arm-none-eabi/lib/thumb/v7e-m+fp/hard\libg.a(lib_a-localeconv.o)
                0x08012b1c                _localeconv_r
 .text.__retarget_lock_init_recursive
                0x08012b24        0x4 e:/compiler/bin/../lib/gcc/arm-none-eabi/10.2.1/../../../../arm-none-eabi/lib/thumb/v7e-m+fp/hard\libg.a(lib_a-lock.o)
                0x08012b24                __retarget_lock_init_recursive
 .text.__retarget_lock_close_recursive
                0x08012b28        0x4 e:/compiler/bin/../lib/gcc/arm-none-eabi/10.2.1/../../../../arm-none-eabi/lib/thumb/v7e-m+fp/hard\libg.a(lib_a-lock.o)
                0x08012b28                __retarget_lock_close_recursive
 .text.__retarget_lock_acquire_recursive
                0x08012b2c        0x4 e:/compiler/bin/../lib/gcc/arm-none-eabi/10.2.1/../../../../arm-none-eabi/lib/thumb/v7e-m+fp/hard\libg.a(lib_a-lock.o)
                0x08012b2c                __retarget_lock_acquire_recursive
 .text.__retarget_lock_release_recursive
                0x08012b30        0x4 e:/compiler/bin/../lib/gcc/arm-none-eabi/10.2.1/../../../../arm-none-eabi/lib/thumb/v7e-m+fp/hard\libg.a(lib_a-lock.o)
                0x08012b30                __retarget_lock_release_recursive
 .text._lseek_r
                0x08012b34       0x2c e:/compiler/bin/../lib/gcc/arm-none-eabi/10.2.1/../../../../arm-none-eabi/lib/thumb/v7e-m+fp/hard\libg.a(lib_a-lseekr.o)
                0x08012b34                _lseek_r
 .text._mbrtowc_r
                0x08012b60       0x44 e:/compiler/bin/../lib/gcc/arm-none-eabi/10.2.1/../../../../arm-none-eabi/lib/thumb/v7e-m+fp/hard\libg.a(lib_a-mbrtowc.o)
                0x08012b60                _mbrtowc_r
 .text.__ascii_mbtowc
                0x08012ba4       0x2c e:/compiler/bin/../lib/gcc/arm-none-eabi/10.2.1/../../../../arm-none-eabi/lib/thumb/v7e-m+fp/hard\libg.a(lib_a-mbtowc_r.o)
                0x08012ba4                __ascii_mbtowc
 .text.memmove  0x08012bd0       0xf8 e:/compiler/bin/../lib/gcc/arm-none-eabi/10.2.1/../../../../arm-none-eabi/lib/thumb/v7e-m+fp/hard\libg.a(lib_a-memmove.o)
                0x08012bd0                memmove
 .text._Balloc  0x08012cc8       0x4c e:/compiler/bin/../lib/gcc/arm-none-eabi/10.2.1/../../../../arm-none-eabi/lib/thumb/v7e-m+fp/hard\libg.a(lib_a-mprec.o)
                0x08012cc8                _Balloc
 .text._Bfree   0x08012d14       0x14 e:/compiler/bin/../lib/gcc/arm-none-eabi/10.2.1/../../../../arm-none-eabi/lib/thumb/v7e-m+fp/hard\libg.a(lib_a-mprec.o)
                0x08012d14                _Bfree
 .text.__multadd
                0x08012d28       0xa8 e:/compiler/bin/../lib/gcc/arm-none-eabi/10.2.1/../../../../arm-none-eabi/lib/thumb/v7e-m+fp/hard\libg.a(lib_a-mprec.o)
                0x08012d28                __multadd
 .text.__s2b    0x08012dd0       0xb4 e:/compiler/bin/../lib/gcc/arm-none-eabi/10.2.1/../../../../arm-none-eabi/lib/thumb/v7e-m+fp/hard\libg.a(lib_a-mprec.o)
                0x08012dd0                __s2b
 .text.__hi0bits
                0x08012e84       0x40 e:/compiler/bin/../lib/gcc/arm-none-eabi/10.2.1/../../../../arm-none-eabi/lib/thumb/v7e-m+fp/hard\libg.a(lib_a-mprec.o)
                0x08012e84                __hi0bits
 .text.__lo0bits