Archive member included to satisfy reference by file (symbol)

e:/compiler/bin/../lib/gcc/arm-none-eabi/10.2.1/thumb/v7e-m+fp/hard\libgcc.a(_arm_muldf3.o)
                              CMakeFiles/TwisterDriver.elf.dir/UserApp/FOC/FOC.c.obj (__aeabi_dmul)
e:/compiler/bin/../lib/gcc/arm-none-eabi/10.2.1/thumb/v7e-m+fp/hard\libgcc.a(_arm_addsubdf3.o)
                              CMakeFiles/TwisterDriver.elf.dir/UserApp/FOC/Filter.c.obj (__aeabi_dsub)
e:/compiler/bin/../lib/gcc/arm-none-eabi/10.2.1/thumb/v7e-m+fp/hard\libgcc.a(_arm_muldivdf3.o)
                              CMakeFiles/TwisterDriver.elf.dir/UserApp/FOC/FOC.c.obj (__aeabi_ddiv)
e:/compiler/bin/../lib/gcc/arm-none-eabi/10.2.1/thumb/v7e-m+fp/hard\libgcc.a(_arm_cmpdf2.o)
                              CMakeFiles/TwisterDriver.elf.dir/UserApp/cJSON/cJSON.c.obj (__aeabi_dcmpeq)
e:/compiler/bin/../lib/gcc/arm-none-eabi/10.2.1/thumb/v7e-m+fp/hard\libgcc.a(_arm_unorddf2.o)
                              CMakeFiles/TwisterDriver.elf.dir/UserApp/cJSON/cJSON.c.obj (__aeabi_dcmpun)
e:/compiler/bin/../lib/gcc/arm-none-eabi/10.2.1/thumb/v7e-m+fp/hard\libgcc.a(_arm_fixdfsi.o)
                              CMakeFiles/TwisterDriver.elf.dir/UserApp/FOC/FOC.c.obj (__aeabi_d2iz)
e:/compiler/bin/../lib/gcc/arm-none-eabi/10.2.1/thumb/v7e-m+fp/hard\libgcc.a(_arm_truncdfsf2.o)
                              CMakeFiles/TwisterDriver.elf.dir/UserApp/FOC/FOC.c.obj (__aeabi_d2f)
e:/compiler/bin/../lib/gcc/arm-none-eabi/10.2.1/thumb/v7e-m+fp/hard\libgcc.a(_aeabi_uldivmod.o)
                              CMakeFiles/TwisterDriver.elf.dir/Drivers/STM32G4xx_HAL_Driver/Src/stm32g4xx_hal_uart.c.obj (__aeabi_uldivmod)
e:/compiler/bin/../lib/gcc/arm-none-eabi/10.2.1/thumb/v7e-m+fp/hard\libgcc.a(_udivmoddi4.o)
                              e:/compiler/bin/../lib/gcc/arm-none-eabi/10.2.1/thumb/v7e-m+fp/hard\libgcc.a(_aeabi_uldivmod.o) (__udivmoddi4)
e:/compiler/bin/../lib/gcc/arm-none-eabi/10.2.1/thumb/v7e-m+fp/hard\libgcc.a(_dvmd_tls.o)
                              e:/compiler/bin/../lib/gcc/arm-none-eabi/10.2.1/thumb/v7e-m+fp/hard\libgcc.a(_aeabi_uldivmod.o) (__aeabi_ldiv0)
e:/compiler/bin/../lib/gcc/arm-none-eabi/10.2.1/../../../../arm-none-eabi/lib/thumb/v7e-m+fp/hard\libg.a(lib_a-atof.o)
                              CMakeFiles/TwisterDriver.elf.dir/UserApp/retarget/retarget.c.obj (atof)
e:/compiler/bin/../lib/gcc/arm-none-eabi/10.2.1/../../../../arm-none-eabi/lib/thumb/v7e-m+fp/hard\libg.a(lib_a-ctype_.o)
                              CMakeFiles/TwisterDriver.elf.dir/UserApp/cJSON/cJSON.c.obj (_ctype_)
e:/compiler/bin/../lib/gcc/arm-none-eabi/10.2.1/../../../../arm-none-eabi/lib/thumb/v7e-m+fp/hard\libg.a(lib_a-errno.o)
                              CMakeFiles/TwisterDriver.elf.dir/Core/Src/syscalls.c.obj (__errno)
e:/compiler/bin/../lib/gcc/arm-none-eabi/10.2.1/../../../../arm-none-eabi/lib/thumb/v7e-m+fp/hard\libg.a(lib_a-exit.o)
                              e:/compiler/bin/../lib/gcc/arm-none-eabi/10.2.1/../../../../arm-none-eabi/lib/thumb/v7e-m+fp/hard/crt0.o (exit)
e:/compiler/bin/../lib/gcc/arm-none-eabi/10.2.1/../../../../arm-none-eabi/lib/thumb/v7e-m+fp/hard\libg.a(lib_a-impure.o)
                              e:/compiler/bin/../lib/gcc/arm-none-eabi/10.2.1/../../../../arm-none-eabi/lib/thumb/v7e-m+fp/hard\libg.a(lib_a-exit.o) (_global_impure_ptr)
e:/compiler/bin/../lib/gcc/arm-none-eabi/10.2.1/../../../../arm-none-eabi/lib/thumb/v7e-m+fp/hard\libg.a(lib_a-init.o)
                              e:/compiler/bin/../lib/gcc/arm-none-eabi/10.2.1/../../../../arm-none-eabi/lib/thumb/v7e-m+fp/hard/crt0.o (__libc_init_array)
e:/compiler/bin/../lib/gcc/arm-none-eabi/10.2.1/../../../../arm-none-eabi/lib/thumb/v7e-m+fp/hard\libg.a(lib_a-itoa.o)
                              CMakeFiles/TwisterDriver.elf.dir/UserApp/LCD/gui.c.obj (itoa)
e:/compiler/bin/../lib/gcc/arm-none-eabi/10.2.1/../../../../arm-none-eabi/lib/thumb/v7e-m+fp/hard\libg.a(lib_a-malloc.o)
                              CMakeFiles/TwisterDriver.elf.dir/UserApp/LCD/st7735.c.obj (malloc)
e:/compiler/bin/../lib/gcc/arm-none-eabi/10.2.1/../../../../arm-none-eabi/lib/thumb/v7e-m+fp/hard\libg.a(lib_a-mallocr.o)
                              e:/compiler/bin/../lib/gcc/arm-none-eabi/10.2.1/../../../../arm-none-eabi/lib/thumb/v7e-m+fp/hard\libg.a(lib_a-malloc.o) (_malloc_r)
e:/compiler/bin/../lib/gcc/arm-none-eabi/10.2.1/../../../../arm-none-eabi/lib/thumb/v7e-m+fp/hard\libg.a(lib_a-memcpy.o)
                              CMakeFiles/TwisterDriver.elf.dir/Core/Src/main.c.obj (memcpy)
e:/compiler/bin/../lib/gcc/arm-none-eabi/10.2.1/../../../../arm-none-eabi/lib/thumb/v7e-m+fp/hard\libg.a(lib_a-memset.o)
                              e:/compiler/bin/../lib/gcc/arm-none-eabi/10.2.1/../../../../arm-none-eabi/lib/thumb/v7e-m+fp/hard/crt0.o (memset)
e:/compiler/bin/../lib/gcc/arm-none-eabi/10.2.1/../../../../arm-none-eabi/lib/thumb/v7e-m+fp/hard\libg.a(lib_a-mlock.o)
[...]
Memory Configuration

Name             Origin             Length             Attributes
RAM              0x20000000         0x00008000         xrw
FLASH            0x08000000         0x00020000         xr
*default*        0x00000000         0xffffffff

Linker script and memory map

LOAD e:/compiler/bin/../lib/gcc/arm-none-eabi/10.2.1/thumb/v7e-m+fp/hard/crti.o
LOAD e:/compiler/bin/../lib/gcc/arm-none-eabi/10.2.1/thumb/v7e-m+fp/hard/crtbegin.o
LOAD e:/compiler/bin/../lib/gcc/arm-none-eabi/10.2.1/../../../../arm-none-eabi/lib/thumb/v7e-m+fp/hard/crt0.o
LOAD CMakeFiles/TwisterDriver.elf.dir/Core/Src/app_freertos.c.obj
LOAD CMakeFiles/TwisterDriver.elf.dir/Core/Src/main.c.obj
LOAD CMakeFiles/TwisterDriver.elf.dir/Core/Src/stm32g4xx_hal_msp.c.obj
LOAD CMakeFiles/TwisterDriver.elf.dir/Core/Src/stm32g4xx_it.c.obj
LOAD CMakeFiles/TwisterDriver.elf.dir/Core/Src/syscalls.c.obj
LOAD CMakeFiles/TwisterDriver.elf.dir/Core/Src/sysmem.c.obj
LOAD CMakeFiles/TwisterDriver.elf.dir/Core/Src/system_stm32g4xx.c.obj
LOAD CMakeFiles/TwisterDriver.elf.dir/Core/Startup/startup_stm32g431rbtx.s.obj
LOAD CMakeFiles/TwisterDriver.elf.dir/Drivers/STM32G4xx_HAL_Driver/Src/stm32g4xx_hal.c.obj
LOAD CMakeFiles/TwisterDriver.elf.dir/Drivers/STM32G4xx_HAL_Driver/Src/stm32g4xx_hal_adc.c.obj
LOAD CMakeFiles/TwisterDriver.elf.dir/Drivers/STM32G4xx_HAL_Driver/Src/stm32g4xx_hal_adc_ex.c.obj
LOAD CMakeFiles/TwisterDriver.elf.dir/Drivers/STM32G4xx_HAL_Driver/Src/stm32g4xx_hal_cortex.c.obj
LOAD CMakeFiles/TwisterDriver.elf.dir/Drivers/STM32G4xx_HAL_Driver/Src/stm32g4xx_hal_dma.c.obj
LOAD CMakeFiles/TwisterDriver.elf.dir/Drivers/STM32G4xx_HAL_Driver/Src/stm32g4xx_hal_dma_ex.c.obj
LOAD CMakeFiles/TwisterDriver.elf.dir/Drivers/STM32G4xx_HAL_Driver/Src/stm32g4xx_hal_exti.c.obj
LOAD CMakeFiles/TwisterDriver.elf.dir/Drivers/STM32G4xx_HAL_Driver/Src/stm32g4xx_hal_fdcan.c.obj
LOAD CMakeFiles/TwisterDriver.elf.dir/Drivers/STM32G4xx_HAL_Driver/Src/stm32g4xx_hal_flash.c.obj
LOAD CMakeFiles/TwisterDriver.elf.dir/Drivers/STM32G4xx_HAL_Driver/Src/stm32g4xx_hal_flash_ex.c.obj
LOAD CMakeFiles/TwisterDriver.elf.dir/Drivers/STM32G4xx_HAL_Driver/Src/stm32g4xx_hal_flash_ramfunc.c.obj
LOAD CMakeFiles/TwisterDriver.elf.dir/Drivers/STM32G4xx_HAL_Driver/Src/stm32g4xx_hal_gpio.c.obj
LOAD CMakeFiles/TwisterDriver.elf.dir/Drivers/STM32G4xx_HAL_Driver/Src/stm32g4xx_hal_i2c.c.obj
LOAD CMakeFiles/TwisterDriver.elf.dir/Drivers/STM32G4xx_HAL_Driver/Src/stm32g4xx_hal_i2c_ex.c.obj
LOAD CMakeFiles/TwisterDriver.elf.dir/Drivers/STM32G4xx_HAL_Driver/Src/stm32g4xx_hal_pwr.c.obj
LOAD CMakeFiles/TwisterDriver.elf.dir/Drivers/STM32G4xx_HAL_Driver/Src/stm32g4xx_hal_pwr_ex.c.obj
LOAD CMakeFiles/TwisterDriver.elf.dir/Drivers/STM32G4xx_HAL_Driver/Src/stm32g4xx_hal_rcc.c.obj
LOAD CMakeFiles/TwisterDriver.elf.dir/Drivers/STM32G4xx_HAL_Driver/Src/stm32g4xx_hal_rcc_ex.c.obj
LOAD CMakeFiles/TwisterDriver.elf.dir/Drivers/STM32G4xx_HAL_Driver/Src/stm32g4xx_hal_spi.c.obj
LOAD CMakeFiles/TwisterDriver.elf.dir/Drivers/STM32G4xx_HAL_Driver/Src/stm32g4xx_hal_spi_ex.c.obj
LOAD CMakeFiles/TwisterDriver.elf.dir/Drivers/STM32G4xx_HAL_Driver/Src/stm32g4xx_hal_tim.c.obj
LOAD CMakeFiles/TwisterDriver.elf.dir/Drivers/STM32G4xx_HAL_Driver/Src/stm32g4xx_hal_tim_ex.c.obj
LOAD CMakeFiles/TwisterDriver.elf.dir/Drivers/STM32G4xx_HAL_Driver/Src/stm32g4xx_hal_uart.c.obj
LOAD CMakeFiles/TwisterDriver.elf.dir/Drivers/STM32G4xx_HAL_Driver/Src/stm32g4xx_hal_uart_ex.c.obj
LOAD CMakeFiles/TwisterDriver.elf.dir/Drivers/STM32G4xx_HAL_Driver/Src/stm32g4xx_ll_adc.c.obj
LOAD CMakeFiles/TwisterDriver.elf.dir/Middlewares/Third_Party/FreeRTOS/Source/CMSIS_RTOS/cmsis_os.c.obj
LOAD CMakeFiles/TwisterDriver.elf.dir/Middlewares/Third_Party/FreeRTOS/Source/croutine.c.obj
LOAD CMakeFiles/TwisterDriver.elf.dir/Middlewares/Third_Party/FreeRTOS/Source/event_groups.c.obj
LOAD CMakeFiles/TwisterDriver.elf.dir/Middlewares/Third_Party/FreeRTOS/Source/list.c.obj
LOAD CMakeFiles/TwisterDriver.elf.dir/Middlewares/Third_Party/FreeRTOS/Source/portable/GCC/ARM_CM4F/port.c.obj
LOAD CMakeFiles/TwisterDriver.elf.dir/Middlewares/Third_Party/FreeRTOS/Source/portable/MemMang/heap_4.c.obj
LOAD CMakeFiles/TwisterDriver.elf.dir/Middlewares/Third_Party/FreeRTOS/Source/queue.c.obj
LOAD CMakeFiles/TwisterDriver.elf.dir/Middlewares/Third_Party/FreeRTOS/Source/stream_buffer.c.obj
LOAD CMakeFiles/TwisterDriver.elf.dir/Middlewares/Third_Party/FreeRTOS/Source/tasks.c.obj
LOAD CMakeFiles/TwisterDriver.elf.dir/Middlewares/Third_Party/FreeRTOS/Source/timers.c.obj
LOAD CMakeFiles/TwisterDriver.elf.dir/UserApp/FOC/FOC.c.obj
LOAD CMakeFiles/TwisterDriver.elf.dir/UserApp/FOC/FOC_math.c.obj
LOAD CMakeFiles/TwisterDriver.elf.dir/UserApp/FOC/Filter.c.obj
LOAD CMakeFiles/TwisterDriver.elf.dir/UserApp/FOC/hardware_api.c.obj
LOAD CMakeFiles/TwisterDriver.elf.dir/UserApp/FOC/my_PID.c.obj
LOAD CMakeFiles/TwisterDriver.elf.dir/UserApp/LCD/fonts.c.obj
LOAD CMakeFiles/TwisterDriver.elf.dir/UserApp/LCD/gui.c.obj
LOAD CMakeFiles/TwisterDriver.elf.dir/UserApp/LCD/image.c.obj
LOAD CMakeFiles/TwisterDriver.elf.dir/UserApp/LCD/st7735.c.obj
LOAD CMakeFiles/TwisterDriver.elf.dir/UserApp/MT6701/MT6701.c.obj
LOAD CMakeFiles/TwisterDriver.elf.dir/UserApp/Servo/Servo.c.obj
LOAD CMakeFiles/TwisterDriver.elf.dir/UserApp/cJSON/cJSON.c.obj
LOAD CMakeFiles/TwisterDriver.elf.dir/UserApp/cJSON/cJSON_Utils.c.obj
LOAD CMakeFiles/TwisterDriver.elf.dir/UserApp/cJsonParse/cmd_Parse.c.obj
LOAD CMakeFiles/TwisterDriver.elf.dir/UserApp/multiBotton/multi_button.c.obj
LOAD CMakeFiles/TwisterDriver.elf.dir/UserApp/retarget/retarget.c.obj
START GROUP
LOAD e:/compiler/bin/../lib/gcc/arm-none-eabi/10.2.1/thumb/v7e-m+fp/hard\libgcc.a
LOAD e:/compiler/bin/../lib/gcc/arm-none-eabi/10.2.1/../../../../arm-none-eabi/lib/thumb/v7e-m+fp/hard\libg.a
LOAD e:/compiler/bin/../lib/gcc/arm-none-eabi/10.2.1/../../../../arm-none-eabi/lib/thumb/v7e-m+fp/hard\libc.a
END GROUP
LOAD e:/compiler/bin/../lib/gcc/arm-none-eabi/10.2.1/thumb/v7e-m+fp/hard/crtend.o
LOAD e:/compiler/bin/../lib/gcc/arm-none-eabi/10.2.1/thumb/v7e-m+fp/hard/crtn.o
                0x20008000                _estack = (ORIGIN (RAM) + LENGTH (RAM))
                0x00000200                _Min_Heap_Size = 0x200
                0x00000400                _Min_Stack_Size = 0x400

.isr_vector     0x08000000      0x1d8
                0x08000000                . = ALIGN (0x4)
 *(.isr_vector)
 .isr_vector    0x08000000      0x1d8 CMakeFiles/TwisterDriver.elf.dir/Core/Startup/startup_stm32g431rbtx.s.obj
                0x08000000                g_pfnVectors
                0x080001d8                . = ALIGN (0x4)

.text           0x08000200    0x178c4
                0x08000200                . = ALIGN (0x4)
 *(.text)
 .text          0x08000200       0x40 e:/compiler/bin/../lib/gcc/arm-none-eabi/10.2.1/thumb/v7e-m+fp/hard/crtbegin.o
 .text          0x08000240      0x378 e:/compiler/bin/../lib/gcc/arm-none-eabi/10.2.1/thumb/v7e-m+fp/hard\libgcc.a(_arm_addsubdf3.o)
                0x08000240                __aeabi_drsub
                0x08000248                __aeabi_dsub
                0x08000248                __subdf3
                0x0800024c                __aeabi_dadd
                0x0800024c                __adddf3
                0x080004c4                __floatunsidf
                0x080004c4                __aeabi_ui2d
                0x080004e4                __floatsidf
                0x080004e4                __aeabi_i2d
                0x08000508                __aeabi_f2d
                0x08000508                __extendsfdf2
                0x0800054c                __floatundidf
                0x0800054c                __aeabi_ul2d
                0x0800055c                __floatdidf
                0x0800055c                __aeabi_l2d
 .text          0x080005b8      0x424 e:/compiler/bin/../lib/gcc/arm-none-eabi/10.2.1/thumb/v7e-m+fp/hard\libgcc.a(_arm_muldivdf3.o)
                0x080005b8                __aeabi_dmul
                0x080005b8                __muldf3
                0x0800080c                __divdf3
                0x0800080c                __aeabi_ddiv
 .text          0x080009dc      0x110 e:/compiler/bin/../lib/gcc/arm-none-eabi/10.2.1/thumb/v7e-m+fp/hard\libgcc.a(_arm_cmpdf2.o)
                0x080009dc                __gtdf2
                0x080009dc                __gedf2
                0x080009e4                __ltdf2
                0x080009e4                __ledf2
                0x080009ec                __nedf2
                0x080009ec                __eqdf2
                0x080009ec                __cmpdf2
                0x08000a68                __aeabi_cdrcmple
                0x08000a78                __aeabi_cdcmpeq
                0x08000a78                __aeabi_cdcmple
                0x08000a88                __aeabi_dcmpeq
                0x08000a9c                __aeabi_dcmplt
                0x08000ab0                __aeabi_dcmple
                0x08000ac4                __aeabi_dcmpge
                0x08000ad8                __aeabi_dcmpgt
 .text          0x08000aec       0x2c e:/compiler/bin/../lib/gcc/arm-none-eabi/10.2.1/thumb/v7e-m+fp/hard\libgcc.a(_arm_unorddf2.o)
                0x08000aec                __unorddf2
                0x08000aec                __aeabi_dcmpun
 .text          0x08000b18       0x50 e:/compiler/bin/../lib/gcc/arm-none-eabi/10.2.1/thumb/v7e-m+fp/hard\libgcc.a(_arm_fixdfsi.o)
                0x08000b18                __aeabi_d2iz
                0x08000b18                __fixdfsi
 .text          0x08000b68       0xa0 e:/compiler/bin/../lib/gcc/arm-none-eabi/10.2.1/thumb/v7e-m+fp/hard\libgcc.a(_arm_truncdfsf2.o)
                0x08000b68                __truncdfsf2
                0x08000b68                __aeabi_d2f
 .text          0x08000c08       0x30 e:/compiler/bin/../lib/gcc/arm-none-eabi/10.2.1/thumb/v7e-m+fp/hard\libgcc.a(_aeabi_uldivmod.o)
                0x08000c08                __aeabi_uldivmod
 .text          0x08000c38      0x2d0 e:/compiler/bin/../lib/gcc/arm-none-eabi/10.2.1/thumb/v7e-m+fp/hard\libgcc.a(_udivmoddi4.o)
                0x08000c38                __udivmoddi4
 .text          0x08000f08        0x4 e:/compiler/bin/../lib/gcc/arm-none-eabi/10.2.1/thumb/v7e-m+fp/hard\libgcc.a(_dvmd_tls.o)
                0x08000f08                __aeabi_idiv0
                0x08000f08                __aeabi_ldiv0
 .text          0x08000f0c      0x134 e:/compiler/bin/../lib/gcc/arm-none-eabi/10.2.1/../../../../arm-none-eabi/lib/thumb/v7e-m+fp/hard\libg.a(lib_a-memcpy.o)
                0x08000f0c                memcpy
 .text          0x08001040      0x2dc e:/compiler/bin/../lib/gcc/arm-none-eabi/10.2.1/../../../../arm-none-eabi/lib/thumb/v7e-m+fp/hard\libg.a(lib_a-strcmp.o)
                0x08001048                strcmp
 *fill*         0x0800131c       0x24 
 .text          0x08001340       0xdc e:/compiler/bin/../lib/gcc/arm-none-eabi/10.2.1/../../../../arm-none-eabi/lib/thumb/v7e-m+fp/hard\libg.a(lib_a-strlen.o)
                0x08001340                strlen
 *fill*         0x0800141c        0x4 
 .text          0x08001420       0xa0 e:/compiler/bin/../lib/gcc/arm-none-eabi/10.2.1/../../../../arm-none-eabi/lib/thumb/v7e-m+fp/hard\libg.a(lib_a-memchr.o)
                0x08001420                memchr
 .text          0x080014c0       0x40 e:/compiler/bin/../lib/gcc/arm-none-eabi/10.2.1/thumb/v7e-m+fp/hard\libgcc.a(_arm_fixunsdfsi.o)
                0x080014c0                __aeabi_d2uiz
                0x080014c0                __fixunsdfsi
 .text          0x08001500       0x30 e:/compiler/bin/../lib/gcc/arm-none-eabi/10.2.1/thumb/v7e-m+fp/hard\libgcc.a(_fixdfdi.o)
                0x08001500                __fixdfdi
                0x08001500                __aeabi_d2lz
 .text          0x08001530       0x3c e:/compiler/bin/../lib/gcc/arm-none-eabi/10.2.1/thumb/v7e-m+fp/hard\libgcc.a(_fixunsdfdi.o)
                0x08001530                __fixunsdfdi
                0x08001530                __aeabi_d2ulz
 *(.text*)
 .text.FOCTask  0x0800156c       0xb0 CMakeFiles/TwisterDriver.elf.dir/Core/Src/app_freertos.c.obj
                0x0800156c                FOCTask
 .text.ServoTask
                0x0800161c       0x68 CMakeFiles/TwisterDriver.elf.dir/Core/Src/app_freertos.c.obj
                0x0800161c                ServoTask
 .text.UARTTask
                0x08001684       0x74 CMakeFiles/TwisterDriver.elf.dir/Core/Src/app_freertos.c.obj
                0x08001684                UARTTask
 .text.ButtonTask
                0x080016f8      0x104 CMakeFiles/TwisterDriver.elf.dir/Core/Src/app_freertos.c.obj
                0x080016f8                ButtonTask
 .text.MX_GPIO_Init
                0x080017fc       0xcc CMakeFiles/TwisterDriver.elf.dir/Core/Src/main.c.obj
 .text.MX_DMA_Init
                0x080018c8       0x64 CMakeFiles/TwisterDriver.elf.dir/Core/Src/main.c.obj
 .text.StartDefaultTask
                0x0800192c       0xc8 CMakeFiles/TwisterDriver.elf.dir/Core/Src/main.c.obj
                0x0800192c                StartDefaultTask
 .text.HAL_UART_RxCpltCallback
                0x080019f4       0xb4 CMakeFiles/TwisterDriver.elf.dir/Core/Src/main.c.obj
                0x080019f4                HAL_UART_RxCpltCallback
 .text.Error_Handler
                0x08001aa8        0x4 CMakeFiles/TwisterDriver.elf.dir/Core/Src/main.c.obj
                0x08001aa8                Error_Handler
 .text.MX_ADC1_Init
                0x08001aac       0xd4 CMakeFiles/TwisterDriver.elf.dir/Core/Src/main.c.obj
 .text.MX_ADC2_Init
                0x08001b80       0xbc CMakeFiles/TwisterDriver.elf.dir/Core/Src/main.c.obj
 .text.MX_FDCAN1_Init
                0x08001c3c       0x48 CMakeFiles/TwisterDriver.elf.dir/Core/Src/main.c.obj
 .text.MX_I2C2_Init
                0x08001c84       0x54 CMakeFiles/TwisterDriver.elf.dir/Core/Src/main.c.obj
 .text.MX_SPI1_Init
                0x08001cd8       0x4c CMakeFiles/TwisterDriver.elf.dir/Core/Src/main.c.obj
 .text.MX_TIM1_Init
                0x08001d24       0xe8 CMakeFiles/TwisterDriver.elf.dir/Core/Src/main.c.obj
 .text.MX_TIM2_Init
                0x08001e0c       0x9c CMakeFiles/TwisterDriver.elf.dir/Core/Src/main.c.obj
 .text.MX_USART1_UART_Init
                0x08001ea8       0x60 CMakeFiles/TwisterDriver.elf.dir/Core/Src/main.c.obj
 .text.MX_TIM3_Init
                0x08001f08       0x60 CMakeFiles/TwisterDriver.elf.dir/Core/Src/main.c.obj
 .text.MX_I2C3_Init
                0x08001f68       0x54 CMakeFiles/TwisterDriver.elf.dir/Core/Src/main.c.obj
 .text.MX_TIM8_Init
                0x08001fbc       0xd4 CMakeFiles/TwisterDriver.elf.dir/Core/Src/main.c.obj
 .text.MX_USART3_UART_Init
                0x08002090       0x60 CMakeFiles/TwisterDriver.elf.dir/Core/Src/main.c.obj
 .text.MX_TIM7_Init
                0x080020f0       0x50 CMakeFiles/TwisterDriver.elf.dir/Core/Src/main.c.obj
 .text.SystemClock_Config
                0x08002140       0x6e CMakeFiles/TwisterDriver.elf.dir/Core/Src/main.c.obj
                0x08002140                SystemClock_Config
 *fill*         0x080021ae        0x2 
 .text.main     0x080021b0       0xac CMakeFiles/TwisterDriver.elf.dir/Core/Src/main.c.obj
                0x080021b0                main
 .text.HAL_MspInit
                0x0800225c       0x44 CMakeFiles/TwisterDriver.elf.dir/Core/Src/stm32g4xx_hal_msp.c.obj
                0x0800225c                HAL_MspInit
 .text.HAL_ADC_MspInit
                0x080022a0      0x16c CMakeFiles/TwisterDriver.elf.dir/Core/Src/stm32g4xx_hal_msp.c.obj
                0x080022a0                HAL_ADC_MspInit
 .text.HAL_FDCAN_MspInit
                0x0800240c       0x90 CMakeFiles/TwisterDriver.elf.dir/Core/Src/stm32g4xx_hal_msp.c.obj
                0x0800240c                HAL_FDCAN_MspInit
 .text.HAL_I2C_MspInit
                0x0800249c      0x114 CMakeFiles/TwisterDriver.elf.dir/Core/Src/stm32g4xx_hal_msp.c.obj
                0x0800249c                HAL_I2C_MspInit
 .text.HAL_SPI_MspInit
                0x080025b0       0xa0 CMakeFiles/TwisterDriver.elf.dir/Core/Src/stm32g4xx_hal_msp.c.obj
                0x080025b0                HAL_SPI_MspInit
 .text.HAL_TIM_PWM_MspInit
                0x08002650       0x6c CMakeFiles/TwisterDriver.elf.dir/Core/Src/stm32g4xx_hal_msp.c.obj
                0x08002650                HAL_TIM_PWM_MspInit
 .text.HAL_TIM_Encoder_MspInit
                0x080026bc       0x68 CMakeFiles/TwisterDriver.elf.dir/Core/Src/stm32g4xx_hal_msp.c.obj
                0x080026bc                HAL_TIM_Encoder_MspInit
 .text.HAL_TIM_Base_MspInit
                0x08002724       0x40 CMakeFiles/TwisterDriver.elf.dir/Core/Src/stm32g4xx_hal_msp.c.obj
                0x08002724                HAL_TIM_Base_MspInit
 .text.HAL_TIM_MspPostInit
                0x08002764      0x118 CMakeFiles/TwisterDriver.elf.dir/Core/Src/stm32g4xx_hal_msp.c.obj
                0x08002764                HAL_TIM_MspPostInit
 .text.HAL_UART_MspInit
                0x0800287c      0x140 CMakeFiles/TwisterDriver.elf.dir/Core/Src/stm32g4xx_hal_msp.c.obj
                0x0800287c                HAL_UART_MspInit
 .text.NMI_Handler
                0x080029bc        0x2 CMakeFiles/TwisterDriver.elf.dir/Core/Src/stm32g4xx_it.c.obj
                0x080029bc                NMI_Handler
 .text.HardFault_Handler
                0x080029be        0x2 CMakeFiles/TwisterDriver.elf.dir/Core/Src/stm32g4xx_it.c.obj
                0x080029be                HardFault_Handler
 .text.MemManage_Handler
                0x080029c0        0x2 CMakeFiles/TwisterDriver.elf.dir/Core/Src/stm32g4xx_it.c.obj
                0x080029c0                MemManage_Handler
 .text.BusFault_Handler
                0x080029c2        0x2 CMakeFiles/TwisterDriver.elf.dir/Core/Src/stm32g4xx_it.c.obj
                0x080029c2                BusFault_Handler
 .text.UsageFault_Handler
                0x080029c4        0x2 CMakeFiles/TwisterDriver.elf.dir/Core/Src/stm32g4xx_it.c.obj
                0x080029c4                UsageFault_Handler
 .text.DebugMon_Handler
                0x080029c6        0x2 CMakeFiles/TwisterDriver.elf.dir/Core/Src/stm32g4xx_it.c.obj
                0x080029c6                DebugMon_Handler
 .text.SysTick_Handler
                0x080029c8       0x16 CMakeFiles/TwisterDriver.elf.dir/Core/Src/stm32g4xx_it.c.obj
                0x080029c8                SysTick_Handler
 *fill*         0x080029de        0x2 
 .text.DMA1_Channel1_IRQHandler
                0x080029e0       0x10 CMakeFiles/TwisterDriver.elf.dir/Core/Src/stm32g4xx_it.c.obj
                0x080029e0                DMA1_Channel1_IRQHandler
 .text.DMA1_Channel2_IRQHandler
                0x080029f0       0x10 CMakeFiles/TwisterDriver.elf.dir/Core/Src/stm32g4xx_it.c.obj
                0x080029f0                DMA1_Channel2_IRQHandler
 .text.DMA1_Channel4_IRQHandler
                0x08002a00       0x10 CMakeFiles/TwisterDriver.elf.dir/Core/Src/stm32g4xx_it.c.obj
                0x08002a00                DMA1_Channel4_IRQHandler
 .text.USART1_IRQHandler
                0x08002a10       0x10 CMakeFiles/TwisterDriver.elf.dir/Core/Src/stm32g4xx_it.c.obj
                0x08002a10                USART1_IRQHandler
 .text.USART3_IRQHandler
                0x08002a20       0x10 CMakeFiles/TwisterDriver.elf.dir/Core/Src/stm32g4xx_it.c.obj
                0x08002a20                USART3_IRQHandler
 .text.TIM7_IRQHandler
                0x08002a30       0x54 CMakeFiles/TwisterDriver.elf.dir/Core/Src/stm32g4xx_it.c.obj
                0x08002a30                TIM7_IRQHandler
 .text._getpid  0x08002a84        0x4 CMakeFiles/TwisterDriver.elf.dir/Core/Src/syscalls.c.obj
                0x08002a84                _getpid
 .text._kill    0x08002a88       0x10 CMakeFiles/TwisterDriver.elf.dir/Core/Src/syscalls.c.obj
                0x08002a88                _kill
 .text._exit    0x08002a98        0xc CMakeFiles/TwisterDriver.elf.dir/Core/Src/syscalls.c.obj
                0x08002a98                _exit
 .text._read    0x08002aa4       0x20 CMakeFiles/TwisterDriver.elf.dir/Core/Src/syscalls.c.obj
                0x08002aa4                _read
 .text._write   0x08002ac4       0x1c CMakeFiles/TwisterDriver.elf.dir/Core/Src/syscalls.c.obj
                0x08002ac4                _write
 .text._close   0x08002ae0        0x6 CMakeFiles/TwisterDriver.elf.dir/Core/Src/syscalls.c.obj
                0x08002ae0                _close
 .text._fstat   0x08002ae6        0xa CMakeFiles/TwisterDriver.elf.dir/Core/Src/syscalls.c.obj
                0x08002ae6                _fstat
 .text._isatty  0x08002af0        0x4 CMakeFiles/TwisterDriver.elf.dir/Core/Src/syscalls.c.obj
                0x08002af0                _isatty
 .text._lseek   0x08002af4        0x4 CMakeFiles/TwisterDriver.elf.dir/Core/Src/syscalls.c.obj
                0x08002af4                _lseek
 .text._sbrk    0x08002af8       0x48 CMakeFiles/TwisterDriver.elf.dir/Core/Src/sysmem.c.obj
                0x08002af8                _sbrk
 .text.SystemInit
                0x08002b40       0x14 CMakeFiles/TwisterDriver.elf.dir/Core/Src/system_stm32g4xx.c.obj
                0x08002b40                SystemInit
 .text.Reset_Handler
                0x08002b54       0x50 CMakeFiles/TwisterDriver.elf.dir/Core/Startup/startup_stm32g431rbtx.s.obj
                0x08002b54                Reset_Handler
 .text.Default_Handler
                0x08002ba4        0x2 CMakeFiles/TwisterDriver.elf.dir/Core/Startup/startup_stm32g431rbtx.s.obj
                0x08002ba4                RTC_Alarm_IRQHandler
                0x08002ba4                EXTI2_IRQHandler
                0x08002ba4                TIM8_TRG_COM_IRQHandler
                0x08002ba4                TIM8_CC_IRQHandler
                0x08002ba4                TIM1_CC_IRQHandler
                0x08002ba4                USB_HP_IRQHandler
                0x08002ba4                CORDIC_IRQHandler
                0x08002ba4                EXTI3_IRQHandler
                0x08002ba4                I2C3_ER_IRQHandler
                0x08002ba4                EXTI0_IRQHandler
                0x08002ba4                I2C2_EV_IRQHandler
                0x08002ba4                FPU_IRQHandler
                0x08002ba4                FDCAN1_IT1_IRQHandler
                0x08002ba4                TIM1_UP_TIM16_IRQHandler
                0x08002ba4                ADC1_2_IRQHandler
                0x08002ba4                SPI1_IRQHandler
                0x08002ba4                TIM6_DAC_IRQHandler
                0x08002ba4                TIM8_UP_IRQHandler
                0x08002ba4                DMA2_Channel2_IRQHandler
                0x08002ba4                TIM4_IRQHandler
                0x08002ba4                DMA2_Channel1_IRQHandler
                0x08002ba4                I2C1_EV_IRQHandler
                0x08002ba4                DMA1_Channel6_IRQHandler
                0x08002ba4                UART4_IRQHandler
                0x08002ba4                DMA2_Channel4_IRQHandler
                0x08002ba4                TIM3_IRQHandler
                0x08002ba4                RCC_IRQHandler
                0x08002ba4                Default_Handler
                0x08002ba4                RTC_TAMP_LSECSS_IRQHandler
                0x08002ba4                FMAC_IRQHandler
                0x08002ba4                EXTI15_10_IRQHandler
                0x08002ba4                UCPD1_IRQHandler
                0x08002ba4                I2C3_EV_IRQHandler
                0x08002ba4                EXTI9_5_IRQHandler
                0x08002ba4                RTC_WKUP_IRQHandler
                0x08002ba4                PVD_PVM_IRQHandler
                0x08002ba4                SPI2_IRQHandler
                0x08002ba4                DMA2_Channel5_IRQHandler
                0x08002ba4                CRS_IRQHandler
                0x08002ba4                DMA1_Channel5_IRQHandler
                0x08002ba4                USB_LP_IRQHandler
                0x08002ba4                EXTI4_IRQHandler
                0x08002ba4                RNG_IRQHandler
                0x08002ba4                TIM1_TRG_COM_TIM17_IRQHandler
                0x08002ba4                DMA1_Channel3_IRQHandler
                0x08002ba4                WWDG_IRQHandler
                0x08002ba4                LPUART1_IRQHandler
                0x08002ba4                DMA2_Channel6_IRQHandler
                0x08002ba4                FDCAN1_IT0_IRQHandler
                0x08002ba4                TIM2_IRQHandler
                0x08002ba4                COMP1_2_3_IRQHandler
                0x08002ba4                EXTI1_IRQHandler
                0x08002ba4                USART2_IRQHandler
                0x08002ba4                I2C2_ER_IRQHandler
                0x08002ba4                TIM8_BRK_IRQHandler
                0x08002ba4                FLASH_IRQHandler
                0x08002ba4                SPI3_IRQHandler
                0x08002ba4                I2C1_ER_IRQHandler
                0x08002ba4                LPTIM1_IRQHandler
                0x08002ba4                DMAMUX_OVR_IRQHandler
                0x08002ba4                USBWakeUp_IRQHandler
                0x08002ba4                SAI1_IRQHandler
                0x08002ba4                DMA2_Channel3_IRQHandler
                0x08002ba4                COMP4_IRQHandler
                0x08002ba4                TIM1_BRK_TIM15_IRQHandler
 *fill*         0x08002ba6        0x2 
 .text.HAL_InitTick
                0x08002ba8       0x50 CMakeFiles/TwisterDriver.elf.dir/Drivers/STM32G4xx_HAL_Driver/Src/stm32g4xx_hal.c.obj
                0x08002ba8                HAL_InitTick
 .text.HAL_Init
                0x08002bf8       0x1e CMakeFiles/TwisterDriver.elf.dir/Drivers/STM32G4xx_HAL_Driver/Src/stm32g4xx_hal.c.obj
                0x08002bf8                HAL_Init
 *fill*         0x08002c16        0x2 
 .text.HAL_IncTick
                0x08002c18       0x18 CMakeFiles/TwisterDriver.elf.dir/Drivers/STM32G4xx_HAL_Driver/Src/stm32g4xx_hal.c.obj
                0x08002c18                HAL_IncTick
 .text.HAL_GetTick
                0x08002c30        0xc CMakeFiles/TwisterDriver.elf.dir/Drivers/STM32G4xx_HAL_Driver/Src/stm32g4xx_hal.c.obj
                0x08002c30                HAL_GetTick
 .text.HAL_Delay
                0x08002c3c       0x28 CMakeFiles/TwisterDriver.elf.dir/Drivers/STM32G4xx_HAL_Driver/Src/stm32g4xx_hal.c.obj
                0x08002c3c                HAL_Delay
 .text.HAL_ADC_Init
                0x08002c64      0x240 CMakeFiles/TwisterDriver.elf.dir/Drivers/STM32G4xx_HAL_Driver/Src/stm32g4xx_hal_adc.c.obj
                0x08002c64                HAL_ADC_Init
 .text.HAL_ADC_PollForConversion
                0x08002ea4      0x110 CMakeFiles/TwisterDriver.elf.dir/Drivers/STM32G4xx_HAL_Driver/Src/stm32g4xx_hal_adc.c.obj
                0x08002ea4                HAL_ADC_PollForConversion
 .text.HAL_ADC_GetValue
                0x08002fb4        0x6 CMakeFiles/TwisterDriver.elf.dir/Drivers/STM32G4xx_HAL_Driver/Src/stm32g4xx_hal_adc.c.obj
                0x08002fb4                HAL_ADC_GetValue
 *fill*         0x08002fba        0x2 
 .text.HAL_ADC_ConfigChannel
                0x08002fbc      0x4e4 CMakeFiles/TwisterDriver.elf.dir/Drivers/STM32G4xx_HAL_Driver/Src/stm32g4xx_hal_adc.c.obj
                0x08002fbc                HAL_ADC_ConfigChannel
 .text.HAL_ADC_GetState
                0x080034a0        0x4 CMakeFiles/TwisterDriver.elf.dir/Drivers/STM32G4xx_HAL_Driver/Src/stm32g4xx_hal_adc.c.obj
                0x080034a0                HAL_ADC_GetState
 .text.ADC_ConversionStop
                0x080034a4      0x100 CMakeFiles/TwisterDriver.elf.dir/Drivers/STM32G4xx_HAL_Driver/Src/stm32g4xx_hal_adc.c.obj
                0x080034a4                ADC_ConversionStop
 .text.ADC_Enable
                0x080035a4       0x98 CMakeFiles/TwisterDriver.elf.dir/Drivers/STM32G4xx_HAL_Driver/Src/stm32g4xx_hal_adc.c.obj
                0x080035a4                ADC_Enable
 .text.HAL_ADC_Start
                0x0800363c       0xf4 CMakeFiles/TwisterDriver.elf.dir/Drivers/STM32G4xx_HAL_Driver/Src/stm32g4xx_hal_adc.c.obj
                0x0800363c                HAL_ADC_Start
 .text.ADC_Disable
                0x08003730       0x94 CMakeFiles/TwisterDriver.elf.dir/Drivers/STM32G4xx_HAL_Driver/Src/stm32g4xx_hal_adc.c.obj
                0x08003730                ADC_Disable
 .text.HAL_ADC_Stop
                0x080037c4       0x42 CMakeFiles/TwisterDriver.elf.dir/Drivers/STM32G4xx_HAL_Driver/Src/stm32g4xx_hal_adc.c.obj
                0x080037c4                HAL_ADC_Stop
 *fill*         0x08003806        0x2 
 .text.HAL_ADCEx_Calibration_Start
                0x08003808       0x9c CMakeFiles/TwisterDriver.elf.dir/Drivers/STM32G4xx_HAL_Driver/Src/stm32g4xx_hal_adc_ex.c.obj
                0x08003808                HAL_ADCEx_Calibration_Start
 .text.HAL_ADCEx_MultiModeConfigChannel
                0x080038a4      0x114 CMakeFiles/TwisterDriver.elf.dir/Drivers/STM32G4xx_HAL_Driver/Src/stm32g4xx_hal_adc_ex.c.obj
                0x080038a4                HAL_ADCEx_MultiModeConfigChannel
 .text.HAL_NVIC_SetPriorityGrouping
                0x080039b8       0x24 CMakeFiles/TwisterDriver.elf.dir/Drivers/STM32G4xx_HAL_Driver/Src/stm32g4xx_hal_cortex.c.obj
                0x080039b8                HAL_NVIC_SetPriorityGrouping
 .text.HAL_NVIC_SetPriority
                0x080039dc       0x70 CMakeFiles/TwisterDriver.elf.dir/Drivers/STM32G4xx_HAL_Driver/Src/stm32g4xx_hal_cortex.c.obj
                0x080039dc                HAL_NVIC_SetPriority
 .text.HAL_NVIC_EnableIRQ
                0x08003a4c       0x1c CMakeFiles/TwisterDriver.elf.dir/Drivers/STM32G4xx_HAL_Driver/Src/stm32g4xx_hal_cortex.c.obj
                0x08003a4c                HAL_NVIC_EnableIRQ
 .text.HAL_SYSTICK_Config
                0x08003a68       0x28 CMakeFiles/TwisterDriver.elf.dir/Drivers/STM32G4xx_HAL_Driver/Src/stm32g4xx_hal_cortex.c.obj
                0x08003a68                HAL_SYSTICK_Config
 .text.DMA_CalcDMAMUXChannelBaseAndMask
                0x08003a90       0x48 CMakeFiles/TwisterDriver.elf.dir/Drivers/STM32G4xx_HAL_Driver/Src/stm32g4xx_hal_dma.c.obj
 .text.DMA_CalcDMAMUXRequestGenBaseAndMask
                0x08003ad8       0x28 CMakeFiles/TwisterDriver.elf.dir/Drivers/STM32G4xx_HAL_Driver/Src/stm32g4xx_hal_dma.c.obj
 .text.HAL_DMA_Init
                0x08003b00       0xd8 CMakeFiles/TwisterDriver.elf.dir/Drivers/STM32G4xx_HAL_Driver/Src/stm32g4xx_hal_dma.c.obj
                0x08003b00                HAL_DMA_Init
 .text.HAL_DMA_Abort
                0x08003bd8       0x6c CMakeFiles/TwisterDriver.elf.dir/Drivers/STM32G4xx_HAL_Driver/Src/stm32g4xx_hal_dma.c.obj
                0x08003bd8                HAL_DMA_Abort
 .text.HAL_DMA_Abort_IT
                0x08003c44       0x7e CMakeFiles/TwisterDriver.elf.dir/Drivers/STM32G4xx_HAL_Driver/Src/stm32g4xx_hal_dma.c.obj
                0x08003c44                HAL_DMA_Abort_IT
 .text.HAL_DMA_IRQHandler
                0x08003cc2       0xc4 CMakeFiles/TwisterDriver.elf.dir/Drivers/STM32G4xx_HAL_Driver/Src/stm32g4xx_hal_dma.c.obj
                0x08003cc2                HAL_DMA_IRQHandler
 *fill*         0x08003d86        0x2 
 .text.FDCAN_CalcultateRamBlockAddresses
                0x08003d88       0x68 CMakeFiles/TwisterDriver.elf.dir/Drivers/STM32G4xx_HAL_Driver/Src/stm32g4xx_hal_fdcan.c.obj
 .text.HAL_FDCAN_Init
                0x08003df0      0x1d4 CMakeFiles/TwisterDriver.elf.dir/Drivers/STM32G4xx_HAL_Driver/Src/stm32g4xx_hal_fdcan.c.obj
                0x08003df0                HAL_FDCAN_Init
 .text.HAL_GPIO_Init
                0x08003fc4      0x1d4 CMakeFiles/TwisterDriver.elf.dir/Drivers/STM32G4xx_HAL_Driver/Src/stm32g4xx_hal_gpio.c.obj
                0x08003fc4                HAL_GPIO_Init
 .text.HAL_GPIO_ReadPin
                0x08004198        0xe CMakeFiles/TwisterDriver.elf.dir/Drivers/STM32G4xx_HAL_Driver/Src/stm32g4xx_hal_gpio.c.obj
                0x08004198                HAL_GPIO_ReadPin
 .text.HAL_GPIO_WritePin
                0x080041a6        0xa CMakeFiles/TwisterDriver.elf.dir/Drivers/STM32G4xx_HAL_Driver/Src/stm32g4xx_hal_gpio.c.obj
                0x080041a6                HAL_GPIO_WritePin
 .text.HAL_GPIO_TogglePin
                0x080041b0       0x12 CMakeFiles/TwisterDriver.elf.dir/Drivers/STM32G4xx_HAL_Driver/Src/stm32g4xx_hal_gpio.c.obj
                0x080041b0                HAL_GPIO_TogglePin
 .text.I2C_Flush_TXDR
                0x080041c2       0x22 CMakeFiles/TwisterDriver.elf.dir/Drivers/STM32G4xx_HAL_Driver/Src/stm32g4xx_hal_i2c.c.obj
 .text.I2C_TransferConfig
                0x080041e4       0x3c CMakeFiles/TwisterDriver.elf.dir/Drivers/STM32G4xx_HAL_Driver/Src/stm32g4xx_hal_i2c.c.obj
 .text.I2C_IsErrorOccurred
                0x08004220      0x12c CMakeFiles/TwisterDriver.elf.dir/Drivers/STM32G4xx_HAL_Driver/Src/stm32g4xx_hal_i2c.c.obj
 .text.I2C_WaitOnTXISFlagUntilTimeout
                0x0800434c       0x56 CMakeFiles/TwisterDriver.elf.dir/Drivers/STM32G4xx_HAL_Driver/Src/stm32g4xx_hal_i2c.c.obj
 .text.I2C_WaitOnFlagUntilTimeout
                0x080043a2       0x5a CMakeFiles/TwisterDriver.elf.dir/Drivers/STM32G4xx_HAL_Driver/Src/stm32g4xx_hal_i2c.c.obj
 .text.I2C_RequestMemoryRead
                0x080043fc       0x78 CMakeFiles/TwisterDriver.elf.dir/Drivers/STM32G4xx_HAL_Driver/Src/stm32g4xx_hal_i2c.c.obj
 .text.I2C_WaitOnSTOPFlagUntilTimeout
                0x08004474       0x50 CMakeFiles/TwisterDriver.elf.dir/Drivers/STM32G4xx_HAL_Driver/Src/stm32g4xx_hal_i2c.c.obj
 .text.HAL_I2C_Init
                0x080044c4       0xbc CMakeFiles/TwisterDriver.elf.dir/Drivers/STM32G4xx_HAL_Driver/Src/stm32g4xx_hal_i2c.c.obj
                0x080044c4                HAL_I2C_Init
 .text.HAL_I2C_Mem_Read
                0x08004580      0x1b0 CMakeFiles/TwisterDriver.elf.dir/Drivers/STM32G4xx_HAL_Driver/Src/stm32g4xx_hal_i2c.c.obj
                0x08004580                HAL_I2C_Mem_Read
 .text.HAL_I2CEx_ConfigAnalogFilter
                0x08004730       0x5c CMakeFiles/TwisterDriver.elf.dir/Drivers/STM32G4xx_HAL_Driver/Src/stm32g4xx_hal_i2c_ex.c.obj
                0x08004730                HAL_I2CEx_ConfigAnalogFilter
 .text.HAL_I2CEx_ConfigDigitalFilter
                0x0800478c       0x58 CMakeFiles/TwisterDriver.elf.dir/Drivers/STM32G4xx_HAL_Driver/Src/stm32g4xx_hal_i2c_ex.c.obj
                0x0800478c                HAL_I2CEx_ConfigDigitalFilter
 .text.HAL_PWREx_ControlVoltageScaling
                0x080047e4      0x10c CMakeFiles/TwisterDriver.elf.dir/Drivers/STM32G4xx_HAL_Driver/Src/stm32g4xx_hal_pwr_ex.c.obj
                0x080047e4                HAL_PWREx_ControlVoltageScaling
 .text.HAL_PWREx_DisableUCPDDeadBattery
                0x080048f0       0x10 CMakeFiles/TwisterDriver.elf.dir/Drivers/STM32G4xx_HAL_Driver/Src/stm32g4xx_hal_pwr_ex.c.obj
                0x080048f0                HAL_PWREx_DisableUCPDDeadBattery
 .text.RCC_GetSysClockFreqFromPLLSource
                0x08004900       0x58 CMakeFiles/TwisterDriver.elf.dir/Drivers/STM32G4xx_HAL_Driver/Src/stm32g4xx_hal_rcc.c.obj
 .text.HAL_RCC_OscConfig
                0x08004958      0x4e8 CMakeFiles/TwisterDriver.elf.dir/Drivers/STM32G4xx_HAL_Driver/Src/stm32g4xx_hal_rcc.c.obj
                0x08004958                HAL_RCC_OscConfig
 .text.HAL_RCC_GetSysClockFreq
                0x08004e40       0x88 CMakeFiles/TwisterDriver.elf.dir/Drivers/STM32G4xx_HAL_Driver/Src/stm32g4xx_hal_rcc.c.obj
                0x08004e40                HAL_RCC_GetSysClockFreq
 .text.HAL_RCC_ClockConfig
                0x08004ec8      0x1f8 CMakeFiles/TwisterDriver.elf.dir/Drivers/STM32G4xx_HAL_Driver/Src/stm32g4xx_hal_rcc.c.obj
                0x08004ec8                HAL_RCC_ClockConfig
 .text.HAL_RCC_GetHCLKFreq
                0x080050c0        0xc CMakeFiles/TwisterDriver.elf.dir/Drivers/STM32G4xx_HAL_Driver/Src/stm32g4xx_hal_rcc.c.obj
                0x080050c0                HAL_RCC_GetHCLKFreq
 .text.HAL_RCC_GetPCLK1Freq
                0x080050cc       0x24 CMakeFiles/TwisterDriver.elf.dir/Drivers/STM32G4xx_HAL_Driver/Src/stm32g4xx_hal_rcc.c.obj
                0x080050cc                HAL_RCC_GetPCLK1Freq
 .text.HAL_RCC_GetPCLK2Freq
                0x080050f0       0x24 CMakeFiles/TwisterDriver.elf.dir/Drivers/STM32G4xx_HAL_Driver/Src/stm32g4xx_hal_rcc.c.obj
                0x080050f0                HAL_RCC_GetPCLK2Freq
 .text.HAL_RCCEx_PeriphCLKConfig
                0x08005114      0x2e4 CMakeFiles/TwisterDriver.elf.dir/Drivers/STM32G4xx_HAL_Driver/Src/stm32g4xx_hal_rcc_ex.c.obj
                0x08005114                HAL_RCCEx_PeriphCLKConfig
 .text.HAL_SPI_Init
                0x080053f8       0xe8 CMakeFiles/TwisterDriver.elf.dir/Drivers/STM32G4xx_HAL_Driver/Src/stm32g4xx_hal_spi.c.obj
                0x080053f8                HAL_SPI_Init
 .text.TIM_OC1_SetConfig
                0x080054e0       0xa0 CMakeFiles/TwisterDriver.elf.dir/Drivers/STM32G4xx_HAL_Driver/Src/stm32g4xx_hal_tim.c.obj
 .text.TIM_OC3_SetConfig
                0x08005580       0x8c CMakeFiles/TwisterDriver.elf.dir/Drivers/STM32G4xx_HAL_Driver/Src/stm32g4xx_hal_tim.c.obj
 .text.TIM_OC4_SetConfig
                0x0800560c       0x8c CMakeFiles/TwisterDriver.elf.dir/Drivers/STM32G4xx_HAL_Driver/Src/stm32g4xx_hal_tim.c.obj
 .text.TIM_OC5_SetConfig
                0x08005698       0x68 CMakeFiles/TwisterDriver.elf.dir/Drivers/STM32G4xx_HAL_Driver/Src/stm32g4xx_hal_tim.c.obj
 .text.TIM_OC6_SetConfig
                0x08005700       0x6c CMakeFiles/TwisterDriver.elf.dir/Drivers/STM32G4xx_HAL_Driver/Src/stm32g4xx_hal_tim.c.obj
 .text.HAL_TIM_Base_Start_IT
                0x0800576c       0x84 CMakeFiles/TwisterDriver.elf.dir/Drivers/STM32G4xx_HAL_Driver/Src/stm32g4xx_hal_tim.c.obj
                0x0800576c                HAL_TIM_Base_Start_IT
 .text.HAL_TIM_PeriodElapsedCallback
                0x080057f0        0x2 CMakeFiles/TwisterDriver.elf.dir/Drivers/STM32G4xx_HAL_Driver/Src/stm32g4xx_hal_tim.c.obj
                0x080057f0                HAL_TIM_PeriodElapsedCallback
 .text.HAL_TIM_OC_DelayElapsedCallback
                0x080057f2        0x2 CMakeFiles/TwisterDriver.elf.dir/Drivers/STM32G4xx_HAL_Driver/Src/stm32g4xx_hal_tim.c.obj
                0x080057f2                HAL_TIM_OC_DelayElapsedCallback
 .text.HAL_TIM_IC_CaptureCallback
                0x080057f4        0x2 CMakeFiles/TwisterDriver.elf.dir/Drivers/STM32G4xx_HAL_Driver/Src/stm32g4xx_hal_tim.c.obj
                0x080057f4                HAL_TIM_IC_CaptureCallback
 .text.HAL_TIM_PWM_PulseFinishedCallback
                0x080057f6        0x2 CMakeFiles/TwisterDriver.elf.dir/Drivers/STM32G4xx_HAL_Driver/Src/stm32g4xx_hal_tim.c.obj
                0x080057f6                HAL_TIM_PWM_PulseFinishedCallback
 .text.HAL_TIM_TriggerCallback
                0x080057f8        0x2 CMakeFiles/TwisterDriver.elf.dir/Drivers/STM32G4xx_HAL_Driver/Src/stm32g4xx_hal_tim.c.obj
                0x080057f8                HAL_TIM_TriggerCallback
 .text.HAL_TIM_IRQHandler
                0x080057fa      0x21e CMakeFiles/TwisterDriver.elf.dir/Drivers/STM32G4xx_HAL_Driver/Src/stm32g4xx_hal_tim.c.obj
                0x080057fa                HAL_TIM_IRQHandler
 .text.TIM_Base_SetConfig
                0x08005a18       0xb8 CMakeFiles/TwisterDriver.elf.dir/Drivers/STM32G4xx_HAL_Driver/Src/stm32g4xx_hal_tim.c.obj
                0x08005a18                TIM_Base_SetConfig
 .text.HAL_TIM_Base_Init
                0x08005ad0       0x60 CMakeFiles/TwisterDriver.elf.dir/Drivers/STM32G4xx_HAL_Driver/Src/stm32g4xx_hal_tim.c.obj
                0x08005ad0                HAL_TIM_Base_Init
 .text.HAL_TIM_PWM_Init
                0x08005b30       0x60 CMakeFiles/TwisterDriver.elf.dir/Drivers/STM32G4xx_HAL_Driver/Src/stm32g4xx_hal_tim.c.obj
                0x08005b30                HAL_TIM_PWM_Init
 .text.HAL_TIM_Encoder_Init
                0x08005b90       0xb6 CMakeFiles/TwisterDriver.elf.dir/Drivers/STM32G4xx_HAL_Driver/Src/stm32g4xx_hal_tim.c.obj
                0x08005b90                HAL_TIM_Encoder_Init
 *fill*         0x08005c46        0x2 
 .text.TIM_OC2_SetConfig
                0x08005c48       0x8c CMakeFiles/TwisterDriver.elf.dir/Drivers/STM32G4xx_HAL_Driver/Src/stm32g4xx_hal_tim.c.obj
                0x08005c48                TIM_OC2_SetConfig
 .text.HAL_TIM_PWM_ConfigChannel
                0x08005cd4      0x13a CMakeFiles/TwisterDriver.elf.dir/Drivers/STM32G4xx_HAL_Driver/Src/stm32g4xx_hal_tim.c.obj
                0x08005cd4                HAL_TIM_PWM_ConfigChannel
 .text.TIM_CCxChannelCmd
                0x08005e0e       0x1e CMakeFiles/TwisterDriver.elf.dir/Drivers/STM32G4xx_HAL_Driver/Src/stm32g4xx_hal_tim.c.obj
                0x08005e0e                TIM_CCxChannelCmd
 .text.HAL_TIM_PWM_Start
                0x08005e2c      0x158 CMakeFiles/TwisterDriver.elf.dir/Drivers/STM32G4xx_HAL_Driver/Src/stm32g4xx_hal_tim.c.obj
                0x08005e2c                HAL_TIM_PWM_Start
 .text.HAL_TIMEx_MasterConfigSynchronization
                0x08005f84       0x94 CMakeFiles/TwisterDriver.elf.dir/Drivers/STM32G4xx_HAL_Driver/Src/stm32g4xx_hal_tim_ex.c.obj
                0x08005f84                HAL_TIMEx_MasterConfigSynchronization
 .text.HAL_TIMEx_ConfigBreakDeadTime
                0x08006018       0xbc CMakeFiles/TwisterDriver.elf.dir/Drivers/STM32G4xx_HAL_Driver/Src/stm32g4xx_hal_tim_ex.c.obj
                0x08006018                HAL_TIMEx_ConfigBreakDeadTime
 .text.HAL_TIMEx_CommutCallback
                0x080060d4        0x2 CMakeFiles/TwisterDriver.elf.dir/Drivers/STM32G4xx_HAL_Driver/Src/stm32g4xx_hal_tim_ex.c.obj
                0x080060d4                HAL_TIMEx_CommutCallback
 .text.HAL_TIMEx_BreakCallback
                0x080060d6        0x2 CMakeFiles/TwisterDriver.elf.dir/Drivers/STM32G4xx_HAL_Driver/Src/stm32g4xx_hal_tim_ex.c.obj
                0x080060d6                HAL_TIMEx_BreakCallback
 .text.HAL_TIMEx_Break2Callback
                0x080060d8        0x2 CMakeFiles/TwisterDriver.elf.dir/Drivers/STM32G4xx_HAL_Driver/Src/stm32g4xx_hal_tim_ex.c.obj
                0x080060d8                HAL_TIMEx_Break2Callback
 .text.HAL_TIMEx_EncoderIndexCallback
                0x080060da        0x2 CMakeFiles/TwisterDriver.elf.dir/Drivers/STM32G4xx_HAL_Driver/Src/stm32g4xx_hal_tim_ex.c.obj
                0x080060da                HAL_TIMEx_EncoderIndexCallback
 .text.HAL_TIMEx_DirectionChangeCallback
                0x080060dc        0x2 CMakeFiles/TwisterDriver.elf.dir/Drivers/STM32G4xx_HAL_Driver/Src/stm32g4xx_hal_tim_ex.c.obj
                0x080060dc                HAL_TIMEx_DirectionChangeCallback
 .text.HAL_TIMEx_IndexErrorCallback
                0x080060de        0x2 CMakeFiles/TwisterDriver.elf.dir/Drivers/STM32G4xx_HAL_Driver/Src/stm32g4xx_hal_tim_ex.c.obj
                0x080060de                HAL_TIMEx_IndexErrorCallback
 .text.HAL_TIMEx_TransitionErrorCallback
                0x080060e0        0x2 CMakeFiles/TwisterDriver.elf.dir/Drivers/STM32G4xx_HAL_Driver/Src/stm32g4xx_hal_tim_ex.c.obj
                0x080060e0                HAL_TIMEx_TransitionErrorCallback
 .text.UART_EndRxTransfer
                0x080060e2       0x56 CMakeFiles/TwisterDriver.elf.dir/Drivers/STM32G4xx_HAL_Driver/Src/stm32g4xx_hal_uart.c.obj
 .text.HAL_UART_TxCpltCallback
                0x08006138        0x2 CMakeFiles/TwisterDriver.elf.dir/Drivers/STM32G4xx_HAL_Driver/Src/stm32g4xx_hal_uart.c.obj
                0x08006138                HAL_UART_TxCpltCallback
 .text.UART_EndTransmit_IT
                0x0800613a       0x24 CMakeFiles/TwisterDriver.elf.dir/Drivers/STM32G4xx_HAL_Driver/Src/stm32g4xx_hal_uart.c.obj
 .text.HAL_UART_ErrorCallback
                0x0800615e        0x2 CMakeFiles/TwisterDriver.elf.dir/Drivers/STM32G4xx_HAL_Driver/Src/stm32g4xx_hal_uart.c.obj
                0x0800615e                HAL_UART_ErrorCallback
 .text.UART_DMAAbortOnError
                0x08006160       0x14 CMakeFiles/TwisterDriver.elf.dir/Drivers/STM32G4xx_HAL_Driver/Src/stm32g4xx_hal_uart.c.obj
 .text.HAL_UARTEx_RxEventCallback
                0x08006174        0x2 CMakeFiles/TwisterDriver.elf.dir/Drivers/STM32G4xx_HAL_Driver/Src/stm32g4xx_hal_uart.c.obj
                0x08006174                HAL_UARTEx_RxEventCallback
 *fill*         0x08006176        0x2 
 .text.HAL_UART_IRQHandler
                0x08006178      0x334 CMakeFiles/TwisterDriver.elf.dir/Drivers/STM32G4xx_HAL_Driver/Src/stm32g4xx_hal_uart.c.obj
                0x08006178                HAL_UART_IRQHandler
 .text.UART_RxISR_8BIT
                0x080064ac       0xb2 CMakeFiles/TwisterDriver.elf.dir/Drivers/STM32G4xx_HAL_Driver/Src/stm32g4xx_hal_uart.c.obj
 .text.UART_RxISR_16BIT
                0x0800655e       0xb0 CMakeFiles/TwisterDriver.elf.dir/Drivers/STM32G4xx_HAL_Driver/Src/stm32g4xx_hal_uart.c.obj
 *fill*         0x0800660e        0x2 
 .text.UART_RxISR_8BIT_FIFOEN
                0x08006610      0x1a0 CMakeFiles/TwisterDriver.elf.dir/Drivers/STM32G4xx_HAL_Driver/Src/stm32g4xx_hal_uart.c.obj
 .text.UART_RxISR_16BIT_FIFOEN
                0x080067b0      0x1a0 CMakeFiles/TwisterDriver.elf.dir/Drivers/STM32G4xx_HAL_Driver/Src/stm32g4xx_hal_uart.c.obj
 .text.UART_SetConfig
                0x08006950      0x344 CMakeFiles/TwisterDriver.elf.dir/Drivers/STM32G4xx_HAL_Driver/Src/stm32g4xx_hal_uart.c.obj
                0x08006950                UART_SetConfig
 .text.UART_AdvFeatureConfig
                0x08006c94       0xca CMakeFiles/TwisterDriver.elf.dir/Drivers/STM32G4xx_HAL_Driver/Src/stm32g4xx_hal_uart.c.obj
                0x08006c94                UART_AdvFeatureConfig
 .text.UART_WaitOnFlagUntilTimeout
                0x08006d5e       0xdc CMakeFiles/TwisterDriver.elf.dir/Drivers/STM32G4xx_HAL_Driver/Src/stm32g4xx_hal_uart.c.obj
                0x08006d5e                UART_WaitOnFlagUntilTimeout
 .text.HAL_UART_Transmit
                0x08006e3a       0xde CMakeFiles/TwisterDriver.elf.dir/Drivers/STM32G4xx_HAL_Driver/Src/stm32g4xx_hal_uart.c.obj
                0x08006e3a                HAL_UART_Transmit
 .text.UART_CheckIdleState
                0x08006f18       0x74 CMakeFiles/TwisterDriver.elf.dir/Drivers/STM32G4xx_HAL_Driver/Src/stm32g4xx_hal_uart.c.obj
                0x08006f18                UART_CheckIdleState
 .text.HAL_UART_Init
                0x08006f8c       0x66 CMakeFiles/TwisterDriver.elf.dir/Drivers/STM32G4xx_HAL_Driver/Src/stm32g4xx_hal_uart.c.obj
                0x08006f8c                HAL_UART_Init
 *fill*         0x08006ff2        0x2 
 .text.UART_Start_Receive_IT
                0x08006ff4      0x148 CMakeFiles/TwisterDriver.elf.dir/Drivers/STM32G4xx_HAL_Driver/Src/stm32g4xx_hal_uart.c.obj
                0x08006ff4                UART_Start_Receive_IT
 .text.HAL_UART_Receive_IT
                0x0800713c       0x5c CMakeFiles/TwisterDriver.elf.dir/Drivers/STM32G4xx_HAL_Driver/Src/stm32g4xx_hal_uart.c.obj
                0x0800713c                HAL_UART_Receive_IT
 .text.UARTEx_SetNbDataToProcess
                0x08007198       0x4c CMakeFiles/TwisterDriver.elf.dir/Drivers/STM32G4xx_HAL_Driver/Src/stm32g4xx_hal_uart_ex.c.obj
 .text.HAL_UARTEx_WakeupCallback
                0x080071e4        0x2 CMakeFiles/TwisterDriver.elf.dir/Drivers/STM32G4xx_HAL_Driver/Src/stm32g4xx_hal_uart_ex.c.obj
                0x080071e4                HAL_UARTEx_WakeupCallback
 .text.HAL_UARTEx_RxFifoFullCallback
                0x080071e6        0x2 CMakeFiles/TwisterDriver.elf.dir/Drivers/STM32G4xx_HAL_Driver/Src/stm32g4xx_hal_uart_ex.c.obj
                0x080071e6                HAL_UARTEx_RxFifoFullCallback
 .text.HAL_UARTEx_TxFifoEmptyCallback
                0x080071e8        0x2 CMakeFiles/TwisterDriver.elf.dir/Drivers/STM32G4xx_HAL_Driver/Src/stm32g4xx_hal_uart_ex.c.obj
                0x080071e8                HAL_UARTEx_TxFifoEmptyCallback
 .text.HAL_UARTEx_DisableFifoMode
                0x080071ea       0x3e CMakeFiles/TwisterDriver.elf.dir/Drivers/STM32G4xx_HAL_Driver/Src/stm32g4xx_hal_uart_ex.c.obj
                0x080071ea                HAL_UARTEx_DisableFifoMode
 .text.HAL_UARTEx_SetTxFifoThreshold
                0x08007228       0x4a CMakeFiles/TwisterDriver.elf.dir/Drivers/STM32G4xx_HAL_Driver/Src/stm32g4xx_hal_uart_ex.c.obj
                0x08007228                HAL_UARTEx_SetTxFifoThreshold
 .text.HAL_UARTEx_SetRxFifoThreshold
                0x08007272       0x4a CMakeFiles/TwisterDriver.elf.dir/Drivers/STM32G4xx_HAL_Driver/Src/stm32g4xx_hal_uart_ex.c.obj
                0x08007272                HAL_UARTEx_SetRxFifoThreshold
 .text.makeFreeRtosPriority
                0x080072bc        0xc CMakeFiles/TwisterDriver.elf.dir/Middlewares/Third_Party/FreeRTOS/Source/CMSIS_RTOS/cmsis_os.c.obj
 .text.inHandlerMode
                0x080072c8        0xc CMakeFiles/TwisterDriver.elf.dir/Middlewares/Third_Party/FreeRTOS/Source/CMSIS_RTOS/cmsis_os.c.obj
 .text.osKernelStart
                0x080072d4        0xa CMakeFiles/TwisterDriver.elf.dir/Middlewares/Third_Party/FreeRTOS/Source/CMSIS_RTOS/cmsis_os.c.obj
                0x080072d4                osKernelStart
 .text.osThreadCreate
                0x080072de       0x34 CMakeFiles/TwisterDriver.elf.dir/Middlewares/Third_Party/FreeRTOS/Source/CMSIS_RTOS/cmsis_os.c.obj
                0x080072de                osThreadCreate
 .text.osDelay  0x08007312        0xe CMakeFiles/TwisterDriver.elf.dir/Middlewares/Third_Party/FreeRTOS/Source/CMSIS_RTOS/cmsis_os.c.obj
                0x08007312                osDelay
 .text.osMutexCreate
                0x08007320        0xa CMakeFiles/TwisterDriver.elf.dir/Middlewares/Third_Party/FreeRTOS/Source/CMSIS_RTOS/cmsis_os.c.obj
                0x08007320                osMutexCreate
 .text.osMutexWait
                0x0800732a       0x60 CMakeFiles/TwisterDriver.elf.dir/Middlewares/Third_Party/FreeRTOS/Source/CMSIS_RTOS/cmsis_os.c.obj
                0x0800732a                osMutexWait
 .text.osMutexRelease
                0x0800738a       0x5a CMakeFiles/TwisterDriver.elf.dir/Middlewares/Third_Party/FreeRTOS/Source/CMSIS_RTOS/cmsis_os.c.obj
                0x0800738a                osMutexRelease
 .text.osPoolCreate
                0x080073e4       0x6c CMakeFiles/TwisterDriver.elf.dir/Middlewares/Third_Party/FreeRTOS/Source/CMSIS_RTOS/cmsis_os.c.obj
                0x080073e4                osPoolCreate
 .text.osPoolAlloc
                0x08007450       0x6e CMakeFiles/TwisterDriver.elf.dir/Middlewares/Third_Party/FreeRTOS/Source/CMSIS_RTOS/cmsis_os.c.obj
                0x08007450                osPoolAlloc
 .text.osPoolFree
                0x080074be       0x40 CMakeFiles/TwisterDriver.elf.dir/Middlewares/Third_Party/FreeRTOS/Source/CMSIS_RTOS/cmsis_os.c.obj
                0x080074be                osPoolFree
 .text.osMessageCreate
                0x080074fe        0xe CMakeFiles/TwisterDriver.elf.dir/Middlewares/Third_Party/FreeRTOS/Source/CMSIS_RTOS/cmsis_os.c.obj
                0x080074fe                osMessageCreate
 .text.osMessagePut
                0x0800750c       0x66 CMakeFiles/TwisterDriver.elf.dir/Middlewares/Third_Party/FreeRTOS/Source/CMSIS_RTOS/cmsis_os.c.obj
                0x0800750c                osMessagePut
 .text.osMessageGet
                0x08007572       0x88 CMakeFiles/TwisterDriver.elf.dir/Middlewares/Third_Party/FreeRTOS/Source/CMSIS_RTOS/cmsis_os.c.obj
                0x08007572                osMessageGet
 .text.vListInitialise
                0x080075fa       0x16 CMakeFiles/TwisterDriver.elf.dir/Middlewares/Third_Party/FreeRTOS/Source/list.c.obj
                0x080075fa                vListInitialise
 .text.vListInitialiseItem
                0x08007610        0x6 CMakeFiles/TwisterDriver.elf.dir/Middlewares/Third_Party/FreeRTOS/Source/list.c.obj
                0x08007610                vListInitialiseItem
 .text.vListInsertEnd
                0x08007616       0x16 CMakeFiles/TwisterDriver.elf.dir/Middlewares/Third_Party/FreeRTOS/Source/list.c.obj
                0x08007616                vListInsertEnd
 .text.vListInsert
                0x0800762c       0x32 CMakeFiles/TwisterDriver.elf.dir/Middlewares/Third_Party/FreeRTOS/Source/list.c.obj
                0x0800762c                vListInsert
 .text.uxListRemove
                0x0800765e       0x26 CMakeFiles/TwisterDriver.elf.dir/Middlewares/Third_Party/FreeRTOS/Source/list.c.obj
                0x0800765e                uxListRemove
 .text.prvTaskExitError
                0x08007684       0x40 CMakeFiles/TwisterDriver.elf.dir/Middlewares/Third_Party/FreeRTOS/Source/portable/GCC/ARM_CM4F/port.c.obj
 .text.prvPortStartFirstTask
                0x080076c4       0x28 CMakeFiles/TwisterDriver.elf.dir/Middlewares/Third_Party/FreeRTOS/Source/portable/GCC/ARM_CM4F/port.c.obj
 .text.vPortEnableVFP
                0x080076ec       0x14 CMakeFiles/TwisterDriver.elf.dir/Middlewares/Third_Party/FreeRTOS/Source/portable/GCC/ARM_CM4F/port.c.obj
 .text.pxPortInitialiseStack
                0x08007700       0x2c CMakeFiles/TwisterDriver.elf.dir/Middlewares/Third_Party/FreeRTOS/Source/portable/GCC/ARM_CM4F/port.c.obj
                0x08007700                pxPortInitialiseStack
 *fill*         0x0800772c        0x4 
 .text.SVC_Handler
                0x08007730       0x24 CMakeFiles/TwisterDriver.elf.dir/Middlewares/Third_Party/FreeRTOS/Source/portable/GCC/ARM_CM4F/port.c.obj
                0x08007730                SVC_Handler
 .text.vPortEnterCritical
                0x08007754       0x44 CMakeFiles/TwisterDriver.elf.dir/Middlewares/Third_Party/FreeRTOS/Source/portable/GCC/ARM_CM4F/port.c.obj
                0x08007754                vPortEnterCritical
 .text.vPortExitCritical
                0x08007798       0x2c CMakeFiles/TwisterDriver.elf.dir/Middlewares/Third_Party/FreeRTOS/Source/portable/GCC/ARM_CM4F/port.c.obj
                0x08007798                vPortExitCritical
 *fill*         0x080077c4        0xc 
 .text.PendSV_Handler
                0x080077d0       0x64 CMakeFiles/TwisterDriver.elf.dir/Middlewares/Third_Party/FreeRTOS/Source/portable/GCC/ARM_CM4F/port.c.obj
                0x080077d0                PendSV_Handler
 .text.xPortSysTickHandler
                0x08007834       0x2c CMakeFiles/TwisterDriver.elf.dir/Middlewares/Third_Party/FreeRTOS/Source/portable/GCC/ARM_CM4F/port.c.obj
                0x08007834                xPortSysTickHandler
 .text.vPortSetupTimerInterrupt
                0x08007860       0x28 CMakeFiles/TwisterDriver.elf.dir/Middlewares/Third_Party/FreeRTOS/Source/portable/GCC/ARM_CM4F/port.c.obj
                0x08007860                vPortSetupTimerInterrupt
 .text.xPortStartScheduler
                0x08007888      0x118 CMakeFiles/TwisterDriver.elf.dir/Middlewares/Third_Party/FreeRTOS/Source/portable/GCC/ARM_CM4F/port.c.obj
                0x08007888                xPortStartScheduler
 .text.vPortValidateInterruptPriority
                0x080079a0       0x5c CMakeFiles/TwisterDriver.elf.dir/Middlewares/Third_Party/FreeRTOS/Source/portable/GCC/ARM_CM4F/port.c.obj
                0x080079a0                vPortValidateInterruptPriority
 .text.prvHeapInit
                0x080079fc       0x64 CMakeFiles/TwisterDriver.elf.dir/Middlewares/Third_Party/FreeRTOS/Source/portable/MemMang/heap_4.c.obj
 .text.prvInsertBlockIntoFreeList
                0x08007a60       0x64 CMakeFiles/TwisterDriver.elf.dir/Middlewares/Third_Party/FreeRTOS/Source/portable/MemMang/heap_4.c.obj
 .text.pvPortMalloc
                0x08007ac4       0xfc CMakeFiles/TwisterDriver.elf.dir/Middlewares/Third_Party/FreeRTOS/Source/portable/MemMang/heap_4.c.obj
                0x08007ac4                pvPortMalloc
 .text.vPortFree
                0x08007bc0       0x7c CMakeFiles/TwisterDriver.elf.dir/Middlewares/Third_Party/FreeRTOS/Source/portable/MemMang/heap_4.c.obj
                0x08007bc0                vPortFree
 .text.prvGetDisinheritPriorityAfterTimeout
                0x08007c3c       0x10 CMakeFiles/TwisterDriver.elf.dir/Middlewares/Third_Party/FreeRTOS/Source/queue.c.obj
 .text.prvIsQueueFull
                0x08007c4c       0x1e CMakeFiles/TwisterDriver.elf.dir/Middlewares/Third_Party/FreeRTOS/Source/queue.c.obj
 .text.prvIsQueueEmpty
                0x08007c6a       0x1a CMakeFiles/TwisterDriver.elf.dir/Middlewares/Third_Party/FreeRTOS/Source/queue.c.obj
 .text.prvCopyDataToQueue
                0x08007c84       0x76 CMakeFiles/TwisterDriver.elf.dir/Middlewares/Third_Party/FreeRTOS/Source/queue.c.obj
 .text.prvCopyDataFromQueue
                0x08007cfa       0x24 CMakeFiles/TwisterDriver.elf.dir/Middlewares/Third_Party/FreeRTOS/Source/queue.c.obj
 .text.prvUnlockQueue
                0x08007d1e       0x6e CMakeFiles/TwisterDriver.elf.dir/Middlewares/Third_Party/FreeRTOS/Source/queue.c.obj
 .text.xQueueGenericReset
                0x08007d8c       0x84 CMakeFiles/TwisterDriver.elf.dir/Middlewares/Third_Party/FreeRTOS/Source/queue.c.obj
                0x08007d8c                xQueueGenericReset
 .text.prvInitialiseNewQueue
                0x08007e10       0x1c CMakeFiles/TwisterDriver.elf.dir/Middlewares/Third_Party/FreeRTOS/Source/queue.c.obj
 .text.xQueueGenericCreate
                0x08007e2c       0x42 CMakeFiles/TwisterDriver.elf.dir/Middlewares/Third_Party/FreeRTOS/Source/queue.c.obj
                0x08007e2c                xQueueGenericCreate
 .text.xQueueGenericSend
                0x08007e6e      0x188 CMakeFiles/TwisterDriver.elf.dir/Middlewares/Third_Party/FreeRTOS/Source/queue.c.obj
                0x08007e6e                xQueueGenericSend
 .text.prvInitialiseMutex
                0x08007ff6       0x18 CMakeFiles/TwisterDriver.elf.dir/Middlewares/Third_Party/FreeRTOS/Source/queue.c.obj
 .text.xQueueCreateMutex
                0x0800800e       0x16 CMakeFiles/TwisterDriver.elf.dir/Middlewares/Third_Party/FreeRTOS/Source/queue.c.obj
                0x0800800e                xQueueCreateMutex
 .text.xQueueGenericSendFromISR
                0x08008024       0xce CMakeFiles/TwisterDriver.elf.dir/Middlewares/Third_Party/FreeRTOS/Source/queue.c.obj
                0x08008024                xQueueGenericSendFromISR
 .text.xQueueGiveFromISR
                0x080080f2       0xb2 CMakeFiles/TwisterDriver.elf.dir/Middlewares/Third_Party/FreeRTOS/Source/queue.c.obj
                0x080080f2                xQueueGiveFromISR
 .text.xQueueReceive
                0x080081a4      0x15e CMakeFiles/TwisterDriver.elf.dir/Middlewares/Third_Party/FreeRTOS/Source/queue.c.obj
                0x080081a4                xQueueReceive
 .text.xQueueSemaphoreTake
                0x08008302      0x1a6 CMakeFiles/TwisterDriver.elf.dir/Middlewares/Third_Party/FreeRTOS/Source/queue.c.obj
                0x08008302                xQueueSemaphoreTake
 .text.xQueueReceiveFromISR
                0x080084a8       0xa8 CMakeFiles/TwisterDriver.elf.dir/Middlewares/Third_Party/FreeRTOS/Source/queue.c.obj
                0x080084a8                xQueueReceiveFromISR
 .text.prvResetNextTaskUnblockTime
                0x08008550       0x2c CMakeFiles/TwisterDriver.elf.dir/Middlewares/Third_Party/FreeRTOS/Source/tasks.c.obj
 .text.prvDeleteTCB
                0x0800857c       0x12 CMakeFiles/TwisterDriver.elf.dir/Middlewares/Third_Party/FreeRTOS/Source/tasks.c.obj
 .text.prvInitialiseNewTask
                0x0800858e       0xa2 CMakeFiles/TwisterDriver.elf.dir/Middlewares/Third_Party/FreeRTOS/Source/tasks.c.obj
 .text.prvInitialiseTaskLists
                0x08008630       0x68 CMakeFiles/TwisterDriver.elf.dir/Middlewares/Third_Party/FreeRTOS/Source/tasks.c.obj
 .text.prvAddNewTaskToReadyList
                0x08008698       0xa8 CMakeFiles/TwisterDriver.elf.dir/Middlewares/Third_Party/FreeRTOS/Source/tasks.c.obj
 .text.prvCheckTasksWaitingTermination
                0x08008740       0x4c CMakeFiles/TwisterDriver.elf.dir/Middlewares/Third_Party/FreeRTOS/Source/tasks.c.obj
 .text.prvIdleTask
                0x0800878c       0x28 CMakeFiles/TwisterDriver.elf.dir/Middlewares/Third_Party/FreeRTOS/Source/tasks.c.obj
 .text.prvAddCurrentTaskToDelayedList
                0x080087b4       0x98 CMakeFiles/TwisterDriver.elf.dir/Middlewares/Third_Party/FreeRTOS/Source/tasks.c.obj
 .text.xTaskCreate
                0x0800884c       0x64 CMakeFiles/TwisterDriver.elf.dir/Middlewares/Third_Party/FreeRTOS/Source/tasks.c.obj
                0x0800884c                xTaskCreate
 .text.vTaskStartScheduler
                0x080088b0       0x7c CMakeFiles/TwisterDriver.elf.dir/Middlewares/Third_Party/FreeRTOS/Source/tasks.c.obj
                0x080088b0                vTaskStartScheduler
 .text.vTaskSuspendAll
                0x0800892c       0x10 CMakeFiles/TwisterDriver.elf.dir/Middlewares/Third_Party/FreeRTOS/Source/tasks.c.obj
                0x0800892c                vTaskSuspendAll
 .text.xTaskIncrementTick
                0x0800893c      0x118 CMakeFiles/TwisterDriver.elf.dir/Middlewares/Third_Party/FreeRTOS/Source/tasks.c.obj
                0x0800893c                xTaskIncrementTick
 .text.xTaskResumeAll
                0x08008a54       0xf8 CMakeFiles/TwisterDriver.elf.dir/Middlewares/Third_Party/FreeRTOS/Source/tasks.c.obj
                0x08008a54                xTaskResumeAll
 .text.vTaskDelay
                0x08008b4c       0x4c CMakeFiles/TwisterDriver.elf.dir/Middlewares/Third_Party/FreeRTOS/Source/tasks.c.obj
                0x08008b4c                vTaskDelay
 .text.vTaskSwitchContext
                0x08008b98       0x98 CMakeFiles/TwisterDriver.elf.dir/Middlewares/Third_Party/FreeRTOS/Source/tasks.c.obj
                0x08008b98                vTaskSwitchContext
 .text.vTaskPlaceOnEventList
                0x08008c30       0x30 CMakeFiles/TwisterDriver.elf.dir/Middlewares/Third_Party/FreeRTOS/Source/tasks.c.obj
                0x08008c30                vTaskPlaceOnEventList
 .text.xTaskRemoveFromEventList
                0x08008c60       0x8c CMakeFiles/TwisterDriver.elf.dir/Middlewares/Third_Party/FreeRTOS/Source/tasks.c.obj
                0x08008c60                xTaskRemoveFromEventList
 .text.vTaskInternalSetTimeOutState
                0x08008cec       0x18 CMakeFiles/TwisterDriver.elf.dir/Middlewares/Third_Party/FreeRTOS/Source/tasks.c.obj
                0x08008cec                vTaskInternalSetTimeOutState
 .text.xTaskCheckForTimeOut
                0x08008d04       0x84 CMakeFiles/TwisterDriver.elf.dir/Middlewares/Third_Party/FreeRTOS/Source/tasks.c.obj
                0x08008d04                xTaskCheckForTimeOut
 .text.vTaskMissedYield
                0x08008d88        0xc CMakeFiles/TwisterDriver.elf.dir/Middlewares/Third_Party/FreeRTOS/Source/tasks.c.obj
                0x08008d88                vTaskMissedYield
 .text.xTaskGetSchedulerState
                0x08008d94       0x20 CMakeFiles/TwisterDriver.elf.dir/Middlewares/Third_Party/FreeRTOS/Source/tasks.c.obj
                0x08008d94                xTaskGetSchedulerState
 .text.xTaskPriorityInherit
                0x08008db4       0xac CMakeFiles/TwisterDriver.elf.dir/Middlewares/Third_Party/FreeRTOS/Source/tasks.c.obj
                0x08008db4                xTaskPriorityInherit
 .text.xTaskPriorityDisinherit
                0x08008e60       0xb4 CMakeFiles/TwisterDriver.elf.dir/Middlewares/Third_Party/FreeRTOS/Source/tasks.c.obj
                0x08008e60                xTaskPriorityDisinherit
 .text.vTaskPriorityDisinheritAfterTimeout
                0x08008f14       0xb4 CMakeFiles/TwisterDriver.elf.dir/Middlewares/Third_Party/FreeRTOS/Source/tasks.c.obj
                0x08008f14                vTaskPriorityDisinheritAfterTimeout
 .text.pvTaskIncrementMutexHeldCount
                0x08008fc8       0x1c CMakeFiles/TwisterDriver.elf.dir/Middlewares/Third_Party/FreeRTOS/Source/tasks.c.obj
                0x08008fc8                pvTaskIncrementMutexHeldCount
 .text.FOC_Vbus
                0x08008fe4       0x28 CMakeFiles/TwisterDriver.elf.dir/UserApp/FOC/FOC.c.obj
                0x08008fe4                FOC_Vbus
 *fill*         0x0800900c        0x4 
 .text._normalizeAngle
                0x08009010       0x44 CMakeFiles/TwisterDriver.elf.dir/UserApp/FOC/FOC.c.obj
                0x08009010                _normalizeAngle
 .text._electricalAngle
                0x08009054       0x22 CMakeFiles/TwisterDriver.elf.dir/UserApp/FOC/FOC.c.obj
                0x08009054                _electricalAngle
 *fill*         0x08009076        0x2 
 .text.setPWM   0x08009078       0xf4 CMakeFiles/TwisterDriver.elf.dir/UserApp/FOC/FOC.c.obj
                0x08009078                setPWM
 .text.setTorque
                0x0800916c       0xd0 CMakeFiles/TwisterDriver.elf.dir/UserApp/FOC/FOC.c.obj
                0x0800916c                setTorque
 .text.FOC_alignSensor
                0x0800923c       0x78 CMakeFiles/TwisterDriver.elf.dir/UserApp/FOC/FOC.c.obj
                0x0800923c                FOC_alignSensor
 .text.FOC_VEL_PID
                0x080092b4       0x10 CMakeFiles/TwisterDriver.elf.dir/UserApp/FOC/FOC.c.obj
                0x080092b4                FOC_VEL_PID
 .text.FOC_getVelocity
                0x080092c4       0xa8 CMakeFiles/TwisterDriver.elf.dir/UserApp/FOC/FOC.c.obj
                0x080092c4                FOC_getVelocity
 .text.FOC_Clarke_Park
                0x0800936c       0xa0 CMakeFiles/TwisterDriver.elf.dir/UserApp/FOC/FOC.c.obj
                0x0800936c                FOC_Clarke_Park
 *fill*         0x0800940c        0x4 
 .text.FOC_SVPWM
                0x08009410      0x218 CMakeFiles/TwisterDriver.elf.dir/UserApp/FOC/FOC.c.obj
                0x08009410                FOC_SVPWM
 .text.FOC_current_control_loop
                0x08009628       0xdc CMakeFiles/TwisterDriver.elf.dir/UserApp/FOC/FOC.c.obj
                0x08009628                FOC_current_control_loop
 .text.FOC_setVelocity_currentControl
                0x08009704       0xa0 CMakeFiles/TwisterDriver.elf.dir/UserApp/FOC/FOC.c.obj
                0x08009704                FOC_setVelocity_currentControl
 .text.movingAverageFilter
                0x080097a4       0x3e CMakeFiles/TwisterDriver.elf.dir/UserApp/FOC/Filter.c.obj
                0x080097a4                movingAverageFilter
 *fill*         0x080097e2        0x2 
 .text.Low_Pass_Filter
                0x080097e4       0x74 CMakeFiles/TwisterDriver.elf.dir/UserApp/FOC/Filter.c.obj
                0x080097e4                Low_Pass_Filter
 .text._init3PWM
                0x08009858       0x40 CMakeFiles/TwisterDriver.elf.dir/UserApp/FOC/hardware_api.c.obj
                0x08009858                _init3PWM
 .text._writeDutyCycle3PWM_1
                0x08009898       0x38 CMakeFiles/TwisterDriver.elf.dir/UserApp/FOC/hardware_api.c.obj
                0x08009898                _writeDutyCycle3PWM_1
 .text._writeDutyCycle3PWM_2
                0x080098d0       0x38 CMakeFiles/TwisterDriver.elf.dir/UserApp/FOC/hardware_api.c.obj
                0x080098d0                _writeDutyCycle3PWM_2
 .text._initCurrentSample
                0x08009908       0x30 CMakeFiles/TwisterDriver.elf.dir/UserApp/FOC/hardware_api.c.obj
                0x08009908                _initCurrentSample
 .text._getCurrentZeroValue
                0x08009938       0xa0 CMakeFiles/TwisterDriver.elf.dir/UserApp/FOC/hardware_api.c.obj
                0x08009938                _getCurrentZeroValue
 .text._currentGetValue
                0x080099d8       0x84 CMakeFiles/TwisterDriver.elf.dir/UserApp/FOC/hardware_api.c.obj
                0x080099d8                _currentGetValue
 .text._currentGetValue2
                0x08009a5c       0x84 CMakeFiles/TwisterDriver.elf.dir/UserApp/FOC/hardware_api.c.obj
                0x08009a5c                _currentGetValue2
 .text.Pid_Init
                0x08009ae0        0xe CMakeFiles/TwisterDriver.elf.dir/UserApp/FOC/my_PID.c.obj
                0x08009ae0                Pid_Init
 *fill*         0x08009aee        0x2 
 .text.Pid_Value_Init
                0x08009af0      0x168 CMakeFiles/TwisterDriver.elf.dir/UserApp/FOC/my_PID.c.obj
                0x08009af0                Pid_Value_Init
 .text.Position_Pid_Calculate
                0x08009c58       0xea CMakeFiles/TwisterDriver.elf.dir/UserApp/FOC/my_PID.c.obj
                0x08009c58                Position_Pid_Calculate
 *fill*         0x08009d42        0x2 
 .text.mt6701_read_reg
                0x08009d44       0x24 CMakeFiles/TwisterDriver.elf.dir/UserApp/MT6701/MT6701.c.obj
                0x08009d44                mt6701_read_reg
 .text.mt6701_read_reg_2
                0x08009d68       0x24 CMakeFiles/TwisterDriver.elf.dir/UserApp/MT6701/MT6701.c.obj
                0x08009d68                mt6701_read_reg_2
 .text.i2c_mt6701_get_angle
                0x08009d8c       0x60 CMakeFiles/TwisterDriver.elf.dir/UserApp/MT6701/MT6701.c.obj
                0x08009d8c                i2c_mt6701_get_angle
 .text.i2c2_mt6701_get_angle
                0x08009dec       0x60 CMakeFiles/TwisterDriver.elf.dir/UserApp/MT6701/MT6701.c.obj
                0x08009dec                i2c2_mt6701_get_angle
 .text.getAngle2Pulse
                0x08009e4c        0x6 CMakeFiles/TwisterDriver.elf.dir/UserApp/Servo/Servo.c.obj
                0x08009e4c                getAngle2Pulse
 .text.move2TargetAngle
                0x08009e52       0x80 CMakeFiles/TwisterDriver.elf.dir/UserApp/Servo/Servo.c.obj
                0x08009e52                move2TargetAngle
 *fill*         0x08009ed2        0x2 
 .text.setAngle_270
                0x08009ed4       0x98 CMakeFiles/TwisterDriver.elf.dir/UserApp/Servo/Servo.c.obj
                0x08009ed4                setAngle_270
 .text.Servo_Create
                0x08009f6c       0x40 CMakeFiles/TwisterDriver.elf.dir/UserApp/Servo/Servo.c.obj
                0x08009f6c                Servo_Create
 .text.Servo_init
                0x08009fac       0x94 CMakeFiles/TwisterDriver.elf.dir/UserApp/Servo/Servo.c.obj
                0x08009fac                Servo_init
 .text.case_insensitive_strcmp
                0x0800a040       0x60 CMakeFiles/TwisterDriver.elf.dir/UserApp/cJSON/cJSON.c.obj
 .text.get_decimal_point
                0x0800a0a0        0x4 CMakeFiles/TwisterDriver.elf.dir/UserApp/cJSON/cJSON.c.obj
 .text.compare_double
                0x0800a0a4       0x60 CMakeFiles/TwisterDriver.elf.dir/UserApp/cJSON/cJSON.c.obj
 .text.parse_hex4
                0x0800a104       0x4c CMakeFiles/TwisterDriver.elf.dir/UserApp/cJSON/cJSON.c.obj
 .text.utf16_literal_to_utf8
                0x0800a150       0xec CMakeFiles/TwisterDriver.elf.dir/UserApp/cJSON/cJSON.c.obj
 .text.parse_string
                0x0800a23c      0x15c CMakeFiles/TwisterDriver.elf.dir/UserApp/cJSON/cJSON.c.obj
 .text.buffer_skip_whitespace
                0x0800a398       0x3e CMakeFiles/TwisterDriver.elf.dir/UserApp/cJSON/cJSON.c.obj
 .text.suffix_object
                0x0800a3d6        0x6 CMakeFiles/TwisterDriver.elf.dir/UserApp/cJSON/cJSON.c.obj
 .text.add_item_to_array
                0x0800a3dc       0x3c CMakeFiles/TwisterDriver.elf.dir/UserApp/cJSON/cJSON.c.obj
 .text.cast_away_const
                0x0800a418        0x2 CMakeFiles/TwisterDriver.elf.dir/UserApp/cJSON/cJSON.c.obj
 .text.update_offset
                0x0800a41a       0x1a CMakeFiles/TwisterDriver.elf.dir/UserApp/cJSON/cJSON.c.obj
 .text.cJSON_strdup
                0x0800a434       0x28 CMakeFiles/TwisterDriver.elf.dir/UserApp/cJSON/cJSON.c.obj
 .text.add_item_to_object
                0x0800a45c       0x72 CMakeFiles/TwisterDriver.elf.dir/UserApp/cJSON/cJSON.c.obj
 .text.ensure   0x0800a4ce       0xa6 CMakeFiles/TwisterDriver.elf.dir/UserApp/cJSON/cJSON.c.obj
 .text.cJSON_New_Item
                0x0800a574       0x18 CMakeFiles/TwisterDriver.elf.dir/UserApp/cJSON/cJSON.c.obj
 .text.skip_utf8_bom
                0x0800a58c       0x38 CMakeFiles/TwisterDriver.elf.dir/UserApp/cJSON/cJSON.c.obj
 *fill*         0x0800a5c4        0x4 
 .text.parse_number
                0x0800a5c8      0x164 CMakeFiles/TwisterDriver.elf.dir/UserApp/cJSON/cJSON.c.obj
 .text.print_string_ptr
                0x0800a72c      0x14c CMakeFiles/TwisterDriver.elf.dir/UserApp/cJSON/cJSON.c.obj
 .text.print_string
                0x0800a878        0xa CMakeFiles/TwisterDriver.elf.dir/UserApp/cJSON/cJSON.c.obj
 *fill*         0x0800a882        0x2 
 .text.print_number
                0x0800a884      0x13c CMakeFiles/TwisterDriver.elf.dir/UserApp/cJSON/cJSON.c.obj
 .text.print_value
                0x0800a9c0      0x114 CMakeFiles/TwisterDriver.elf.dir/UserApp/cJSON/cJSON.c.obj
 .text.print    0x0800aad4       0xa4 CMakeFiles/TwisterDriver.elf.dir/UserApp/cJSON/cJSON.c.obj
 .text.print_array
                0x0800ab78       0xa8 CMakeFiles/TwisterDriver.elf.dir/UserApp/cJSON/cJSON.c.obj
 .text.print_object
                0x0800ac20      0x16a CMakeFiles/TwisterDriver.elf.dir/UserApp/cJSON/cJSON.c.obj
 .text.get_object_item
                0x0800ad8a       0x4a CMakeFiles/TwisterDriver.elf.dir/UserApp/cJSON/cJSON.c.obj
 .text.cJSON_GetErrorPtr
                0x0800add4       0x10 CMakeFiles/TwisterDriver.elf.dir/UserApp/cJSON/cJSON.c.obj
                0x0800add4                cJSON_GetErrorPtr
 .text.cJSON_Delete
                0x0800ade4       0x54 CMakeFiles/TwisterDriver.elf.dir/UserApp/cJSON/cJSON.c.obj
                0x0800ade4                cJSON_Delete
 .text.parse_object
                0x0800ae38      0x130 CMakeFiles/TwisterDriver.elf.dir/UserApp/cJSON/cJSON.c.obj
 .text.parse_value
                0x0800af68      0x108 CMakeFiles/TwisterDriver.elf.dir/UserApp/cJSON/cJSON.c.obj
 .text.parse_array
                0x0800b070       0xec CMakeFiles/TwisterDriver.elf.dir/UserApp/cJSON/cJSON.c.obj
 .text.cJSON_ParseWithLengthOpts
                0x0800b15c       0xcc CMakeFiles/TwisterDriver.elf.dir/UserApp/cJSON/cJSON.c.obj
                0x0800b15c                cJSON_ParseWithLengthOpts
 .text.cJSON_ParseWithOpts
                0x0800b228       0x1c CMakeFiles/TwisterDriver.elf.dir/UserApp/cJSON/cJSON.c.obj
                0x0800b228                cJSON_ParseWithOpts
 .text.cJSON_Parse
                0x0800b244        0xc CMakeFiles/TwisterDriver.elf.dir/UserApp/cJSON/cJSON.c.obj
                0x0800b244                cJSON_Parse
 .text.cJSON_Print
                0x0800b250       0x10 CMakeFiles/TwisterDriver.elf.dir/UserApp/cJSON/cJSON.c.obj
                0x0800b250                cJSON_Print
 .text.cJSON_GetObjectItem
                0x0800b260        0xa CMakeFiles/TwisterDriver.elf.dir/UserApp/cJSON/cJSON.c.obj
                0x0800b260                cJSON_GetObjectItem
 *fill*         0x0800b26a        0x2 
 .text.cJSON_AddItemToObject
                0x0800b26c       0x18 CMakeFiles/TwisterDriver.elf.dir/UserApp/cJSON/cJSON.c.obj
                0x0800b26c                cJSON_AddItemToObject
 *fill*         0x0800b284        0x4 
 .text.cJSON_CreateNumber
                0x0800b288       0x68 CMakeFiles/TwisterDriver.elf.dir/UserApp/cJSON/cJSON.c.obj
                0x0800b288                cJSON_CreateNumber
 .text.cJSON_CreateString
                0x0800b2f0       0x34 CMakeFiles/TwisterDriver.elf.dir/UserApp/cJSON/cJSON.c.obj
                0x0800b2f0                cJSON_CreateString
 .text.cJSON_CreateObject
                0x0800b324       0x14 CMakeFiles/TwisterDriver.elf.dir/UserApp/cJSON/cJSON.c.obj
                0x0800b324                cJSON_CreateObject
 .text.res_sendHeartBeat
                0x0800b338       0x90 CMakeFiles/TwisterDriver.elf.dir/UserApp/cJsonParse/cmd_Parse.c.obj
                0x0800b338                res_sendHeartBeat
 .text.cmd_setAngularDeviation
                0x0800b3c8       0x98 CMakeFiles/TwisterDriver.elf.dir/UserApp/cJsonParse/cmd_Parse.c.obj
                0x0800b3c8                cmd_setAngularDeviation
 .text.cmd_setMotorAngle
                0x0800b460       0xe0 CMakeFiles/TwisterDriver.elf.dir/UserApp/cJsonParse/cmd_Parse.c.obj
                0x0800b460                cmd_setMotorAngle
 .text.cmd_setServoAngle
                0x0800b540      0x114 CMakeFiles/TwisterDriver.elf.dir/UserApp/cJsonParse/cmd_Parse.c.obj
                0x0800b540                cmd_setServoAngle
 *fill*         0x0800b654        0x4 
 .text.cmd_getMotorSpeed
                0x0800b658       0xac CMakeFiles/TwisterDriver.elf.dir/UserApp/cJsonParse/cmd_Parse.c.obj
                0x0800b658                cmd_getMotorSpeed
 *fill*         0x0800b704        0x4 
 .text.cmd_getMotorAngle
                0x0800b708       0xac CMakeFiles/TwisterDriver.elf.dir/UserApp/cJsonParse/cmd_Parse.c.obj
                0x0800b708                cmd_getMotorAngle
 *fill*         0x0800b7b4        0x4 
 .text.cmd_getMotorCurrent
                0x0800b7b8       0xac CMakeFiles/TwisterDriver.elf.dir/UserApp/cJsonParse/cmd_Parse.c.obj
                0x0800b7b8                cmd_getMotorCurrent
 *fill*         0x0800b864        0x4 
 .text.cmd_getSystemMode
                0x0800b868       0x6c CMakeFiles/TwisterDriver.elf.dir/UserApp/cJsonParse/cmd_Parse.c.obj
                0x0800b868                cmd_getSystemMode
 *fill*         0x0800b8d4        0x4 
 .text.cmd_setHeartBeat
                0x0800b8d8       0x98 CMakeFiles/TwisterDriver.elf.dir/UserApp/cJsonParse/cmd_Parse.c.obj
                0x0800b8d8                cmd_setHeartBeat
 .text.cmd_setFOCMode
                0x0800b970       0xec CMakeFiles/TwisterDriver.elf.dir/UserApp/cJsonParse/cmd_Parse.c.obj
                0x0800b970                cmd_setFOCMode
 *fill*         0x0800ba5c        0x4 
 .text.cmd_setIMUValue
                0x0800ba60       0xd8 CMakeFiles/TwisterDriver.elf.dir/UserApp/cJsonParse/cmd_Parse.c.obj
                0x0800ba60                cmd_setIMUValue
 .text.cmd_startParse
                0x0800bb38       0x94 CMakeFiles/TwisterDriver.elf.dir/UserApp/cJsonParse/cmd_Parse.c.obj
                0x0800bb38                cmd_startParse
 .text.angleReduce
                0x0800bbcc       0x44 CMakeFiles/TwisterDriver.elf.dir/UserApp/multiBotton/multi_button.c.obj
 .text.angleIncrease
                0x0800bc10       0x2c CMakeFiles/TwisterDriver.elf.dir/UserApp/multiBotton/multi_button.c.obj
 .text.speedReduce
                0x0800bc3c       0x2c CMakeFiles/TwisterDriver.elf.dir/UserApp/multiBotton/multi_button.c.obj
 .text.speedIncrease
                0x0800bc68       0x2c CMakeFiles/TwisterDriver.elf.dir/UserApp/multiBotton/multi_button.c.obj
 .text.speedClean
                0x0800bc94       0x14 CMakeFiles/TwisterDriver.elf.dir/UserApp/multiBotton/multi_button.c.obj
 .text.speedReverse
                0x0800bca8       0x28 CMakeFiles/TwisterDriver.elf.dir/UserApp/multiBotton/multi_button.c.obj
 .text.button_init
                0x0800bcd0       0x30 CMakeFiles/TwisterDriver.elf.dir/UserApp/multiBotton/multi_button.c.obj
                0x0800bcd0                button_init
 .text.button_attach
                0x0800bd00        0x8 CMakeFiles/TwisterDriver.elf.dir/UserApp/multiBotton/multi_button.c.obj
                0x0800bd00                button_attach
 .text.button_handler
                0x0800bd08      0x210 CMakeFiles/TwisterDriver.elf.dir/UserApp/multiBotton/multi_button.c.obj
                0x0800bd08                button_handler
 .text.button_start
                0x0800bf18       0x24 CMakeFiles/TwisterDriver.elf.dir/UserApp/multiBotton/multi_button.c.obj
                0x0800bf18                button_start
 .text.button_ticks
                0x0800bf3c       0x1c CMakeFiles/TwisterDriver.elf.dir/UserApp/multiBotton/multi_button.c.obj
                0x0800bf3c                button_ticks
 .text.read_KEY1_GPIO
                0x0800bf58       0x14 CMakeFiles/TwisterDriver.elf.dir/UserApp/multiBotton/multi_button.c.obj
                0x0800bf58                read_KEY1_GPIO
 .text.read_KEY2_GPIO
                0x0800bf6c       0x14 CMakeFiles/TwisterDriver.elf.dir/UserApp/multiBotton/multi_button.c.obj
                0x0800bf6c                read_KEY2_GPIO
 .text.read_KEY3_GPIO
                0x0800bf80       0x14 CMakeFiles/TwisterDriver.elf.dir/UserApp/multiBotton/multi_button.c.obj
                0x0800bf80                read_KEY3_GPIO
 .text.read_KEY4_GPIO
                0x0800bf94       0x14 CMakeFiles/TwisterDriver.elf.dir/UserApp/multiBotton/multi_button.c.obj
                0x0800bf94                read_KEY4_GPIO
 .text.read_KEY5_GPIO
                0x0800bfa8       0x14 CMakeFiles/TwisterDriver.elf.dir/UserApp/multiBotton/multi_button.c.obj
                0x0800bfa8                read_KEY5_GPIO
 .text.read_KEY6_GPIO
                0x0800bfbc       0x10 CMakeFiles/TwisterDriver.elf.dir/UserApp/multiBotton/multi_button.c.obj
                0x0800bfbc                read_KEY6_GPIO
 .text.KEY1_PRESS_DOWN_Handler
                0x0800bfcc        0x8 CMakeFiles/TwisterDriver.elf.dir/UserApp/multiBotton/multi_button.c.obj
                0x0800bfcc                KEY1_PRESS_DOWN_Handler
 .text.KEY2_PRESS_DOWN_Handler
                0x0800bfd4        0x8 CMakeFiles/TwisterDriver.elf.dir/UserApp/multiBotton/multi_button.c.obj
                0x0800bfd4                KEY2_PRESS_DOWN_Handler
 .text.KEY3_PRESS_DOWN_Handler
                0x0800bfdc        0x8 CMakeFiles/TwisterDriver.elf.dir/UserApp/multiBotton/multi_button.c.obj
                0x0800bfdc                KEY3_PRESS_DOWN_Handler
 .text.KEY4_PRESS_DOWN_Handler
                0x0800bfe4        0x8 CMakeFiles/TwisterDriver.elf.dir/UserApp/multiBotton/multi_button.c.obj
                0x0800bfe4                KEY4_PRESS_DOWN_Handler
 .text.KEY5_PRESS_DOWN_Handler
                0x0800bfec        0x8 CMakeFiles/TwisterDriver.elf.dir/UserApp/multiBotton/multi_button.c.obj
                0x0800bfec                KEY5_PRESS_DOWN_Handler
 .text.KEY6_PRESS_DOWN_Handler
                0x0800bff4        0x8 CMakeFiles/TwisterDriver.elf.dir/UserApp/multiBotton/multi_button.c.obj
                0x0800bff4                KEY6_PRESS_DOWN_Handler
 .text.uart_printf
                0x0800bffc       0x48 CMakeFiles/TwisterDriver.elf.dir/UserApp/retarget/retarget.c.obj
                0x0800bffc                uart_printf
 .text.uart3_printf
                0x0800c044       0x64 CMakeFiles/TwisterDriver.elf.dir/UserApp/retarget/retarget.c.obj
                0x0800c044                uart3_printf
 .text.__errno  0x0800c0a8        0xc e:/compiler/bin/../lib/gcc/arm-none-eabi/10.2.1/../../../../arm-none-eabi/lib/thumb/v7e-m+fp/hard\libg.a(lib_a-errno.o)
                0x0800c0a8                __errno
 .text.__libc_init_array
                0x0800c0b4       0x48 e:/compiler/bin/../lib/gcc/arm-none-eabi/10.2.1/../../../../arm-none-eabi/lib/thumb/v7e-m+fp/hard\libg.a(lib_a-init.o)
                0x0800c0b4                __libc_init_array
 .text.malloc   0x0800c0fc       0x10 e:/compiler/bin/../lib/gcc/arm-none-eabi/10.2.1/../../../../arm-none-eabi/lib/thumb/v7e-m+fp/hard\libg.a(lib_a-malloc.o)
                0x0800c0fc                malloc
 .text.free     0x0800c10c       0x10 e:/compiler/bin/../lib/gcc/arm-none-eabi/10.2.1/../../../../arm-none-eabi/lib/thumb/v7e-m+fp/hard\libg.a(lib_a-malloc.o)
                0x0800c10c                free
 .text._malloc_r
                0x0800c11c      0x560 e:/compiler/bin/../lib/gcc/arm-none-eabi/10.2.1/../../../../arm-none-eabi/lib/thumb/v7e-m+fp/hard\libg.a(lib_a-mallocr.o)
                0x0800c11c                _malloc_r
 .text.memset   0x0800c67c       0xa4 e:/compiler/bin/../lib/gcc/arm-none-eabi/10.2.1/../../../../arm-none-eabi/lib/thumb/v7e-m+fp/hard\libg.a(lib_a-memset.o)
                0x0800c67c                memset
 .text.__malloc_lock
                0x0800c720        0xc e:/compiler/bin/../lib/gcc/arm-none-eabi/10.2.1/../../../../arm-none-eabi/lib/thumb/v7e-m+fp/hard\libg.a(lib_a-mlock.o)
                0x0800c720                __malloc_lock
 .text.__malloc_unlock
                0x0800c72c        0xc e:/compiler/bin/../lib/gcc/arm-none-eabi/10.2.1/../../../../arm-none-eabi/lib/thumb/v7e-m+fp/hard\libg.a(lib_a-mlock.o)
                0x0800c72c                __malloc_unlock
 .text.realloc  0x0800c738       0x18 e:/compiler/bin/../lib/gcc/arm-none-eabi/10.2.1/../../../../arm-none-eabi/lib/thumb/v7e-m+fp/hard\libg.a(lib_a-realloc.o)
                0x0800c738                realloc
 .text._realloc_r
                0x0800c750      0x3d8 e:/compiler/bin/../lib/gcc/arm-none-eabi/10.2.1/../../../../arm-none-eabi/lib/thumb/v7e-m+fp/hard\libg.a(lib_a-reallocr.o)
                0x0800c750                _realloc_r
 .text._sbrk_r  0x0800cb28       0x24 e:/compiler/bin/../lib/gcc/arm-none-eabi/10.2.1/../../../../arm-none-eabi/lib/thumb/v7e-m+fp/hard\libg.a(lib_a-sbrkr.o)
                0x0800cb28                _sbrk_r
 .text.sprintf  0x0800cb4c       0x40 e:/compiler/bin/../lib/gcc/arm-none-eabi/10.2.1/../../../../arm-none-eabi/lib/thumb/v7e-m+fp/hard\libg.a(lib_a-sprintf.o)
                0x0800cb4c                sprintf
 .text.sscanf   0x0800cb8c       0x58 e:/compiler/bin/../lib/gcc/arm-none-eabi/10.2.1/../../../../arm-none-eabi/lib/thumb/v7e-m+fp/hard\libg.a(lib_a-sscanf.o)
                0x0800cb8c                sscanf
 .text.__sread  0x0800cbe4       0x24 e:/compiler/bin/../lib/gcc/arm-none-eabi/10.2.1/../../../../arm-none-eabi/lib/thumb/v7e-m+fp/hard\libg.a(lib_a-stdio.o)
                0x0800cbe4                __sread
 .text.__seofread
                0x0800cc08        0x4 e:/compiler/bin/../lib/gcc/arm-none-eabi/10.2.1/../../../../arm-none-eabi/lib/thumb/v7e-m+fp/hard\libg.a(lib_a-stdio.o)
                0x0800cc08                __seofread
 .text.__swrite
                0x0800cc0c       0x40 e:/compiler/bin/../lib/gcc/arm-none-eabi/10.2.1/../../../../arm-none-eabi/lib/thumb/v7e-m+fp/hard\libg.a(lib_a-stdio.o)
                0x0800cc0c                __swrite
 .text.__sseek  0x0800cc4c       0x20 e:/compiler/bin/../lib/gcc/arm-none-eabi/10.2.1/../../../../arm-none-eabi/lib/thumb/v7e-m+fp/hard\libg.a(lib_a-stdio.o)
                0x0800cc4c                __sseek
 .text.__sclose
                0x0800cc6c        0x8 e:/compiler/bin/../lib/gcc/arm-none-eabi/10.2.1/../../../../arm-none-eabi/lib/thumb/v7e-m+fp/hard\libg.a(lib_a-stdio.o)
                0x0800cc6c                __sclose
 .text.strncmp  0x0800cc74       0x80 e:/compiler/bin/../lib/gcc/arm-none-eabi/10.2.1/../../../../arm-none-eabi/lib/thumb/v7e-m+fp/hard\libg.a(lib_a-strncmp.o)
                0x0800cc74                strncmp
 .text.strncpy  0x0800ccf4       0x64 e:/compiler/bin/../lib/gcc/arm-none-eabi/10.2.1/../../../../arm-none-eabi/lib/thumb/v7e-m+fp/hard\libg.a(lib_a-strncpy.o)
                0x0800ccf4                strncpy
 .text._strtod_l
                0x0800cd58      0xf50 e:/compiler/bin/../lib/gcc/arm-none-eabi/10.2.1/../../../../arm-none-eabi/lib/thumb/v7e-m+fp/hard\libg.a(lib_a-strtod.o)
                0x0800cd58                _strtod_l
 .text._strtod_r
                0x0800dca8        0xc e:/compiler/bin/../lib/gcc/arm-none-eabi/10.2.1/../../../../arm-none-eabi/lib/thumb/v7e-m+fp/hard\libg.a(lib_a-strtod.o)
                0x0800dca8                _strtod_r
 .text.strtod   0x0800dcb4       0x20 e:/compiler/bin/../lib/gcc/arm-none-eabi/10.2.1/../../../../arm-none-eabi/lib/thumb/v7e-m+fp/hard\libg.a(lib_a-strtod.o)
                0x0800dcb4                strtod
 *fill*         0x0800dcd4        0x4 
 .text._svfprintf_r
                0x0800dcd8     0x1adc e:/compiler/bin/../lib/gcc/arm-none-eabi/10.2.1/../../../../arm-none-eabi/lib/thumb/v7e-m+fp/hard\libg.a(lib_a-svfprintf.o)
                0x0800dcd8                _svfprintf_r
 .text.__ssvfscanf_r
                0x0800f7b4     0x16dc e:/compiler/bin/../lib/gcc/arm-none-eabi/10.2.1/../../../../arm-none-eabi/lib/thumb/v7e-m+fp/hard\libg.a(lib_a-svfscanf.o)
                0x0800f7b4                __ssvfscanf_r
 .text.vsnprintf
                0x08010e90       0x70 e:/compiler/bin/../lib/gcc/arm-none-eabi/10.2.1/../../../../arm-none-eabi/lib/thumb/v7e-m+fp/hard\libg.a(lib_a-vsnprintf.o)
                0x08010e90                vsnprintf
 .text._write_r
                0x08010f00       0x2c e:/compiler/bin/../lib/gcc/arm-none-eabi/10.2.1/../../../../arm-none-eabi/lib/thumb/v7e-m+fp/hard\libg.a(lib_a-writer.o)
                0x08010f00                _write_r
 .text.startup.register_fini
                0x08010f2c       0x14 e:/compiler/bin/../lib/gcc/arm-none-eabi/10.2.1/../../../../arm-none-eabi/lib/thumb/v7e-m+fp/hard\libg.a(lib_a-__call_atexit.o)
 .text.atexit   0x08010f40        0xc e:/compiler/bin/../lib/gcc/arm-none-eabi/10.2.1/../../../../arm-none-eabi/lib/thumb/v7e-m+fp/hard\libg.a(lib_a-atexit.o)
                0x08010f40                atexit
 .text._close_r
                0x08010f4c       0x24 e:/compiler/bin/../lib/gcc/arm-none-eabi/10.2.1/../../../../arm-none-eabi/lib/thumb/v7e-m+fp/hard\libg.a(lib_a-closer.o)
                0x08010f4c                _close_r
 .text.quorem   0x08010f70      0x128 e:/compiler/bin/../lib/gcc/arm-none-eabi/10.2.1/../../../../arm-none-eabi/lib/thumb/v7e-m+fp/hard\libg.a(lib_a-dtoa.o)
 .text._dtoa_r  0x08011098      0xf40 e:/compiler/bin/../lib/gcc/arm-none-eabi/10.2.1/../../../../arm-none-eabi/lib/thumb/v7e-m+fp/hard\libg.a(lib_a-dtoa.o)
                0x08011098                _dtoa_r
 .text.__libc_fini_array
                0x08011fd8       0x2c e:/compiler/bin/../lib/gcc/arm-none-eabi/10.2.1/../../../../arm-none-eabi/lib/thumb/v7e-m+fp/hard\libg.a(lib_a-fini.o)
                0x08011fd8                __libc_fini_array
 .text._malloc_trim_r
                0x08012004       0xa0 e:/compiler/bin/../lib/gcc/arm-none-eabi/10.2.1/../../../../arm-none-eabi/lib/thumb/v7e-m+fp/hard\libg.a(lib_a-freer.o)
                0x08012004                _malloc_trim_r
 .text._free_r  0x080120a4      0x20c e:/compiler/bin/../lib/gcc/arm-none-eabi/10.2.1/../../../../arm-none-eabi/lib/thumb/v7e-m+fp/hard\libg.a(lib_a-freer.o)
                0x080120a4                _free_r
 .text.rshift   0x080122b0       0xa4 e:/compiler/bin/../lib/gcc/arm-none-eabi/10.2.1/../../../../arm-none-eabi/lib/thumb/v7e-m+fp/hard\libg.a(lib_a-gdtoa-gethex.o)
 .text.__gethex
                0x08012354      0x5dc e:/compiler/bin/../lib/gcc/arm-none-eabi/10.2.1/../../../../arm-none-eabi/lib/thumb/v7e-m+fp/hard\libg.a(lib_a-gdtoa-gethex.o)
                0x08012354                __gethex
 .text.__match  0x08012930       0x38 e:/compiler/bin/../lib/gcc/arm-none-eabi/10.2.1/../../../../arm-none-eabi/lib/thumb/v7e-m+fp/hard\libg.a(lib_a-gdtoa-hexnan.o)
                0x08012930                __match
 .text.__hexnan
                0x08012968      0x1ac e:/compiler/bin/../lib/gcc/arm-none-eabi/10.2.1/../../../../arm-none-eabi/lib/thumb/v7e-m+fp/hard\libg.a(lib_a-gdtoa-hexnan.o)
                0x08012968                __hexnan
 .text.iswspace
                0x08012b14        0x8 e:/compiler/bin/../lib/gcc/arm-none-eabi/10.2.1/../../../../arm-none-eabi/lib/thumb/v7e-m+fp/hard\libg.a(lib_a-iswspace.o)
                0x08012b14                iswspace
 .text.iswspace_l
                0x08012b1c       0x14 e:/compiler/bin/../lib/gcc/arm-none-eabi/10.2.1/../../../../arm-none-eabi/lib/thumb/v7e-m+fp/hard\libg.a(lib_a-iswspace_l.o)
                0x08012b1c                iswspace_l
 .text.__locale_mb_cur_max
                0x08012b30        0xc e:/compiler/bin/../lib/gcc/arm-none-eabi/10.2.1/../../../../arm-none-eabi/lib/thumb/v7e-m+fp/hard\libg.a(lib_a-locale.o)
                0x08012b30                __locale_mb_cur_max
 .text._localeconv_r
                0x08012b3c        0x8 e:/compiler/bin/../lib/gcc/arm-none-eabi/10.2.1/../../../../arm-none-eabi/lib/thumb/v7e-m+fp/hard\libg.a(lib_a-localeconv.o)
                0x08012b3c                _localeconv_r
 .text.__retarget_lock_init_recursive
                0x08012b44        0x4 e:/compiler/bin/../lib/gcc/arm-none-eabi/10.2.1/../../../../arm-none-eabi/lib/thumb/v7e-m+fp/hard\libg.a(lib_a-lock.o)
                0x08012b44                __retarget_lock_init_recursive
 .text.__retarget_lock_close_recursive
                0x08012b48        0x4 e:/compiler/bin/../lib/gcc/arm-none-eabi/10.2.1/../../../../arm-none-eabi/lib/thumb/v7e-m+fp/hard\libg.a(lib_a-lock.o)
                0x08012b48                __retarget_lock_close_recursive
 .text.__retarget_lock_acquire_recursive
                0x08012b4c        0x4 e:/compiler/bin/../lib/gcc/arm-none-eabi/10.2.1/../../../../arm-none-eabi/lib/thumb/v7e-m+fp/hard\libg.a(lib_a-lock.o)
                0x08012b4c                __retarget_lock_acquire_recursive
 .text.__retarget_lock_release_recursive
                0x08012b50        0x4 e:/compiler/bin/../lib/gcc/arm-none-eabi/10.2.1/../../../../arm-none-eabi/lib/thumb/v7e-m+fp/hard\libg.a(lib_a-lock.o)
                0x08012b50                __retarget_lock_release_recursive
 .text._lseek_r
                0x08012b54       0x2c e:/compiler/bin/../lib/gcc/arm-none-eabi/10.2.1/../../../../arm-none-eabi/lib/thumb/v7e-m+fp/hard\libg.a(lib_a-lseekr.o)
                0x08012b54                _lseek_r
 .text._mbrtowc_r
                0x08012b80       0x44 e:/compiler/bin/../lib/gcc/arm-none-eabi/10.2.1/../../../../arm-none-eabi/lib/thumb/v7e-m+fp/hard\libg.a(lib_a-mbrtowc.o)
                0x08012b80                _mbrtowc_r
 .text.__ascii_mbtowc
                0x08012bc4       0x2c e:/compiler/bin/../lib/gcc/arm-none-eabi/10.2.1/../../../../arm-none-eabi/lib/thumb/v7e-m+fp/hard\libg.a(lib_a-mbtowc_r.o)
                0x08012bc4                __ascii_mbtowc
 .text.memmove  0x08012bf0       0xf8 e:/compiler/bin/../lib/gcc/arm-none-eabi/10.2.1/../../../../arm-none-eabi/lib/thumb/v7e-m+fp/hard\libg.a(lib_a-memmove.o)
                0x08012bf0                memmove
 .text._Balloc  0x08012ce8       0x4c e:/compiler/bin/../lib/gcc/arm-none-eabi/10.2.1/../../../../arm-none-eabi/lib/thumb/v7e-m+fp/hard\libg.a(lib_a-mprec.o)
                0x08012ce8                _Balloc
 .text._Bfree   0x08012d34       0x14 e:/compiler/bin/../lib/gcc/arm-none-eabi/10.2.1/../../../../arm-none-eabi/lib/thumb/v7e-m+fp/hard\libg.a(lib_a-mprec.o)
                0x08012d34                _Bfree
 .text.__multadd
                0x08012d48       0xa8 e:/compiler/bin/../lib/gcc/arm-none-eabi/10.2.1/../../../../arm-none-eabi/lib/thumb/v7e-m+fp/hard\libg.a(lib_a-mprec.o)
                0x08012d48                __multadd
 .text.__s2b    0x08012df0       0xb4 e:/compiler/bin/../lib/gcc/arm-none-eabi/10.2.1/../../../../arm-none-eabi/lib/thumb/v7e-m+fp/hard\libg.a(lib_a-mprec.o)
                0x08012df0                __s2b
 .text.__hi0bits